<html>
<body>
<pre>
<h1>µVision Build Log</h1>
<h2>Tool Versions:</h2>
IDE-Version: •ÏVision V5.38.0.0
Copyright (C) 2022 ARM Ltd and ARM Germany GmbH. All rights reserved.
License Information: changju lee, pusan national university, LIC=R7GFS-5YVK5-MBIED-LR9Y6-IEFBD-8VHKB
 
Tool Versions:
Toolchain:       MDK-ARM Community  Version: 5.38.0.0
Toolchain Path:  D:\Program Files\Keil_v5\ARM\ARMCLANG\Bin
C Compiler:      ArmClang.exe V6.19
Assembler:       Armasm.exe V6.19
Linker/Locator:  ArmLink.exe V6.19
Library Manager: ArmAr.exe V6.19
Hex Converter:   FromElf.exe V6.19
CPU DLL:         SARMCM3.DLL V5.38.0.0
Dialog DLL:      DARMSTM.DLL V1.69.1.0
Target DLL:      Segger\JL2CM3.dll V2.99.42.0
Dialog DLL:      TARMSTM.DLL V1.67.1.0
 
<h2>Project:</h2>
D:\projects\stm32_NAS\EvalBoards\Micrium\uC-Eval-STM32F107\uCOS-III\KeilMDK\uCOS-III.uvproj
Project File Date:  12/03/2023

<h2>Output:</h2>
*** Using Compiler 'V6.19', folder: 'D:\Program Files\Keil_v5\ARM\ARMCLANG\Bin'
Rebuild target 'FLASH'
compiling os_app_hooks.c...
compiling netdatapack.c...
compiling sample_http.c...
compiling sample_TTCP.c...
compiling app.c...
compiling netio.c...
compiling tcpclient.c...
compiling tcpecho.c...
compiling udpecho.c...
compiling udpclient.c...
compiling udpserver.c...
compiling tcpserver.c...
compiling tcpmultiserver.c...
compiling tcpserver2.c...
compiling bsp.c...
compiling bsp_i2c.c...
compiling bsp_periph.c...
assembling cstartup.s...
compiling bsp_stlm75.c...
../../BSP/OS/uCOS-III/bsp_os.c(188): warning: expression which evaluates to zero treated as a null pointer constant of type 'CPU_TS *' (aka 'unsigned int *') [-Wnon-literal-null-conversion]
              (CPU_TS  )0,
              ^~~~~~~~~~~
1 warning generated.
compiling bsp_os.c...
../../BSP/bsp_ser.c(266): warning: implicitly declaring library function 'vsnprintf' with type 'int (char *, unsigned int, const char *, __builtin_va_list)' [-Wimplicit-function-declaration]
   (void)vsnprintf((char       *)&buf_str[0],
         ^
../../BSP/bsp_ser.c(266): note: include the header <stdio.h> or explicitly provide a declaration for 'vsnprintf'
1 warning generated.
compiling bsp_ser.c...
compiling bsp_int.c...
compiling cpu_core.c...
compiling lib_math.c...
compiling lib_ascii.c...
ArmClang: warning: argument unused during compilation: '-D __UVISION_VERSION=538' [-Wunused-command-line-argument]
assembling cpu_a.asm...
compiling cpu_c.c...
ArmClang: warning: argument unused during compilation: '-D __UVISION_VERSION=538' [-Wunused-command-line-argument]
assembling lib_mem_a.asm...
compiling os_cfg_app.c...
compiling lib_mem.c...
compiling lib_str.c...
compiling os_int.c...
compiling os_flag.c...
compiling os_mem.c...
compiling os_msg.c...
compiling os_core.c...
compiling os_prio.c...
compiling os_pend_multi.c...
compiling os_mutex.c...
compiling os_sem.c...
compiling os_q.c...
compiling os_stat.c...
compiling os_time.c...
compiling os_tick.c...
compiling os_dbg.c...
compiling os_var.c...
compiling os_tmr.c...
assembling os_cpu_a.s...
compiling os_task.c...
compiling os_cpu_c.c...
compiling stm32f10x_crc.c...
compiling stm32f10x_bkp.c...
compiling stm32f10x_dac.c...
compiling stm32f10x_adc.c...
compiling stm32f10x_dbgmcu.c...
compiling stm32f10x_can.c...
compiling stm32_eth.c...
compiling stm32f10x_exti.c...
compiling stm32f10x_dma.c...
compiling stm32f10x_gpio.c...
compiling stm32f10x_fsmc.c...
compiling stm32f10x_i2c.c...
compiling stm32f10x_iwdg.c...
compiling stm32f10x_lib.c...
compiling stm32f10x_rcc.c...
compiling stm32f10x_flash.c...
compiling stm32f10x_rtc.c...
compiling stm32f10x_sdio.c...
compiling stm32f10x_spi.c...
compiling stm32f10x_systick.c...
compiling stm32f10x_wwdg.c...
compiling stm32f10x_usart.c...
compiling stm32f10x_tim.c...
compiling lwIP.c...
compiling sys_arch.c...
compiling err.c...
compiling api_lib.c...
compiling ethernetif.c...
compiling netbuf.c...
compiling netdb.c...
compiling netifapi.c...
compiling api_msg.c...
compiling dhcp.c...
compiling dns.c...
compiling tcpip.c...
compiling mem.c...
compiling init.c...
compiling memp.c...
compiling netif.c...
compiling sockets.c...
compiling stats.c...
compiling raw.c...
compiling pbuf.c...
compiling sys.c...
compiling autoip.c...
compiling igmp.c...
compiling tcp.c...
compiling icmp.c...
compiling tcp_out.c...
compiling udp.c...
compiling tcp_in.c...
compiling inet.c...
compiling inet_chksum.c...
compiling ip_addr.c...
compiling asn1_dec.c...
compiling asn1_enc.c...
compiling ip_frag.c...
compiling mib2.c...
compiling mib_structs.c...
compiling ip.c...
compiling msg_in.c...
compiling loopif.c...
compiling auth.c...
compiling chap.c...
compiling slipif.c...
compiling fsm.c...
compiling chpms.c...
compiling etharp.c...
compiling ipcp.c...
compiling magic.c...
compiling lcp.c...
compiling ppp.c...
compiling md5.c...
compiling pap.c...
compiling ppp_oe.c...
compiling randm.c...
compiling vj.c...
linking...
Program Size: Code=98352 RO-data=2784 RW-data=12 ZI-data=62012  
".\Output\OS.axf" - 0 Error(s), 4 Warning(s).
Build Time Elapsed:  00:00:10
</pre>
</body>
</html>
