<html>
<body>
<pre>
<h1>µVision Build Log</h1>
<h2>Tool Versions:</h2>
IDE-Version: •ÏVision V5.38.0.0
Copyright (C) 2022 ARM Ltd and ARM Germany GmbH. All rights reserved.
License Information: changju lee, pusan national university, LIC=R7GFS-5YVK5-MBIED-LR9Y6-IEFBD-8VHKB
 
Tool Versions:
Toolchain:       MDK-ARM Community  Version: 5.38.0.0
Toolchain Path:  D:\Program Files\Keil_v5\ARM\ARMCLANG\Bin
C Compiler:      ArmClang.exe V6.19
Assembler:       Armasm.exe V6.19
Linker/Locator:  ArmLink.exe V6.19
Library Manager: ArmAr.exe V6.19
Hex Converter:   FromElf.exe V6.19
CPU DLL:         SARMCM3.DLL V5.38.0.0
Dialog DLL:      DARMSTM.DLL V1.69.1.0
Target DLL:      Segger\JL2CM3.dll V2.99.42.0
Dialog DLL:      TARMSTM.DLL V1.67.1.0
 
<h2>Project:</h2>
D:\projects\stm32_NAS\EvalBoards\Micrium\uC-Eval-STM32F107\uCOS-III\KeilMDK\uCOS-III.uvproj
Project File Date:  12/03/2023

<h2>Output:</h2>
*** Using Compiler 'V6.19', folder: 'D:\Program Files\Keil_v5\ARM\ARMCLANG\Bin'
Build target 'FLASH'
compiling udpecho.c...
compiling tcpecho.c...
compiling sample_TTCP.c...
../../BSP/bsp_ser.c(266): warning: implicitly declaring library function 'vsnprintf' with type 'int (char *, unsigned int, const char *, __builtin_va_list)' [-Wimplicit-function-declaration]
   (void)vsnprintf((char       *)&buf_str[0],
         ^
../../BSP/bsp_ser.c(266): note: include the header <stdio.h> or explicitly provide a declaration for 'vsnprintf'
1 warning generated.
compiling bsp_ser.c...
compiling lwIP.c...
compiling netio.c...
compiling sample_http.c...
../../../../../lwIP/port/sys_arch.c(255): warning: address of stack memory associated with local variable 'new_sem' returned [-Wreturn-stack-address]
    return &new_sem;
            ^~~~~~~
1 warning generated.
compiling sys_arch.c...
compiling api_lib.c...
compiling ethernetif.c...
compiling init.c...
compiling tcpip.c...
compiling api_msg.c...
compiling mem.c...
compiling memp.c...
compiling netif.c...
compiling sockets.c...
compiling sys.c...
compiling pbuf.c...
compiling ppp.c...
compiling ip.c...
compiling tcp_out.c...
compiling tcp.c...
compiling tcp_in.c...
linking...
Program Size: Code=102560 RO-data=3028 RW-data=12 ZI-data=54364  
".\Output\OS.axf" - 0 Error(s), 2 Warning(s).
Build Time Elapsed:  00:00:04
</pre>
</body>
</html>
