Component: Arm Compiler for Embedded 6.19 Tool: armlink [5e73cb00]

==============================================================================

Section Cross References

    app.o(.text) refers to bsp_int.o(.text) for BSP_IntDisAll
    app.o(.text) refers to os_core.o(.text) for OSInit
    app.o(.text) refers to app.o(.bss.AppTaskStartStk) for AppTaskStartStk
    app.o(.text) refers to app.o(.bss.AppTaskStartTCB) for AppTaskStartTCB
    app.o(.text) refers to os_task.o(.text) for OSTaskCreate
    app.o(.text) refers to bsp.o(.text) for BSP_Init
    app.o(.text) refers to cpu_core.o(.text) for CPU_Init
    app.o(.text) refers to os_cfg_app.o(.rodata.OSCfg_TickRate_Hz) for OSCfg_TickRate_Hz
    app.o(.text) refers to os_cpu_c.o(.text) for OS_CPU_SysTickInit
    app.o(.text) refers to lib_mem.o(.text) for Mem_Init
    app.o(.text) refers to app.o(.bss.MemPool) for MemPool
    app.o(.text) refers to app.o(.bss.memPoolStorage) for memPoolStorage
    app.o(.text) refers to os_mem.o(.text) for OSMemCreate
    app.o(.text) refers to app.o(.bss.sensorsFLAG) for sensorsFLAG
    app.o(.text) refers to os_flag.o(.text) for OSFlagCreate
    app.o(.text) refers to bsp_ser.o(.text) for BSP_Ser_Init
    app.o(.text) refers to stm32f10x_rcc.o(.text) for RCC_APB2PeriphClockCmd
    app.o(.text) refers to stm32f10x_usart.o(.text) for USART_Cmd
    app.o(.text) refers to stm32f10x_nvic.o(.text) for NVIC_Init
    app.o(.text) refers to stm32f10x_gpio.o(.text) for GPIO_Init
    app.o(.text) refers to stm32f10x_exti.o(.text) for EXTI_Init
    app.o(.text) refers to app.o(.bss.cliSTK) for cliSTK
    app.o(.text) refers to app.o(.bss.cliTCB) for cliTCB
    app.o(.text) refers to app.o(.bss.volcanoDetectHandlerSTK) for volcanoDetectHandlerSTK
    app.o(.text) refers to app.o(.bss.volcanoDetectHandlerTCB) for volcanoDetectHandlerTCB
    app.o(.text) refers to os_time.o(.text) for OSTimeDlyHMSM
    app.o(.text) refers to app.o(.bss.head) for head
    app.o(.text) refers to app.o(.bss.cur) for cur
    app.o(.text) refers to bsp_ser.o(.bss.BSP_SerRxWait) for BSP_SerRxWait
    app.o(.text) refers to bsp_os.o(.text) for BSP_OS_SemPost
    app.o(.text) refers to bsp_ser.o(.bss.BSP_SerTxWait) for BSP_SerTxWait
    app.o(.text) refers to strncmp.o(.text) for strncmp
    app.o(.ARM.exidx) refers to app.o(.text) for [Anonymous Symbol]
    os_app_hooks.o(.text) refers to cpu_a.o(.text) for CPU_SR_Save
    os_app_hooks.o(.text) refers to cpu_core.o(.text) for CPU_IntDisMeasStart
    os_app_hooks.o(.text) refers to os_var.o(.bss.OS_AppTaskCreateHookPtr) for OS_AppTaskCreateHookPtr
    os_app_hooks.o(.text) refers to os_var.o(.bss.OS_AppTaskDelHookPtr) for OS_AppTaskDelHookPtr
    os_app_hooks.o(.text) refers to os_var.o(.bss.OS_AppTaskReturnHookPtr) for OS_AppTaskReturnHookPtr
    os_app_hooks.o(.text) refers to os_var.o(.bss.OS_AppIdleTaskHookPtr) for OS_AppIdleTaskHookPtr
    os_app_hooks.o(.text) refers to os_var.o(.bss.OS_AppStatTaskHookPtr) for OS_AppStatTaskHookPtr
    os_app_hooks.o(.text) refers to os_var.o(.bss.OS_AppTaskSwHookPtr) for OS_AppTaskSwHookPtr
    os_app_hooks.o(.text) refers to os_var.o(.bss.OS_AppTimeTickHookPtr) for OS_AppTimeTickHookPtr
    os_app_hooks.o(.ARM.exidx) refers to os_app_hooks.o(.text) for [Anonymous Symbol]
    bsp.o(.text) refers to bsp_int.o(.text) for BSP_IntInit
    bsp.o(.text) refers to stm32f10x_rcc.o(.text) for RCC_DeInit
    bsp.o(.text) refers to stm32f10x_flash.o(.text) for FLASH_SetLatency
    bsp.o(.text) refers to bsp.o(.bss.BSP_CPU_ClkFreq_MHz) for BSP_CPU_ClkFreq_MHz
    bsp.o(.text) refers to stm32f10x_gpio.o(.text) for GPIO_Init
    bsp.o(.text) refers to bsp.o(.rodata.cst8) for .Lswitch.table.BSP_LED_Off
    bsp.o(.text) refers to cpu_core.o(.text) for CPU_TS_TmrFreqSet
    bsp.o(.ARM.exidx) refers to bsp.o(.text) for [Anonymous Symbol]
    bsp_i2c.o(.text) refers to bsp_i2c.o(.bss.BSP_I2C_DevTbl) for BSP_I2C_DevTbl
    bsp_i2c.o(.text) refers to bsp_periph.o(.text) for BSP_PeriphEn
    bsp_i2c.o(.text) refers to stm32f10x_gpio.o(.text) for GPIO_Init
    bsp_i2c.o(.text) refers to bsp_os.o(.text) for BSP_OS_SemCreate
    bsp_i2c.o(.text) refers to stm32f10x_rcc.o(.text) for RCC_GetClocksFreq
    bsp_i2c.o(.text) refers to bsp_int.o(.text) for BSP_IntVectSet
    bsp_i2c.o(.ARM.exidx) refers to bsp_i2c.o(.text) for [Anonymous Symbol]
    bsp_int.o(.text) refers to cpu_c.o(.text) for CPU_IntSrcDis
    bsp_int.o(.text) refers to cpu_a.o(.text) for CPU_IntDis
    bsp_int.o(.text) refers to cpu_core.o(.text) for CPU_IntDisMeasStart
    bsp_int.o(.text) refers to bsp_int.o(.bss.BSP_IntVectTbl) for BSP_IntVectTbl
    bsp_int.o(.text) refers to os_core.o(.text) for OSIntEnter
    bsp_int.o(.ARM.exidx) refers to bsp_int.o(.text) for [Anonymous Symbol]
    bsp_periph.o(.text) refers to bsp.o(.text) for BSP_CPU_ClkFreq
    bsp_periph.o(.ARM.exidx) refers to bsp_periph.o(.text) for [Anonymous Symbol]
    bsp_ser.o(.text) refers to bsp_ser.o(.bss.BSP_SerTxWait) for BSP_SerTxWait
[...]
    BSP_IntHandlerUSART2                     0x080011bd   Thumb Code    52  bsp_int.o(.text)
    BSP_IntHandlerUSART3                     0x080011f1   Thumb Code    52  bsp_int.o(.text)
    BSP_IntHandlerEXTI15_10                  0x08001225   Thumb Code    52  bsp_int.o(.text)
    BSP_IntHandlerRTCAlarm                   0x08001259   Thumb Code    52  bsp_int.o(.text)
    BSP_IntHandlerUSBWakeUp                  0x0800128d   Thumb Code    52  bsp_int.o(.text)
    BSP_IntHandlerTIM5                       0x080012c1   Thumb Code    52  bsp_int.o(.text)
    BSP_IntHandlerSPI3                       0x080012f5   Thumb Code    52  bsp_int.o(.text)
    BSP_IntHandlerUSART4                     0x08001329   Thumb Code    52  bsp_int.o(.text)
    BSP_IntHandlerUSART5                     0x0800135d   Thumb Code    52  bsp_int.o(.text)
    BSP_IntHandlerTIM6                       0x08001391   Thumb Code    52  bsp_int.o(.text)
    BSP_IntHandlerTIM7                       0x080013c5   Thumb Code    52  bsp_int.o(.text)
    BSP_IntHandlerDMA2_CH1                   0x080013f9   Thumb Code    52  bsp_int.o(.text)
    BSP_IntHandlerDMA2_CH2                   0x0800142d   Thumb Code    52  bsp_int.o(.text)
    BSP_IntHandlerDMA2_CH3                   0x08001461   Thumb Code    52  bsp_int.o(.text)
    BSP_IntHandlerDMA2_CH4                   0x08001495   Thumb Code    52  bsp_int.o(.text)
    BSP_IntHandlerDMA2_CH5                   0x080014c9   Thumb Code    52  bsp_int.o(.text)
    BSP_IntHandlerETH                        0x080014fd   Thumb Code    52  bsp_int.o(.text)
    BSP_IntHandlerETHWakeup                  0x08001531   Thumb Code    52  bsp_int.o(.text)
    BSP_IntHandlerCAN2_TX                    0x08001565   Thumb Code    52  bsp_int.o(.text)
    BSP_IntHandlerCAN2_RX0                   0x08001599   Thumb Code    52  bsp_int.o(.text)
    BSP_IntHandlerCAN2_RX1                   0x080015cd   Thumb Code    52  bsp_int.o(.text)
    BSP_IntHandlerCAN2_SCE                   0x08001601   Thumb Code    52  bsp_int.o(.text)
    BSP_IntHandlerOTG                        0x08001635   Thumb Code    52  bsp_int.o(.text)
    BSP_PeriphClkFreqGet                     0x08001669   Thumb Code   172  bsp_periph.o(.text)
    BSP_PeriphEn                             0x08001715   Thumb Code   174  bsp_periph.o(.text)
    BSP_PeriphDis                            0x080017c5   Thumb Code   180  bsp_periph.o(.text)
    BSP_Ser_Init                             0x08001879   Thumb Code   260  bsp_ser.o(.text)
    BSP_Ser_Printf                           0x080019a9   Thumb Code    46  bsp_ser.o(.text)
    BSP_Ser_WrStr                            0x080019d9   Thumb Code   176  bsp_ser.o(.text)
    BSP_Ser_RdByte                           0x08001a89   Thumb Code    74  bsp_ser.o(.text)
    BSP_Ser_RdStr                            0x08001ad5   Thumb Code   162  bsp_ser.o(.text)
    BSP_Ser_WrByte                           0x08001b79   Thumb Code    84  bsp_ser.o(.text)
    BSP_OS_SemCreate                         0x08001bcd   Thumb Code    32  bsp_os.o(.text)
    BSP_OS_SemWait                           0x08001bed   Thumb Code    54  bsp_os.o(.text)
    BSP_OS_SemPost                           0x08001c25   Thumb Code    28  bsp_os.o(.text)
    BSP_OS_TimeDlyMs                         0x08001c41   Thumb Code    78  bsp_os.o(.text)
    Reset_Handler                            0x08001c91   Thumb Code     4  cstartup.o(.text)
    App_NMI_ISR                              0x08001c95   Thumb Code     2  cstartup.o(.text)
    App_Fault_ISR                            0x08001c97   Thumb Code     2  cstartup.o(.text)
    App_MemFault_ISR                         0x08001c99   Thumb Code     2  cstartup.o(.text)
    App_BusFault_ISR                         0x08001c9b   Thumb Code     2  cstartup.o(.text)
    App_UsageFault_ISR                       0x08001c9d   Thumb Code     2  cstartup.o(.text)
    App_Spurious_ISR                         0x08001c9f   Thumb Code     2  cstartup.o(.text)
    App_Reserved_ISR                         0x08001ca1   Thumb Code     2  cstartup.o(.text)
    CPU_Init                                 0x08001ca9   Thumb Code   204  cpu_core.o(.text)
    CPU_SW_Exception                         0x08001d75   Thumb Code     2  cpu_core.o(.text)
    CPU_NameClr                              0x08001d79   Thumb Code   150  cpu_core.o(.text)
    CPU_IntDisMeasStart                      0x08001e11   Thumb Code    50  cpu_core.o(.text)
    CPU_IntDisMeasStop                       0x08001e45   Thumb Code    82  cpu_core.o(.text)
    CPU_NameGet                              0x08001e99   Thumb Code   178  cpu_core.o(.text)
    CPU_NameSet                              0x08001f4d   Thumb Code   196  cpu_core.o(.text)
    CPU_TS_Get32                             0x08002011   Thumb Code     4  cpu_core.o(.text)
    CPU_TS_Update                            0x08002015   Thumb Code     2  cpu_core.o(.text)
    CPU_TS_TmrFreqGet                        0x08002019   Thumb Code    30  cpu_core.o(.text)
    CPU_TS_TmrFreqSet                        0x08002039   Thumb Code    12  cpu_core.o(.text)
    CPU_IntDisMeasMaxCurReset                0x08002045   Thumb Code    52  cpu_core.o(.text)
    CPU_IntDisMeasMaxCurGet                  0x08002079   Thumb Code    38  cpu_core.o(.text)
    CPU_IntDisMeasMaxGet                     0x080020a1   Thumb Code    38  cpu_core.o(.text)
    CPU_CntLeadZeros08                       0x080020c9   Thumb Code    10  cpu_core.o(.text)
    CPU_CntLeadZeros16                       0x080020d5   Thumb Code    10  cpu_core.o(.text)
    CPU_CntLeadZeros32                       0x080020e1   Thumb Code     4  cpu_core.o(.text)
    CPU_CntLeadZeros64                       0x080020e5   Thumb Code   184  cpu_core.o(.text)
    CPU_CntTrailZeros08                      0x0800219d   Thumb Code    12  cpu_core.o(.text)
    CPU_CntTrailZeros16                      0x080021a9   Thumb Code    12  cpu_core.o(.text)
    CPU_CntTrailZeros32                      0x080021b5   Thumb Code    12  cpu_core.o(.text)
    CPU_CntTrailZeros64                      0x080021c1   Thumb Code   238  cpu_core.o(.text)
    CPU_IntDis                               0x080022b1   Thumb Code     0  cpu_a.o(.text)
    CPU_IntEn                                0x080022b5   Thumb Code     0  cpu_a.o(.text)
    CPU_SR_Save                              0x080022b9   Thumb Code     0  cpu_a.o(.text)
    CPU_SR_Restore                           0x080022c1   Thumb Code     0  cpu_a.o(.text)
    CPU_WaitForInt                           0x080022c7   Thumb Code     0  cpu_a.o(.text)
    CPU_WaitForExcept                        0x080022cb   Thumb Code     0  cpu_a.o(.text)
    CPU_CntLeadZeros                         0x080022cf   Thumb Code     0  cpu_a.o(.text)
    CPU_CntTrailZeros                        0x080022d5   Thumb Code     0  cpu_a.o(.text)
    CPU_RevBits                              0x080022df   Thumb Code     0  cpu_a.o(.text)
    CPU_BitBandClr                           0x080022e5   Thumb Code    42  cpu_c.o(.text)
    CPU_BitBandSet                           0x08002311   Thumb Code    42  cpu_c.o(.text)
    CPU_IntSrcDis                            0x0800233d   Thumb Code   246  cpu_c.o(.text)
    CPU_IntSrcEn                             0x08002435   Thumb Code   246  cpu_c.o(.text)
    CPU_IntSrcPendClr                        0x0800252d   Thumb Code    92  cpu_c.o(.text)
    CPU_IntSrcPrioSet                        0x08002589   Thumb Code   356  cpu_c.o(.text)
    CPU_IntSrcPrioGet                        0x080026ed   Thumb Code   338  cpu_c.o(.text)
    ASCII_IsAlpha                            0x08002841   Thumb Code    18  lib_ascii.o(.text)
    ASCII_IsAlphaNum                         0x08002855   Thumb Code    34  lib_ascii.o(.text)
    ASCII_IsLower                            0x08002879   Thumb Code    14  lib_ascii.o(.text)
    ASCII_IsUpper                            0x08002889   Thumb Code    14  lib_ascii.o(.text)
    ASCII_IsDig                              0x08002899   Thumb Code    14  lib_ascii.o(.text)
    ASCII_IsDigOct                           0x080028a9   Thumb Code    14  lib_ascii.o(.text)
    ASCII_IsDigHex                           0x080028b9   Thumb Code    34  lib_ascii.o(.text)
    ASCII_IsBlank                            0x080028dd   Thumb Code    22  lib_ascii.o(.text)
    ASCII_IsSpace                            0x080028f5   Thumb Code    26  lib_ascii.o(.text)
    ASCII_IsPrint                            0x08002911   Thumb Code    14  lib_ascii.o(.text)
    ASCII_IsGraph                            0x08002921   Thumb Code    14  lib_ascii.o(.text)
    ASCII_IsPunct                            0x08002931   Thumb Code    42  lib_ascii.o(.text)
    ASCII_IsCtrl                             0x0800295d   Thumb Code    26  lib_ascii.o(.text)
    ASCII_ToLower                            0x08002979   Thumb Code    16  lib_ascii.o(.text)
    ASCII_ToUpper                            0x08002989   Thumb Code    16  lib_ascii.o(.text)
    ASCII_Cmp                                0x08002999   Thumb Code    38  lib_ascii.o(.text)
    Mem_Init                                 0x080029c1   Thumb Code     2  lib_mem.o(.text)
    Mem_Clr                                  0x080029c5   Thumb Code    86  lib_mem.o(.text)
    Mem_Set                                  0x08002a1d   Thumb Code   112  lib_mem.o(.text)
    Mem_Move                                 0x08002a8d   Thumb Code   154  lib_mem.o(.text)
    Mem_Cmp                                  0x08002b29   Thumb Code   188  lib_mem.o(.text)
    Str_Len                                  0x08002be5   Thumb Code    38  lib_str.o(.text)
    Str_Len_N                                0x08002c0d   Thumb Code    56  lib_str.o(.text)
    Str_Copy                                 0x08002c45   Thumb Code    82  lib_str.o(.text)
    Str_Copy_N                               0x08002c99   Thumb Code   106  lib_str.o(.text)
    Str_Cat                                  0x08002d05   Thumb Code    82  lib_str.o(.text)
    Str_Cat_N                                0x08002d59   Thumb Code    90  lib_str.o(.text)
    Str_Cmp                                  0x08002db5   Thumb Code   118  lib_str.o(.text)
    Str_Cmp_N                                0x08002e2d   Thumb Code   112  lib_str.o(.text)
    Str_CmpIgnoreCase                        0x08002e9d   Thumb Code     8  lib_str.o(.text)
    Str_CmpIgnoreCase_N                      0x08002ea5   Thumb Code   176  lib_str.o(.text)
    Str_Char                                 0x08002f55   Thumb Code    98  lib_str.o(.text)
    Str_Char_N                               0x08002fb9   Thumb Code   120  lib_str.o(.text)
    Str_Char_Last                            0x08003031   Thumb Code    76  lib_str.o(.text)
    Str_Char_Last_N                          0x0800307d   Thumb Code   108  lib_str.o(.text)
    Str_Char_Replace                         0x080030e9   Thumb Code    60  lib_str.o(.text)
    Str_Char_Replace_N                       0x08003125   Thumb Code    68  lib_str.o(.text)
    Str_Str                                  0x08003169   Thumb Code     8  lib_str.o(.text)
    Str_Str_N                                0x08003171   Thumb Code   280  lib_str.o(.text)
    Str_FmtNbr_Int32U                        0x08003289   Thumb Code    26  lib_str.o(.text)
    Str_FmtNbr_Int32S                        0x08003475   Thumb Code    42  lib_str.o(.text)
    Str_ParseNbr_Int32U                      0x080034a1   Thumb Code    22  lib_str.o(.text)
    Str_ParseNbr_Int32S                      0x0800365d   Thumb Code    56  lib_str.o(.text)
    Mem_Copy                                 0x08003695   Thumb Code     0  lib_mem_a.o(.text)
    OSCfg_Init                               0x080038b5   Thumb Code     2  os_cfg_app.o(.text)
    OSInit                                   0x080038b9   Thumb Code   442  os_core.o(.text)
    OS_RdyListInit                           0x08003a75   Thumb Code    34  os_core.o(.text)
    OS_IdleTaskInit                          0x08003a99   Thumb Code   104  os_core.o(.text)
    OSIntEnter                               0x08003b15   Thumb Code    36  os_core.o(.text)
    OSIntExit                                0x08003b39   Thumb Code   158  os_core.o(.text)
    OSSched                                  0x08003bd9   Thumb Code   136  os_core.o(.text)
    OSSchedLock                              0x08003c61   Thumb Code   116  os_core.o(.text)
    OS_SchedLockTimeMeasStart                0x08003cd5   Thumb Code    34  os_core.o(.text)
    OSSchedUnlock                            0x08003cf9   Thumb Code   274  os_core.o(.text)
    OS_SchedLockTimeMeasStop                 0x08003e0d   Thumb Code    68  os_core.o(.text)
    OSSchedRoundRobinCfg                     0x08003e51   Thumb Code    94  os_core.o(.text)
    OSSchedRoundRobinYield                   0x08003eb1   Thumb Code   328  os_core.o(.text)
    OS_RdyListMoveHeadToTail                 0x08003ff9   Thumb Code    56  os_core.o(.text)
    OSStart                                  0x08004031   Thumb Code   100  os_core.o(.text)
    OSVersion                                0x08004095   Thumb Code    12  os_core.o(.text)
    OS_IdleTask                              0x080040a1   Thumb Code    54  os_core.o(.text)
    OS_Pend                                  0x080040d9   Thumb Code   226  os_core.o(.text)
    OS_TaskBlock                             0x080041bd   Thumb Code   132  os_core.o(.text)
    OS_PendDataInit                          0x08004241   Thumb Code    52  os_core.o(.text)
    OS_PendListInsertPrio                    0x08004275   Thumb Code   108  os_core.o(.text)
    OS_PendDbgNameAdd                        0x080042e1   Thumb Code    66  os_core.o(.text)
    OS_PendAbort                             0x08004325   Thumb Code   312  os_core.o(.text)
    OS_PendAbort1                            0x0800445d   Thumb Code    46  os_core.o(.text)
    OS_PendListRemove                        0x0800448d   Thumb Code    90  os_core.o(.text)
    OS_TaskRdy                               0x080044e9   Thumb Code   148  os_core.o(.text)
    OS_PendDbgNameRemove                     0x0800457d   Thumb Code    24  os_core.o(.text)
    OS_PendListChangePrio                    0x08004595   Thumb Code   194  os_core.o(.text)
    OS_PendListRemove1                       0x08004659   Thumb Code    76  os_core.o(.text)
    OS_PendListInit                          0x080046a5   Thumb Code    10  os_core.o(.text)
    OS_PendListInsertHead                    0x080046b1   Thumb Code    36  os_core.o(.text)
    OS_PendObjDel                            0x080046d5   Thumb Code   296  os_core.o(.text)
    OS_PendObjDel1                           0x080047fd   Thumb Code    46  os_core.o(.text)
    OS_Post                                  0x0800482d   Thumb Code   402  os_core.o(.text)
    OS_Post1                                 0x080049c1   Thumb Code    60  os_core.o(.text)
    OS_RdyListInsert                         0x080049fd   Thumb Code   152  os_core.o(.text)
    OS_RdyListInsertTail                     0x08004a95   Thumb Code    66  os_core.o(.text)
    OS_RdyListInsertHead                     0x08004ad9   Thumb Code    64  os_core.o(.text)
    OS_RdyListRemove                         0x08004b19   Thumb Code    90  os_core.o(.text)
    OS_Sched0                                0x08004b75   Thumb Code    86  os_core.o(.text)
    OS_SchedRoundRobin                       0x08004bcd   Thumb Code   120  os_core.o(.text)
    OSFlagCreate                             0x08004c45   Thumb Code   210  os_flag.o(.text)
    OS_FlagDbgListAdd                        0x08004d19   Thumb Code    38  os_flag.o(.text)
    OSFlagDel                                0x08004d41   Thumb Code   554  os_flag.o(.text)
    OS_FlagDbgListRemove                     0x08004f6d   Thumb Code    54  os_flag.o(.text)
    OS_FlagClr                               0x08004fa5   Thumb Code    34  os_flag.o(.text)
    OSFlagPend                               0x08004fc9   Thumb Code   614  os_flag.o(.text)
    OS_FlagBlock                             0x08005231   Thumb Code    44  os_flag.o(.text)
    OSFlagPendAbort                          0x0800525d   Thumb Code   264  os_flag.o(.text)
    OSFlagPendGetFlagsRdy                    0x08005365   Thumb Code    66  os_flag.o(.text)
    OSFlagPost                               0x080053a9   Thumb Code   130  os_flag.o(.text)
    OS_FlagPost                              0x0800542d   Thumb Code   492  os_flag.o(.text)
    OS_FlagInit                              0x08005619   Thumb Code    26  os_flag.o(.text)
    OS_FlagTaskRdy                           0x08005635   Thumb Code    56  os_flag.o(.text)
    OS_IntQPost                              0x0800566d   Thumb Code   216  os_int.o(.text)
    OS_IntQRePost                            0x08005745   Thumb Code   434  os_int.o(.text)
    OS_IntQTask                              0x080058f9   Thumb Code   164  os_int.o(.text)
    OS_IntQTaskInit                          0x0800599d   Thumb Code   284  os_int.o(.text)
    OSMemCreate                              0x08005ad5   Thumb Code   286  os_mem.o(.text)
    OS_MemDbgListAdd                         0x08005bf5   Thumb Code    28  os_mem.o(.text)
    OSMemGet                                 0x08005c11   Thumb Code    70  os_mem.o(.text)
    OSMemPut                                 0x08005c59   Thumb Code    78  os_mem.o(.text)
    OS_MemInit                               0x08005ca9   Thumb Code    26  os_mem.o(.text)
    OS_MsgPoolInit                           0x08005cc5   Thumb Code   136  os_msg.o(.text)
    OS_MsgQFreeAll                           0x08005d4d   Thumb Code    60  os_msg.o(.text)
    OS_MsgQInit                              0x08005d89   Thumb Code    14  os_msg.o(.text)
    OS_MsgQGet                               0x08005d99   Thumb Code   114  os_msg.o(.text)
    OS_MsgQPut                               0x08005e0d   Thumb Code   168  os_msg.o(.text)
    OSMutexCreate                            0x08005eb5   Thumb Code   216  os_mutex.o(.text)
    OS_MutexDbgListAdd                       0x08005f8d   Thumb Code    38  os_mutex.o(.text)
    OSMutexDel                               0x08005fb5   Thumb Code   738  os_mutex.o(.text)
    OS_MutexDbgListRemove                    0x08006299   Thumb Code    54  os_mutex.o(.text)
    OS_MutexClr                              0x080062d1   Thumb Code    40  os_mutex.o(.text)
    OSMutexPend                              0x080062f9   Thumb Code   578  os_mutex.o(.text)
    OSMutexPendAbort                         0x0800653d   Thumb Code   264  os_mutex.o(.text)
    OSMutexPost                              0x08006645   Thumb Code   494  os_mutex.o(.text)
    OS_MutexInit                             0x08006835   Thumb Code    26  os_mutex.o(.text)
    OS_PrioInit                              0x08006851   Thumb Code    14  os_prio.o(.text)
    OS_PrioGetHighest                        0x08006861   Thumb Code    46  os_prio.o(.text)
    OS_PrioInsert                            0x08006891   Thumb Code    36  os_prio.o(.text)
    OS_PrioRemove                            0x080068b5   Thumb Code    38  os_prio.o(.text)
    OSQCreate                                0x080068dd   Thumb Code   226  os_q.o(.text)
    OS_QDbgListAdd                           0x080069c1   Thumb Code    38  os_q.o(.text)
    OSQDel                                   0x080069e9   Thumb Code   408  os_q.o(.text)
    OS_QDbgListRemove                        0x08006b81   Thumb Code    54  os_q.o(.text)
    OS_QClr                                  0x08006bb9   Thumb Code    54  os_q.o(.text)
    OSQFlush                                 0x08006bf1   Thumb Code   188  os_q.o(.text)
    OSQPend                                  0x08006cad   Thumb Code   480  os_q.o(.text)
    OSQPendAbort                             0x08006e8d   Thumb Code   264  os_q.o(.text)
    OSQPost                                  0x08006f95   Thumb Code   192  os_q.o(.text)
    OS_QPost                                 0x08007055   Thumb Code   266  os_q.o(.text)
    OS_QInit                                 0x08007161   Thumb Code    26  os_q.o(.text)
    OSSemCreate                              0x0800717d   Thumb Code   216  os_sem.o(.text)
    OS_SemDbgListAdd                         0x08007255   Thumb Code    38  os_sem.o(.text)
    OSSemDel                                 0x0800727d   Thumb Code   418  os_sem.o(.text)
    OS_SemDbgListRemove                      0x08007421   Thumb Code    54  os_sem.o(.text)
    OS_SemClr                                0x08007459   Thumb Code    36  os_sem.o(.text)
    OSSemPend                                0x0800747d   Thumb Code   408  os_sem.o(.text)
    OSSemPendAbort                           0x08007615   Thumb Code   264  os_sem.o(.text)
    OSSemPost                                0x0800771d   Thumb Code   140  os_sem.o(.text)
    OS_SemPost                               0x080077a9   Thumb Code   212  os_sem.o(.text)
    OSSemSet                                 0x0800787d   Thumb Code   112  os_sem.o(.text)
    OS_SemInit                               0x080078ed   Thumb Code    26  os_sem.o(.text)
    OSStatReset                              0x08007909   Thumb Code   276  os_stat.o(.text)
    OSStatTaskCPUUsageInit                   0x08007a1d   Thumb Code   234  os_stat.o(.text)
    OS_StatTask                              0x08007b09   Thumb Code   848  os_stat.o(.text)
    OS_StatTaskInit                          0x08007e59   Thumb Code   196  os_stat.o(.text)
    OSTaskChangePrio                         0x08007f31   Thumb Code   362  os_task.o(.text)
    OSTaskCreate                             0x0800809d   Thumb Code   546  os_task.o(.text)
    OS_TaskInitTCB                           0x080082c1   Thumb Code   150  os_task.o(.text)
    OS_TaskDbgListAdd                        0x08008359   Thumb Code    36  os_task.o(.text)
    OSTaskDel                                0x0800837d   Thumb Code   570  os_task.o(.text)
    OS_TaskDbgListRemove                     0x080085b9   Thumb Code    58  os_task.o(.text)
    OSTaskQFlush                             0x080085f5   Thumb Code   188  os_task.o(.text)
    OSTaskQPend                              0x080086b1   Thumb Code   438  os_task.o(.text)
    OSTaskQPendAbort                         0x08008869   Thumb Code   244  os_task.o(.text)
    OSTaskQPost                              0x0800895d   Thumb Code   132  os_task.o(.text)
    OS_TaskQPost                             0x080089e1   Thumb Code   430  os_task.o(.text)
    OSTaskRegGet                             0x08008b91   Thumb Code    62  os_task.o(.text)
    OSTaskRegGetID                           0x08008bd1   Thumb Code    68  os_task.o(.text)
    OSTaskRegSet                             0x08008c15   Thumb Code    64  os_task.o(.text)
    OSTaskResume                             0x08008c55   Thumb Code   114  os_task.o(.text)
    OS_TaskResume                            0x08008cc9   Thumb Code   248  os_task.o(.text)
    OSTaskSemPend                            0x08008dc1   Thumb Code   398  os_task.o(.text)
    OSTaskSemPendAbort                       0x08008f51   Thumb Code   256  os_task.o(.text)
    OSTaskSemPost                            0x08009051   Thumb Code    96  os_task.o(.text)
    OS_TaskSemPost                           0x080090b1   Thumb Code   546  os_task.o(.text)
    OSTaskSemSet                             0x080092d5   Thumb Code    80  os_task.o(.text)
    OSTaskStkChk                             0x08009325   Thumb Code   168  os_task.o(.text)
    OSTaskSuspend                            0x080093cd   Thumb Code   110  os_task.o(.text)
    OS_TaskSuspend                           0x0800943d   Thumb Code   250  os_task.o(.text)
    OSTaskTimeQuantaSet                      0x08009539   Thumb Code    98  os_task.o(.text)
    OS_TaskInit                              0x0800959d   Thumb Code    36  os_task.o(.text)
    OS_TaskReturn                            0x080095c1   Thumb Code    32  os_task.o(.text)
    OS_TickTask                              0x080095e1   Thumb Code    48  os_tick.o(.text)
    OS_TickListUpdate                        0x08009611   Thumb Code   498  os_tick.o(.text)
    OS_TickTaskInit                          0x08009805   Thumb Code   192  os_tick.o(.text)
    OS_TickListInit                          0x080098d9   Thumb Code    34  os_tick.o(.text)
    OS_TickListInsert                        0x080098fd   Thumb Code   274  os_tick.o(.text)
    OS_TickListRemove                        0x08009a11   Thumb Code    60  os_tick.o(.text)
    OS_TickListResetPeak                     0x08009a4d   Thumb Code    38  os_tick.o(.text)
    OSTimeDly                                0x08009a75   Thumb Code   252  os_time.o(.text)
    OSTimeDlyHMSM                            0x08009b71   Thumb Code   398  os_time.o(.text)
    OSTimeDlyResume                          0x08009d01   Thumb Code   298  os_time.o(.text)
    OSTimeGet                                0x08009e2d   Thumb Code    42  os_time.o(.text)
    OSTimeSet                                0x08009e59   Thumb Code    42  os_time.o(.text)
    OSTimeTick                               0x08009e85   Thumb Code    74  os_time.o(.text)
    OSTmrCreate                              0x08009ed1   Thumb Code   262  os_tmr.o(.text)
    OS_TmrDbgListAdd                         0x08009fd9   Thumb Code    28  os_tmr.o(.text)
    OSTmrDel                                 0x08009ff5   Thumb Code   298  os_tmr.o(.text)
    OS_TmrDbgListRemove                      0x0800a121   Thumb Code    54  os_tmr.o(.text)
    OS_TmrUnlink                             0x0800a159   Thumb Code    86  os_tmr.o(.text)
    OS_TmrClr                                0x0800a1b1   Thumb Code    36  os_tmr.o(.text)
    OSTmrRemainGet                           0x0800a1d5   Thumb Code   152  os_tmr.o(.text)
    OSTmrStart                               0x0800a26d   Thumb Code   218  os_tmr.o(.text)
    OS_TmrLink                               0x0800a349   Thumb Code   194  os_tmr.o(.text)
    OSTmrStateGet                            0x0800a40d   Thumb Code    96  os_tmr.o(.text)
    OSTmrStop                                0x0800a46d   Thumb Code   286  os_tmr.o(.text)
    OS_TmrInit                               0x0800a58d   Thumb Code   252  os_tmr.o(.text)
    OS_TmrTask                               0x0800a6a1   Thumb Code   272  os_tmr.o(.text)
    OS_TmrResetPeak                          0x0800a7b1   Thumb Code    38  os_tmr.o(.text)
    OS_Dbg_Init                              0x0800a7d9   Thumb Code     2  os_dbg.o(.text)
    OSIdleTaskHook                           0x0800a7dd   Thumb Code    18  os_cpu_c.o(.text)
    OSInitHook                               0x0800a7f1   Thumb Code    50  os_cpu_c.o(.text)
    OSStatTaskHook                           0x0800a825   Thumb Code    18  os_cpu_c.o(.text)
    OSTaskCreateHook                         0x0800a839   Thumb Code    18  os_cpu_c.o(.text)
    OSTaskDelHook                            0x0800a84d   Thumb Code    18  os_cpu_c.o(.text)
    OSTaskReturnHook                         0x0800a861   Thumb Code    18  os_cpu_c.o(.text)
    OSTaskStkInit                            0x0800a875   Thumb Code   106  os_cpu_c.o(.text)
    OSTaskSwHook                             0x0800a8e1   Thumb Code   112  os_cpu_c.o(.text)
    OSTimeTickHook                           0x0800a951   Thumb Code    18  os_cpu_c.o(.text)
    OS_CPU_SysTickHandler                    0x0800a965   Thumb Code    48  os_cpu_c.o(.text)
    OS_CPU_SysTickInit                       0x0800a995   Thumb Code    42  os_cpu_c.o(.text)
    NVIC_DeInit                              0x0800a9c1   Thumb Code    54  stm32f10x_nvic.o(.text)
    NVIC_SCBDeInit                           0x0800a9f9   Thumb Code    60  stm32f10x_nvic.o(.text)
    NVIC_PriorityGroupConfig                 0x0800aa35   Thumb Code    20  stm32f10x_nvic.o(.text)
    NVIC_Init                                0x0800aa49   Thumb Code   128  stm32f10x_nvic.o(.text)
    NVIC_StructInit                          0x0800aac9   Thumb Code     6  stm32f10x_nvic.o(.text)
    NVIC_SETPRIMASK                          0x0800aad1   Thumb Code     4  stm32f10x_nvic.o(.text)
    NVIC_RESETPRIMASK                        0x0800aad5   Thumb Code     4  stm32f10x_nvic.o(.text)
    NVIC_SETFAULTMASK                        0x0800aad9   Thumb Code     4  stm32f10x_nvic.o(.text)
    NVIC_RESETFAULTMASK                      0x0800aadd   Thumb Code     4  stm32f10x_nvic.o(.text)
    NVIC_BASEPRICONFIG                       0x0800aae1   Thumb Code     6  stm32f10x_nvic.o(.text)
    NVIC_GetBASEPRI                          0x0800aae9   Thumb Code     4  stm32f10x_nvic.o(.text)
    NVIC_GetCurrentPendingIRQChannel         0x0800aaed   Thumb Code    16  stm32f10x_nvic.o(.text)
    NVIC_GetIRQChannelPendingBitStatus       0x0800aafd   Thumb Code    32  stm32f10x_nvic.o(.text)
    NVIC_SetIRQChannelPendingBit             0x0800ab1d   Thumb Code    12  stm32f10x_nvic.o(.text)
    NVIC_ClearIRQChannelPendingBit           0x0800ab29   Thumb Code    30  stm32f10x_nvic.o(.text)
    NVIC_GetCurrentActiveHandler             0x0800ab49   Thumb Code    16  stm32f10x_nvic.o(.text)
    NVIC_GetIRQChannelActiveBitStatus        0x0800ab59   Thumb Code    32  stm32f10x_nvic.o(.text)
    NVIC_GetCPUID                            0x0800ab79   Thumb Code    12  stm32f10x_nvic.o(.text)
    NVIC_SetVectorTable                      0x0800ab85   Thumb Code    24  stm32f10x_nvic.o(.text)
    NVIC_GenerateSystemReset                 0x0800ab9d   Thumb Code    18  stm32f10x_nvic.o(.text)
    NVIC_GenerateCoreReset                   0x0800abb1   Thumb Code    18  stm32f10x_nvic.o(.text)
    NVIC_SystemLPConfig                      0x0800abc5   Thumb Code    24  stm32f10x_nvic.o(.text)
    NVIC_SystemHandlerConfig                 0x0800abdd   Thumb Code    34  stm32f10x_nvic.o(.text)
    NVIC_SystemHandlerPriorityConfig         0x0800ac01   Thumb Code    72  stm32f10x_nvic.o(.text)
    NVIC_GetSystemHandlerPendingBitStatus    0x0800ac49   Thumb Code    24  stm32f10x_nvic.o(.text)
    NVIC_SetSystemHandlerPendingBit          0x0800ac61   Thumb Code    26  stm32f10x_nvic.o(.text)
    NVIC_ClearSystemHandlerPendingBit        0x0800ac7d   Thumb Code    28  stm32f10x_nvic.o(.text)
    NVIC_GetSystemHandlerActiveBitStatus     0x0800ac99   Thumb Code    24  stm32f10x_nvic.o(.text)
    NVIC_GetFaultHandlerSources              0x0800acb1   Thumb Code    58  stm32f10x_nvic.o(.text)
    NVIC_GetFaultAddress                     0x0800aced   Thumb Code    26  stm32f10x_nvic.o(.text)
    EXTI_DeInit                              0x0800ad09   Thumb Code    30  stm32f10x_exti.o(.text)
    EXTI_Init                                0x0800ad29   Thumb Code   114  stm32f10x_exti.o(.text)
    EXTI_StructInit                          0x0800ad9d   Thumb Code    14  stm32f10x_exti.o(.text)
    EXTI_GenerateSWInterrupt                 0x0800adad   Thumb Code    16  stm32f10x_exti.o(.text)
    EXTI_GetFlagStatus                       0x0800adbd   Thumb Code    18  stm32f10x_exti.o(.text)
    EXTI_ClearFlag                           0x0800add1   Thumb Code    12  stm32f10x_exti.o(.text)
    EXTI_GetITStatus                         0x0800addd   Thumb Code    30  stm32f10x_exti.o(.text)
    EXTI_ClearITPendingBit                   0x0800adfd   Thumb Code    12  stm32f10x_exti.o(.text)
    FLASH_SetLatency                         0x0800ae09   Thumb Code    24  stm32f10x_flash.o(.text)
    FLASH_HalfCycleAccessCmd                 0x0800ae21   Thumb Code    24  stm32f10x_flash.o(.text)
    FLASH_PrefetchBufferCmd                  0x0800ae39   Thumb Code    24  stm32f10x_flash.o(.text)
    FLASH_Unlock                             0x0800ae51   Thumb Code    30  stm32f10x_flash.o(.text)
    FLASH_Lock                               0x0800ae71   Thumb Code    18  stm32f10x_flash.o(.text)
    FLASH_ErasePage                          0x0800ae85   Thumb Code   330  stm32f10x_flash.o(.text)
    FLASH_WaitForLastOperation               0x0800afd1   Thumb Code   142  stm32f10x_flash.o(.text)
    FLASH_EraseAllPages                      0x0800b061   Thumb Code   322  stm32f10x_flash.o(.text)
    FLASH_EraseOptionBytes                   0x0800b1a5   Thumb Code   522  stm32f10x_flash.o(.text)
    FLASH_ProgramWord                        0x0800b3b1   Thumb Code   468  stm32f10x_flash.o(.text)
    FLASH_ProgramHalfWord                    0x0800b585   Thumb Code   314  stm32f10x_flash.o(.text)
    FLASH_ProgramOptionByteData              0x0800b6c1   Thumb Code   338  stm32f10x_flash.o(.text)
    FLASH_EnableWriteProtection              0x0800b815   Thumb Code   730  stm32f10x_flash.o(.text)
    FLASH_ReadOutProtection                  0x0800baf1   Thumb Code   552  stm32f10x_flash.o(.text)
    FLASH_UserOptionByteConfig               0x0800bd19   Thumb Code   354  stm32f10x_flash.o(.text)
    FLASH_GetUserOptionByte                  0x0800be7d   Thumb Code    14  stm32f10x_flash.o(.text)
    FLASH_GetWriteProtectionOptionByte       0x0800be8d   Thumb Code    12  stm32f10x_flash.o(.text)
    FLASH_GetReadOutProtectionStatus         0x0800be99   Thumb Code    16  stm32f10x_flash.o(.text)
    FLASH_GetPrefetchBufferStatus            0x0800bea9   Thumb Code    16  stm32f10x_flash.o(.text)
    FLASH_ITConfig                           0x0800beb9   Thumb Code    24  stm32f10x_flash.o(.text)
    FLASH_GetFlagStatus                      0x0800bed1   Thumb Code    30  stm32f10x_flash.o(.text)
    FLASH_ClearFlag                          0x0800bef1   Thumb Code    12  stm32f10x_flash.o(.text)
    FLASH_GetStatus                          0x0800befd   Thumb Code    42  stm32f10x_flash.o(.text)
    GPIO_DeInit                              0x0800bf29   Thumb Code    52  stm32f10x_gpio.o(.text)
    GPIO_AFIODeInit                          0x0800bf5d   Thumb Code    22  stm32f10x_gpio.o(.text)
    GPIO_Init                                0x0800bf75   Thumb Code   192  stm32f10x_gpio.o(.text)
    GPIO_StructInit                          0x0800c035   Thumb Code    12  stm32f10x_gpio.o(.text)
    GPIO_ReadInputDataBit                    0x0800c041   Thumb Code    10  stm32f10x_gpio.o(.text)
    GPIO_ReadInputData                       0x0800c04d   Thumb Code     6  stm32f10x_gpio.o(.text)
    GPIO_ReadOutputDataBit                   0x0800c055   Thumb Code    10  stm32f10x_gpio.o(.text)
    GPIO_ReadOutputData                      0x0800c061   Thumb Code     6  stm32f10x_gpio.o(.text)
    GPIO_SetBits                             0x0800c069   Thumb Code     4  stm32f10x_gpio.o(.text)
    GPIO_ResetBits                           0x0800c06d   Thumb Code     4  stm32f10x_gpio.o(.text)
    GPIO_WriteBit                            0x0800c071   Thumb Code    12  stm32f10x_gpio.o(.text)
    GPIO_Write                               0x0800c07d   Thumb Code     4  stm32f10x_gpio.o(.text)
    GPIO_PinLockConfig                       0x0800c081   Thumb Code    16  stm32f10x_gpio.o(.text)
    GPIO_EventOutputConfig                   0x0800c091   Thumb Code    30  stm32f10x_gpio.o(.text)
    GPIO_EventOutputCmd                      0x0800c0b1   Thumb Code    10  stm32f10x_gpio.o(.text)
    GPIO_PinRemapConfig                      0x0800c0bd   Thumb Code   110  stm32f10x_gpio.o(.text)
    GPIO_EXTILineConfig                      0x0800c12d   Thumb Code    46  stm32f10x_gpio.o(.text)
    GPIO_ETH_MediaInterfaceConfig            0x0800c15d   Thumb Code    10  stm32f10x_gpio.o(.text)
    RCC_DeInit                               0x0800c169   Thumb Code    64  stm32f10x_rcc.o(.text)
    RCC_HSEConfig                            0x0800c1a9   Thumb Code    50  stm32f10x_rcc.o(.text)
    RCC_WaitForHSEStartUp                    0x0800c1dd   Thumb Code    48  stm32f10x_rcc.o(.text)
    RCC_GetFlagStatus                        0x0800c20d   Thumb Code    38  stm32f10x_rcc.o(.text)
    RCC_AdjustHSICalibrationValue            0x0800c235   Thumb Code    22  stm32f10x_rcc.o(.text)
    RCC_HSICmd                               0x0800c24d   Thumb Code    10  stm32f10x_rcc.o(.text)
    RCC_PLLConfig                            0x0800c259   Thumb Code    22  stm32f10x_rcc.o(.text)
    RCC_PLLCmd                               0x0800c271   Thumb Code    10  stm32f10x_rcc.o(.text)
    RCC_PREDIV1Config                        0x0800c27d   Thumb Code    32  stm32f10x_rcc.o(.text)
    RCC_PREDIV2Config                        0x0800c29d   Thumb Code    20  stm32f10x_rcc.o(.text)
    RCC_PLL1Config                           0x0800c2b1   Thumb Code    22  stm32f10x_rcc.o(.text)
    RCC_PLL1Cmd                              0x0800c2c9   Thumb Code    10  stm32f10x_rcc.o(.text)
    RCC_PLL2Config                           0x0800c2d5   Thumb Code    20  stm32f10x_rcc.o(.text)
    RCC_PLL2Cmd                              0x0800c2e9   Thumb Code    10  stm32f10x_rcc.o(.text)
    RCC_PLL3Config                           0x0800c2f5   Thumb Code    20  stm32f10x_rcc.o(.text)
    RCC_PLL3Cmd                              0x0800c309   Thumb Code    10  stm32f10x_rcc.o(.text)
    RCC_SYSCLKConfig                         0x0800c315   Thumb Code    20  stm32f10x_rcc.o(.text)
    RCC_GetSYSCLKSource                      0x0800c329   Thumb Code    16  stm32f10x_rcc.o(.text)
    RCC_HCLKConfig                           0x0800c339   Thumb Code    20  stm32f10x_rcc.o(.text)
    RCC_PCLK1Config                          0x0800c34d   Thumb Code    20  stm32f10x_rcc.o(.text)
    RCC_PCLK2Config                          0x0800c361   Thumb Code    22  stm32f10x_rcc.o(.text)
    RCC_ITConfig                             0x0800c379   Thumb Code    24  stm32f10x_rcc.o(.text)
    RCC_USBCLKConfig                         0x0800c391   Thumb Code    10  stm32f10x_rcc.o(.text)
    RCC_ADCCLKConfig                         0x0800c39d   Thumb Code    20  stm32f10x_rcc.o(.text)
    RCC_OTGFSCLKConfig                       0x0800c3b1   Thumb Code    10  stm32f10x_rcc.o(.text)
    RCC_I2S2CLKConfig                        0x0800c3bd   Thumb Code    12  stm32f10x_rcc.o(.text)
    RCC_I2S3CLKConfig                        0x0800c3c9   Thumb Code    12  stm32f10x_rcc.o(.text)
    RCC_LSEConfig                            0x0800c3d5   Thumb Code    30  stm32f10x_rcc.o(.text)
    RCC_LSICmd                               0x0800c3f5   Thumb Code    12  stm32f10x_rcc.o(.text)
    RCC_RTCCLKConfig                         0x0800c401   Thumb Code    16  stm32f10x_rcc.o(.text)
    RCC_RTCCLKCmd                            0x0800c411   Thumb Code    12  stm32f10x_rcc.o(.text)
    RCC_GetClocksFreq                        0x0800c41d   Thumb Code   204  stm32f10x_rcc.o(.text)
    RCC_AHBPeriphClockCmd                    0x0800c4ed   Thumb Code    24  stm32f10x_rcc.o(.text)
    RCC_APB2PeriphClockCmd                   0x0800c505   Thumb Code    24  stm32f10x_rcc.o(.text)
    RCC_APB1PeriphClockCmd                   0x0800c51d   Thumb Code    24  stm32f10x_rcc.o(.text)
    RCC_AHBPeriphResetCmd                    0x0800c535   Thumb Code    24  stm32f10x_rcc.o(.text)
    RCC_APB2PeriphResetCmd                   0x0800c54d   Thumb Code    24  stm32f10x_rcc.o(.text)
    RCC_APB1PeriphResetCmd                   0x0800c565   Thumb Code    24  stm32f10x_rcc.o(.text)
    RCC_BackupResetCmd                       0x0800c57d   Thumb Code    12  stm32f10x_rcc.o(.text)
    RCC_ClockSecuritySystemCmd               0x0800c589   Thumb Code    10  stm32f10x_rcc.o(.text)
    RCC_MCOConfig                            0x0800c595   Thumb Code    12  stm32f10x_rcc.o(.text)
    RCC_ClearFlag                            0x0800c5a1   Thumb Code    18  stm32f10x_rcc.o(.text)
    RCC_GetITStatus                          0x0800c5b5   Thumb Code    18  stm32f10x_rcc.o(.text)
    RCC_ClearITPendingBit                    0x0800c5c9   Thumb Code    12  stm32f10x_rcc.o(.text)
    USART_DeInit                             0x0800c5d5   Thumb Code   174  stm32f10x_usart.o(.text)
    USART_Init                               0x0800c685   Thumb Code   146  stm32f10x_usart.o(.text)
    USART_StructInit                         0x0800c719   Thumb Code    18  stm32f10x_usart.o(.text)
    USART_ClockInit                          0x0800c72d   Thumb Code    34  stm32f10x_usart.o(.text)
    USART_ClockStructInit                    0x0800c751   Thumb Code     8  stm32f10x_usart.o(.text)
    USART_Cmd                                0x0800c759   Thumb Code    20  stm32f10x_usart.o(.text)
    USART_ITConfig                           0x0800c76d   Thumb Code    46  stm32f10x_usart.o(.text)
    USART_DMACmd                             0x0800c79d   Thumb Code    16  stm32f10x_usart.o(.text)
    USART_SetAddress                         0x0800c7ad   Thumb Code    16  stm32f10x_usart.o(.text)
    USART_WakeUpConfig                       0x0800c7bd   Thumb Code    16  stm32f10x_usart.o(.text)
    USART_ReceiverWakeUpCmd                  0x0800c7cd   Thumb Code    20  stm32f10x_usart.o(.text)
    USART_LINBreakDetectLengthConfig         0x0800c7e1   Thumb Code    16  stm32f10x_usart.o(.text)
    USART_LINCmd                             0x0800c7f1   Thumb Code    20  stm32f10x_usart.o(.text)
    USART_SendData                           0x0800c805   Thumb Code     8  stm32f10x_usart.o(.text)
    USART_ReceiveData                        0x0800c80d   Thumb Code     8  stm32f10x_usart.o(.text)
    USART_SendBreak                          0x0800c815   Thumb Code    10  stm32f10x_usart.o(.text)
    USART_SetGuardTime                       0x0800c821   Thumb Code    16  stm32f10x_usart.o(.text)
    USART_SetPrescaler                       0x0800c831   Thumb Code    16  stm32f10x_usart.o(.text)
    USART_SmartCardCmd                       0x0800c841   Thumb Code    20  stm32f10x_usart.o(.text)
    USART_SmartCardNACKCmd                   0x0800c855   Thumb Code    20  stm32f10x_usart.o(.text)
    USART_HalfDuplexCmd                      0x0800c869   Thumb Code    20  stm32f10x_usart.o(.text)
    USART_IrDAConfig                         0x0800c87d   Thumb Code    16  stm32f10x_usart.o(.text)
    USART_IrDACmd                            0x0800c88d   Thumb Code    20  stm32f10x_usart.o(.text)
    USART_GetFlagStatus                      0x0800c8a1   Thumb Code    10  stm32f10x_usart.o(.text)
    USART_ClearFlag                          0x0800c8ad   Thumb Code     6  stm32f10x_usart.o(.text)
    USART_GetITStatus                        0x0800c8b5   Thumb Code    48  stm32f10x_usart.o(.text)
    USART_ClearITPendingBit                  0x0800c8e5   Thumb Code    14  stm32f10x_usart.o(.text)
    __WFI                                    0x0800c8f5   Thumb Code     0  cortexm3_macro.o(.text)
    __WFE                                    0x0800c8f9   Thumb Code     0  cortexm3_macro.o(.text)
    __SEV                                    0x0800c8fd   Thumb Code     0  cortexm3_macro.o(.text)
    __ISB                                    0x0800c901   Thumb Code     0  cortexm3_macro.o(.text)
    __DSB                                    0x0800c907   Thumb Code     0  cortexm3_macro.o(.text)
    __DMB                                    0x0800c90d   Thumb Code     0  cortexm3_macro.o(.text)
    __SVC                                    0x0800c913   Thumb Code     0  cortexm3_macro.o(.text)
    __MRS_CONTROL                            0x0800c917   Thumb Code     0  cortexm3_macro.o(.text)
    __MSR_CONTROL                            0x0800c91d   Thumb Code     0  cortexm3_macro.o(.text)
    __MRS_PSP                                0x0800c927   Thumb Code     0  cortexm3_macro.o(.text)
    __MSR_PSP                                0x0800c92d   Thumb Code     0  cortexm3_macro.o(.text)
    __MRS_MSP                                0x0800c933   Thumb Code     0  cortexm3_macro.o(.text)
    __MSR_MSP                                0x0800c939   Thumb Code     0  cortexm3_macro.o(.text)
    __SETPRIMASK                             0x0800c93f   Thumb Code     0  cortexm3_macro.o(.text)
    __RESETPRIMASK                           0x0800c943   Thumb Code     0  cortexm3_macro.o(.text)
    __SETFAULTMASK                           0x0800c947   Thumb Code     0  cortexm3_macro.o(.text)
    __RESETFAULTMASK                         0x0800c94b   Thumb Code     0  cortexm3_macro.o(.text)
    __BASEPRICONFIG                          0x0800c94f   Thumb Code     0  cortexm3_macro.o(.text)
    __GetBASEPRI                             0x0800c955   Thumb Code     0  cortexm3_macro.o(.text)
    __REV_HalfWord                           0x0800c95b   Thumb Code     0  cortexm3_macro.o(.text)
    __REV_Word                               0x0800c95f   Thumb Code     0  cortexm3_macro.o(.text)
    __aeabi_memset                           0x0800c963   Thumb Code    14  memseta.o(.text)
    __aeabi_memset4                          0x0800c963   Thumb Code     0  memseta.o(.text)
    __aeabi_memset8                          0x0800c963   Thumb Code     0  memseta.o(.text)
    __aeabi_memclr                           0x0800c971   Thumb Code     4  memseta.o(.text)
    __aeabi_memclr4                          0x0800c971   Thumb Code     0  memseta.o(.text)
    __aeabi_memclr8                          0x0800c971   Thumb Code     0  memseta.o(.text)
    _memset$wrapper                          0x0800c975   Thumb Code    18  memseta.o(.text)
    strncmp                                  0x0800c987   Thumb Code    30  strncmp.o(.text)
    __aeabi_uidiv                            0x0800c9a5   Thumb Code     0  uidiv.o(.text)
    __aeabi_uidivmod                         0x0800c9a5   Thumb Code    44  uidiv.o(.text)
    __aeabi_uldivmod                         0x0800c9d1   Thumb Code    98  uldiv.o(.text)
    __I$use$fp                               0x0800ca33   Thumb Code     0  iusefp.o(.text)
    __aeabi_dadd                             0x0800ca33   Thumb Code   322  dadd.o(.text)
    __aeabi_dsub                             0x0800cb75   Thumb Code     6  dadd.o(.text)
    __aeabi_drsub                            0x0800cb7b   Thumb Code     6  dadd.o(.text)
    __aeabi_dmul                             0x0800cb81   Thumb Code   228  dmul.o(.text)
    __aeabi_ddiv                             0x0800cc65   Thumb Code   222  ddiv.o(.text)
    __aeabi_d2ulz                            0x0800cd43   Thumb Code    48  dfixul.o(.text)
    __aeabi_cdrcmple                         0x0800cd75   Thumb Code    48  cdrcmple.o(.text)
    __scatterload                            0x0800cda5   Thumb Code    28  init.o(.text)
    __scatterload_rt2                        0x0800cda5   Thumb Code     0  init.o(.text)
    __aeabi_llsl                             0x0800cdc9   Thumb Code    30  llshl.o(.text)
    _ll_shift_l                              0x0800cdc9   Thumb Code     0  llshl.o(.text)
    __aeabi_llsr                             0x0800cde7   Thumb Code    32  llushr.o(.text)
    _ll_ushift_r                             0x0800cde7   Thumb Code     0  llushr.o(.text)
    __aeabi_lasr                             0x0800ce07   Thumb Code    36  llsshr.o(.text)
    _ll_sshift_r                             0x0800ce07   Thumb Code     0  llsshr.o(.text)
    _double_round                            0x0800ce2b   Thumb Code    30  depilogue.o(.text)
    _double_epilogue                         0x0800ce49   Thumb Code   156  depilogue.o(.text)
    OSStartHighRdy                           0x0800cee5   Thumb Code     0  os_cpu_a.o(CODE)
    OS_CPU_PendSVHandler                     0x0800cf07   Thumb Code     0  os_cpu_a.o(CODE)
    __0vsnprintf                             0x0800cf69   Thumb Code    46  printfa.o(i.__0vsnprintf)
    __1vsnprintf                             0x0800cf69   Thumb Code     0  printfa.o(i.__0vsnprintf)
    __2vsnprintf                             0x0800cf69   Thumb Code     0  printfa.o(i.__0vsnprintf)
    __c89vsnprintf                           0x0800cf69   Thumb Code     0  printfa.o(i.__0vsnprintf)
    vsnprintf                                0x0800cf69   Thumb Code     0  printfa.o(i.__0vsnprintf)
    __scatterload_copy                       0x0800cf9d   Thumb Code    14  handlers.o(i.__scatterload_copy)
    __scatterload_null                       0x0800cfab   Thumb Code     2  handlers.o(i.__scatterload_null)
    __scatterload_zeroinit                   0x0800cfad   Thumb Code    14  handlers.o(i.__scatterload_zeroinit)
    OSCfg_ISRStkBasePtr                      0x0800d9a0   Data           4  os_cfg_app.o(.rodata.OSCfg_ISRStkBasePtr)
    OSCfg_ISRStkSize                         0x0800d9a4   Data           4  os_cfg_app.o(.rodata.OSCfg_ISRStkSize)
    OSCfg_IdleTaskStkBasePtr                 0x0800d9a8   Data           4  os_cfg_app.o(.rodata.OSCfg_IdleTaskStkBasePtr)
    OSCfg_IdleTaskStkLimit                   0x0800d9ac   Data           4  os_cfg_app.o(.rodata.OSCfg_IdleTaskStkLimit)
    OSCfg_IdleTaskStkSize                    0x0800d9b0   Data           4  os_cfg_app.o(.rodata.OSCfg_IdleTaskStkSize)
    OSCfg_IntQBasePtr                        0x0800d9b4   Data           4  os_cfg_app.o(.rodata.OSCfg_IntQBasePtr)
    OSCfg_IntQSize                           0x0800d9b8   Data           2  os_cfg_app.o(.rodata.OSCfg_IntQSize)
    OSCfg_IntQTaskStkBasePtr                 0x0800d9bc   Data           4  os_cfg_app.o(.rodata.OSCfg_IntQTaskStkBasePtr)
    OSCfg_IntQTaskStkLimit                   0x0800d9c0   Data           4  os_cfg_app.o(.rodata.OSCfg_IntQTaskStkLimit)
    OSCfg_IntQTaskStkSize                    0x0800d9c4   Data           4  os_cfg_app.o(.rodata.OSCfg_IntQTaskStkSize)
    OSCfg_MsgPoolBasePtr                     0x0800d9c8   Data           4  os_cfg_app.o(.rodata.OSCfg_MsgPoolBasePtr)
    OSCfg_MsgPoolSize                        0x0800d9cc   Data           2  os_cfg_app.o(.rodata.OSCfg_MsgPoolSize)
    OSCfg_StatTaskPrio                       0x0800d9ce   Data           1  os_cfg_app.o(.rodata.OSCfg_StatTaskPrio)
    OSCfg_StatTaskRate_Hz                    0x0800d9d0   Data           4  os_cfg_app.o(.rodata.OSCfg_StatTaskRate_Hz)
    OSCfg_StatTaskStkBasePtr                 0x0800d9d4   Data           4  os_cfg_app.o(.rodata.OSCfg_StatTaskStkBasePtr)
    OSCfg_StatTaskStkLimit                   0x0800d9d8   Data           4  os_cfg_app.o(.rodata.OSCfg_StatTaskStkLimit)
    OSCfg_StatTaskStkSize                    0x0800d9dc   Data           4  os_cfg_app.o(.rodata.OSCfg_StatTaskStkSize)
    OSCfg_StkSizeMin                         0x0800d9e0   Data           4  os_cfg_app.o(.rodata.OSCfg_StkSizeMin)
    OSCfg_TickRate_Hz                        0x0800d9e4   Data           4  os_cfg_app.o(.rodata.OSCfg_TickRate_Hz)
    OSCfg_TickTaskPrio                       0x0800d9e8   Data           1  os_cfg_app.o(.rodata.OSCfg_TickTaskPrio)
    OSCfg_TickTaskStkBasePtr                 0x0800d9ec   Data           4  os_cfg_app.o(.rodata.OSCfg_TickTaskStkBasePtr)
    OSCfg_TickTaskStkLimit                   0x0800d9f0   Data           4  os_cfg_app.o(.rodata.OSCfg_TickTaskStkLimit)
    OSCfg_TickTaskStkSize                    0x0800d9f4   Data           4  os_cfg_app.o(.rodata.OSCfg_TickTaskStkSize)
    OSCfg_TickWheelSize                      0x0800d9f8   Data           2  os_cfg_app.o(.rodata.OSCfg_TickWheelSize)
    OSCfg_TmrTaskPrio                        0x0800d9fa   Data           1  os_cfg_app.o(.rodata.OSCfg_TmrTaskPrio)
    OSCfg_TmrTaskRate_Hz                     0x0800d9fc   Data           4  os_cfg_app.o(.rodata.OSCfg_TmrTaskRate_Hz)
    OSCfg_TmrTaskStkBasePtr                  0x0800da00   Data           4  os_cfg_app.o(.rodata.OSCfg_TmrTaskStkBasePtr)
    OSCfg_TmrTaskStkLimit                    0x0800da04   Data           4  os_cfg_app.o(.rodata.OSCfg_TmrTaskStkLimit)
    OSCfg_TmrTaskStkSize                     0x0800da08   Data           4  os_cfg_app.o(.rodata.OSCfg_TmrTaskStkSize)
    OSCfg_TmrWheelSize                       0x0800da0c   Data           2  os_cfg_app.o(.rodata.OSCfg_TmrWheelSize)
    Region$$Table$$Base                      0x0800daf0   Number         0  anon$$obj.o(Region$$Table)
    Region$$Table$$Limit                     0x0800db00   Number         0  anon$$obj.o(Region$$Table)
    BSP_CPU_ClkFreq_MHz                      0x200002c8   Data           4  bsp.o(.bss.BSP_CPU_ClkFreq_MHz)
    BSP_SerRxWait                            0x20000404   Data          40  bsp_ser.o(.bss.BSP_SerRxWait)
    BSP_SerTxWait                            0x2000042c   Data          40  bsp_ser.o(.bss.BSP_SerTxWait)
    CPU_IntDisMeasCtr                        0x20000454   Data           2  cpu_core.o(.bss.CPU_IntDisMeasCtr)
    CPU_IntDisMeasMaxCur_cnts                0x20000458   Data           4  cpu_core.o(.bss.CPU_IntDisMeasMaxCur_cnts)
    CPU_IntDisMeasMax_cnts                   0x2000045c   Data           4  cpu_core.o(.bss.CPU_IntDisMeasMax_cnts)
    CPU_IntDisMeasOvrhd_cnts                 0x20000460   Data           4  cpu_core.o(.bss.CPU_IntDisMeasOvrhd_cnts)
    CPU_IntDisMeasStart_cnts                 0x20000464   Data           4  cpu_core.o(.bss.CPU_IntDisMeasStart_cnts)
    CPU_IntDisMeasStop_cnts                  0x20000468   Data           4  cpu_core.o(.bss.CPU_IntDisMeasStop_cnts)
    CPU_IntDisNestCtr                        0x2000046c   Data           2  cpu_core.o(.bss.CPU_IntDisNestCtr)
    CPU_Name                                 0x2000046e   Data          16  cpu_core.o(.bss.CPU_Name)
    CPU_TS_TmrFreq_Hz                        0x20000480   Data           4  cpu_core.o(.bss.CPU_TS_TmrFreq_Hz)
    OSCfg_ISRStk                             0x200004a4   Data         512  os_cfg_app.o(.bss.OSCfg_ISRStk)
    OSCfg_IdleTaskStk                        0x200006a4   Data         512  os_cfg_app.o(.bss.OSCfg_IdleTaskStk)
    OSCfg_IntQ                               0x200008a4   Data         320  os_cfg_app.o(.bss.OSCfg_IntQ)
    OSCfg_IntQTaskStk                        0x200009e4   Data         512  os_cfg_app.o(.bss.OSCfg_IntQTaskStk)
    OSCfg_MsgPool                            0x20000be4   Data        1600  os_cfg_app.o(.bss.OSCfg_MsgPool)
    OSCfg_StatTaskStk                        0x20001224   Data         512  os_cfg_app.o(.bss.OSCfg_StatTaskStk)
    OSCfg_TickTaskStk                        0x20001424   Data         512  os_cfg_app.o(.bss.OSCfg_TickTaskStk)
    OSCfg_TickWheel                          0x20001624   Data         136  os_cfg_app.o(.bss.OSCfg_TickWheel)
    OSCfg_TmrTaskStk                         0x200016ac   Data         512  os_cfg_app.o(.bss.OSCfg_TmrTaskStk)
    OSCfg_TmrWheel                           0x200018ac   Data         136  os_cfg_app.o(.bss.OSCfg_TmrWheel)
    OSFlagDbgListPtr                         0x20001934   Data           4  os_var.o(.bss.OSFlagDbgListPtr)
    OSFlagQty                                0x20001938   Data           2  os_var.o(.bss.OSFlagQty)
    OSIdleTaskCtr                            0x2000193c   Data           4  os_var.o(.bss.OSIdleTaskCtr)
    OSIdleTaskTCB                            0x20001940   Data         200  os_var.o(.bss.OSIdleTaskTCB)
    OSIntDisTimeMax                          0x20001a08   Data           4  os_var.o(.bss.OSIntDisTimeMax)
    OSIntNestingCtr                          0x20001a0c   Data           1  os_var.o(.bss.OSIntNestingCtr)
    OSIntQInPtr                              0x20001a10   Data           4  os_var.o(.bss.OSIntQInPtr)
    OSIntQNbrEntries                         0x20001a14   Data           2  os_var.o(.bss.OSIntQNbrEntries)
    OSIntQNbrEntriesMax                      0x20001a16   Data           2  os_var.o(.bss.OSIntQNbrEntriesMax)
    OSIntQOutPtr                             0x20001a18   Data           4  os_var.o(.bss.OSIntQOutPtr)
    OSIntQOvfCtr                             0x20001a1c   Data           2  os_var.o(.bss.OSIntQOvfCtr)
    OSIntQTaskTCB                            0x20001a20   Data         200  os_var.o(.bss.OSIntQTaskTCB)
    OSIntQTaskTimeMax                        0x20001ae8   Data           4  os_var.o(.bss.OSIntQTaskTimeMax)
    OSMemDbgListPtr                          0x20001aec   Data           4  os_var.o(.bss.OSMemDbgListPtr)
    OSMemQty                                 0x20001af0   Data           2  os_var.o(.bss.OSMemQty)
    OSMsgPool                                0x20001af4   Data          12  os_var.o(.bss.OSMsgPool)
    OSMutexDbgListPtr                        0x20001b00   Data           4  os_var.o(.bss.OSMutexDbgListPtr)
    OSMutexQty                               0x20001b04   Data           2  os_var.o(.bss.OSMutexQty)
    OSPrioCur                                0x20001b06   Data           1  os_var.o(.bss.OSPrioCur)
    OSPrioHighRdy                            0x20001b07   Data           1  os_var.o(.bss.OSPrioHighRdy)
    OSPrioSaved                              0x20001b08   Data           1  os_var.o(.bss.OSPrioSaved)
    OSPrioTbl                                0x20001b0c   Data           4  os_prio.o(.bss.OSPrioTbl)
    OSQDbgListPtr                            0x20001b10   Data           4  os_var.o(.bss.OSQDbgListPtr)
    OSQQty                                   0x20001b14   Data           2  os_var.o(.bss.OSQQty)
    OSRdyList                                0x20001b18   Data         384  os_var.o(.bss.OSRdyList)
    OSRunning                                0x20001c98   Data           1  os_var.o(.bss.OSRunning)
    OSSchedLockNestingCtr                    0x20001c99   Data           1  os_var.o(.bss.OSSchedLockNestingCtr)
    OSSchedLockTimeBegin                     0x20001c9c   Data           4  os_var.o(.bss.OSSchedLockTimeBegin)
    OSSchedLockTimeMax                       0x20001ca0   Data           4  os_var.o(.bss.OSSchedLockTimeMax)
    OSSchedLockTimeMaxCur                    0x20001ca4   Data           4  os_var.o(.bss.OSSchedLockTimeMaxCur)
    OSSchedRoundRobinDfltTimeQuanta          0x20001ca8   Data           4  os_var.o(.bss.OSSchedRoundRobinDfltTimeQuanta)
    OSSchedRoundRobinEn                      0x20001cac   Data           1  os_var.o(.bss.OSSchedRoundRobinEn)
    OSSemDbgListPtr                          0x20001cb0   Data           4  os_var.o(.bss.OSSemDbgListPtr)
    OSSemQty                                 0x20001cb4   Data           2  os_var.o(.bss.OSSemQty)
    OSStatResetFlag                          0x20001cb6   Data           1  os_var.o(.bss.OSStatResetFlag)
    OSStatTaskCPUUsage                       0x20001cb8   Data           2  os_var.o(.bss.OSStatTaskCPUUsage)
    OSStatTaskCPUUsageMax                    0x20001cba   Data           2  os_var.o(.bss.OSStatTaskCPUUsageMax)
    OSStatTaskCtr                            0x20001cbc   Data           4  os_var.o(.bss.OSStatTaskCtr)
    OSStatTaskCtrMax                         0x20001cc0   Data           4  os_var.o(.bss.OSStatTaskCtrMax)
    OSStatTaskCtrRun                         0x20001cc4   Data           4  os_var.o(.bss.OSStatTaskCtrRun)
    OSStatTaskRdy                            0x20001cc8   Data           1  os_var.o(.bss.OSStatTaskRdy)
    OSStatTaskTCB                            0x20001ccc   Data         200  os_var.o(.bss.OSStatTaskTCB)
    OSStatTaskTimeMax                        0x20001d94   Data           4  os_var.o(.bss.OSStatTaskTimeMax)
    OSTCBCurPtr                              0x20001d98   Data           4  os_var.o(.bss.OSTCBCurPtr)
    OSTCBHighRdyPtr                          0x20001d9c   Data           4  os_var.o(.bss.OSTCBHighRdyPtr)
    OSTaskCtxSwCtr                           0x20001da0   Data           4  os_var.o(.bss.OSTaskCtxSwCtr)
    OSTaskDbgListPtr                         0x20001da4   Data           4  os_var.o(.bss.OSTaskDbgListPtr)
    OSTaskQty                                0x20001da8   Data           2  os_var.o(.bss.OSTaskQty)
    OSTaskRegNextAvailID                     0x20001daa   Data           1  os_var.o(.bss.OSTaskRegNextAvailID)
    OSTickCtr                                0x20001dac   Data           4  os_var.o(.bss.OSTickCtr)
    OSTickTaskTCB                            0x20001db0   Data         200  os_var.o(.bss.OSTickTaskTCB)
    OSTickTaskTimeMax                        0x20001e78   Data           4  os_var.o(.bss.OSTickTaskTimeMax)
    OSTmrDbgListPtr                          0x20001e7c   Data           4  os_var.o(.bss.OSTmrDbgListPtr)
    OSTmrQty                                 0x20001e80   Data           2  os_var.o(.bss.OSTmrQty)
    OSTmrTaskTCB                             0x20001e84   Data         200  os_var.o(.bss.OSTmrTaskTCB)
    OSTmrTaskTimeMax                         0x20001f4c   Data           4  os_var.o(.bss.OSTmrTaskTimeMax)
    OSTmrTickCtr                             0x20001f50   Data           4  os_var.o(.bss.OSTmrTickCtr)
    OSTmrUpdateCnt                           0x20001f54   Data           4  os_var.o(.bss.OSTmrUpdateCnt)
    OSTmrUpdateCtr                           0x20001f58   Data           4  os_var.o(.bss.OSTmrUpdateCtr)
    OS_AppIdleTaskHookPtr                    0x20001f5c   Data           4  os_var.o(.bss.OS_AppIdleTaskHookPtr)
    OS_AppStatTaskHookPtr                    0x20001f60   Data           4  os_var.o(.bss.OS_AppStatTaskHookPtr)
    OS_AppTaskCreateHookPtr                  0x20001f64   Data           4  os_var.o(.bss.OS_AppTaskCreateHookPtr)
    OS_AppTaskDelHookPtr                     0x20001f68   Data           4  os_var.o(.bss.OS_AppTaskDelHookPtr)
    OS_AppTaskReturnHookPtr                  0x20001f6c   Data           4  os_var.o(.bss.OS_AppTaskReturnHookPtr)
    OS_AppTaskSwHookPtr                      0x20001f70   Data           4  os_var.o(.bss.OS_AppTaskSwHookPtr)
    OS_AppTimeTickHookPtr                    0x20001f74   Data           4  os_var.o(.bss.OS_AppTimeTickHookPtr)
    OS_CPU_ExceptStkBase                     0x20001f78   Data           4  os_cpu_c.o(.bss.OS_CPU_ExceptStkBase)
    cur                                      0x20002244   Data           4  app.o(.bss.cur)
    head                                     0x20002248   Data           4  app.o(.bss.head)
    __initial_sp                             0x20002d28   Data           0  cstartup.o(STACK)



==============================================================================

Memory Map of the image

  Image Entry point : 0x08000151

  Load Region LR_IROM1 (Base: 0x08000000, Size: 0x0000db00, Max: 0x00040000, ABSOLUTE)

    Execution Region ER_IROM1 (Exec base: 0x08000000, Load base: 0x08000000, Size: 0x0000db00, Max: 0x00040000, ABSOLUTE)

    Exec Addr    Load Addr    Size         Type   Attr      Idx    E Section Name        Object

    0x08000000   0x08000000   0x00000150   Data   RO           97    RESET               cstartup.o
    0x08000150   0x08000150   0x00000000   Code   RO          715  * .ARM.Collect$$$$00000000  mc_w.l(entry.o)
    0x08000150   0x08000150   0x00000004   Code   RO          750    .ARM.Collect$$$$00000001  mc_w.l(entry2.o)
    0x08000154   0x08000154   0x00000004   Code   RO          753    .ARM.Collect$$$$00000004  mc_w.l(entry5.o)
    0x08000158   0x08000158   0x00000000   Code   RO          755    .ARM.Collect$$$$00000008  mc_w.l(entry7b.o)
    0x08000158   0x08000158   0x00000000   Code   RO          757    .ARM.Collect$$$$0000000A  mc_w.l(entry8b.o)
    0x08000158   0x08000158   0x00000008   Code   RO          758    .ARM.Collect$$$$0000000B  mc_w.l(entry9a.o)
    0x08000160   0x08000160   0x00000000   Code   RO          760    .ARM.Collect$$$$0000000D  mc_w.l(entry10a.o)
    0x08000160   0x08000160   0x00000000   Code   RO          762    .ARM.Collect$$$$0000000F  mc_w.l(entry11a.o)
    0x08000160   0x08000160   0x00000004   Code   RO          751    .ARM.Collect$$$$00002712  mc_w.l(entry2.o)
    0x08000164   0x08000164   0x000005c2   Code   RO            1    .text               app.o
    0x08000726   0x08000726   0x00000002   PAD
    0x08000728   0x08000728   0x00000218   Code   RO           31    .text               bsp.o
    0x08000940   0x08000940   0x00000d28   Code   RO           51    .text               bsp_int.o
    0x08001668   0x08001668   0x00000210   Code   RO           60    .text               bsp_periph.o
    0x08001878   0x08001878   0x00000354   Code   RO           68    .text               bsp_ser.o
    0x08001bcc   0x08001bcc   0x000000c2   Code   RO           87    .text               bsp_os.o
    0x08001c8e   0x08001c8e   0x00000002   PAD
    0x08001c90   0x08001c90   0x00000018   Code   RO           98    .text               cstartup.o
    0x08001ca8   0x08001ca8   0x00000606   Code   RO          104    .text               cpu_core.o
    0x080022ae   0x080022ae   0x00000002   PAD
    0x080022b0   0x080022b0   0x00000034   Code   RO          123    .text               cpu_a.o
    0x080022e4   0x080022e4   0x0000055a   Code   RO          126    .text               cpu_c.o
    0x0800283e   0x0800283e   0x00000002   PAD
    0x08002840   0x08002840   0x0000017e   Code   RO          134    .text               lib_ascii.o
    0x080029be   0x080029be   0x00000002   PAD
    0x080029c0   0x080029c0   0x00000224   Code   RO          152    .text               lib_mem.o
    0x08002be4   0x08002be4   0x00000ab0   Code   RO          160    .text               lib_str.o
    0x08003694   0x08003694   0x00000220   Code   RO          170    .text               lib_mem_a.o
    0x080038b4   0x080038b4   0x00000002   Code   RO          173    .text               os_cfg_app.o
    0x080038b6   0x080038b6   0x00000002   PAD
    0x080038b8   0x080038b8   0x0000138c   Code   RO          231    .text               os_core.o
    0x08004c44   0x08004c44   0x00000a28   Code   RO          241    .text               os_flag.o
    0x0800566c   0x0800566c   0x00000468   Code   RO          251    .text               os_int.o
    0x08005ad4   0x08005ad4   0x000001ee   Code   RO          259    .text               os_mem.o
    0x08005cc2   0x08005cc2   0x00000002   PAD
    0x08005cc4   0x08005cc4   0x000001f0   Code   RO          268    .text               os_msg.o
    0x08005eb4   0x08005eb4   0x0000099a   Code   RO          276    .text               os_mutex.o
    0x0800684e   0x0800684e   0x00000002   PAD
    0x08006850   0x08006850   0x0000008a   Code   RO          294    .text               os_prio.o
    0x080068da   0x080068da   0x00000002   PAD
    0x080068dc   0x080068dc   0x0000089e   Code   RO          303    .text               os_q.o
    0x0800717a   0x0800717a   0x00000002   PAD
    0x0800717c   0x0800717c   0x0000078a   Code   RO          313    .text               os_sem.o
    0x08007906   0x08007906   0x00000002   PAD
    0x08007908   0x08007908   0x00000628   Code   RO          323    .text               os_stat.o
    0x08007f30   0x08007f30   0x000016b0   Code   RO          331    .text               os_task.o
    0x080095e0   0x080095e0   0x00000492   Code   RO          341    .text               os_tick.o
    0x08009a72   0x08009a72   0x00000002   PAD
    0x08009a74   0x08009a74   0x0000045a   Code   RO          350    .text               os_time.o
    0x08009ece   0x08009ece   0x00000002   PAD
    0x08009ed0   0x08009ed0   0x00000906   Code   RO          358    .text               os_tmr.o
    0x0800a7d6   0x0800a7d6   0x00000002   PAD
    0x0800a7d8   0x0800a7d8   0x00000002   Code   RO          438    .text               os_dbg.o
    0x0800a7da   0x0800a7da   0x00000002   PAD
    0x0800a7dc   0x0800a7dc   0x000001e2   Code   RO          520    .text               os_cpu_c.o
    0x0800a9be   0x0800a9be   0x00000002   PAD
    0x0800a9c0   0x0800a9c0   0x00000346   Code   RO          529    .text               stm32f10x_nvic.o
    0x0800ad06   0x0800ad06   0x00000002   PAD
    0x0800ad08   0x0800ad08   0x00000100   Code   RO          594    .text               stm32f10x_exti.o
    0x0800ae08   0x0800ae08   0x0000111e   Code   RO          602    .text               stm32f10x_flash.o
    0x0800bf26   0x0800bf26   0x00000002   PAD
    0x0800bf28   0x0800bf28   0x0000023e   Code   RO          618    .text               stm32f10x_gpio.o
    0x0800c166   0x0800c166   0x00000002   PAD
    0x0800c168   0x0800c168   0x0000046c   Code   RO          644    .text               stm32f10x_rcc.o
    0x0800c5d4   0x0800c5d4   0x0000031e   Code   RO          694    .text               stm32f10x_usart.o
    0x0800c8f2   0x0800c8f2   0x00000002   PAD
    0x0800c8f4   0x0800c8f4   0x0000006e   Code   RO          710    .text               cortexm3_macro.o
    0x0800c962   0x0800c962   0x00000024   Code   RO          718    .text               mc_w.l(memseta.o)
    0x0800c986   0x0800c986   0x0000001e   Code   RO          720    .text               mc_w.l(strncmp.o)
    0x0800c9a4   0x0800c9a4   0x0000002c   Code   RO          778    .text               mc_w.l(uidiv.o)
    0x0800c9d0   0x0800c9d0   0x00000062   Code   RO          780    .text               mc_w.l(uldiv.o)
    0x0800ca32   0x0800ca32   0x00000000   Code   RO          782    .text               mc_w.l(iusefp.o)
    0x0800ca32   0x0800ca32   0x0000014e   Code   RO          783    .text               mf_w.l(dadd.o)
    0x0800cb80   0x0800cb80   0x000000e4   Code   RO          785    .text               mf_w.l(dmul.o)
    0x0800cc64   0x0800cc64   0x000000de   Code   RO          787    .text               mf_w.l(ddiv.o)
    0x0800cd42   0x0800cd42   0x00000030   Code   RO          789    .text               mf_w.l(dfixul.o)
    0x0800cd72   0x0800cd72   0x00000002   PAD
    0x0800cd74   0x0800cd74   0x00000030   Code   RO          791    .text               mf_w.l(cdrcmple.o)
    0x0800cda4   0x0800cda4   0x00000024   Code   RO          793    .text               mc_w.l(init.o)
    0x0800cdc8   0x0800cdc8   0x0000001e   Code   RO          796    .text               mc_w.l(llshl.o)
    0x0800cde6   0x0800cde6   0x00000020   Code   RO          798    .text               mc_w.l(llushr.o)
    0x0800ce06   0x0800ce06   0x00000024   Code   RO          800    .text               mc_w.l(llsshr.o)
    0x0800ce2a   0x0800ce2a   0x000000ba   Code   RO          803    .text               mf_w.l(depilogue.o)
    0x0800cee4   0x0800cee4   0x00000084   Code   RO          517    CODE                os_cpu_a.o
    0x0800cf68   0x0800cf68   0x00000034   Code   RO          728    i.__0vsnprintf      mc_w.l(printfa.o)
    0x0800cf9c   0x0800cf9c   0x0000000e   Code   RO          807    i.__scatterload_copy  mc_w.l(handlers.o)
    0x0800cfaa   0x0800cfaa   0x00000002   Code   RO          808    i.__scatterload_null  mc_w.l(handlers.o)
    0x0800cfac   0x0800cfac   0x0000000e   Code   RO          809    i.__scatterload_zeroinit  mc_w.l(handlers.o)
    0x0800cfba   0x0800cfba   0x00000002   PAD
    0x0800cfbc   0x0800cfbc   0x00000184   Code   RO          730    i._fp_digits        mc_w.l(printfa.o)
    0x0800d140   0x0800d140   0x000006dc   Code   RO          731    i._printf_core      mc_w.l(printfa.o)
    0x0800d81c   0x0800d81c   0x00000024   Code   RO          732    i._printf_post_padding  mc_w.l(printfa.o)
    0x0800d840   0x0800d840   0x0000002e   Code   RO          733    i._printf_pre_padding  mc_w.l(printfa.o)
    0x0800d86e   0x0800d86e   0x00000016   Code   RO          734    i._snputc           mc_w.l(printfa.o)
    0x0800d884   0x0800d884   0x0000001c   Data   RO          620    .rodata..Lswitch.table.GPIO_DeInit.1  stm32f10x_gpio.o
    0x0800d8a0   0x0800d8a0   0x00000100   Data   RO          115    .rodata.CPU_CntLeadZerosTbl  cpu_core.o
    0x0800d9a0   0x0800d9a0   0x00000004   Data   RO          190    .rodata.OSCfg_ISRStkBasePtr  os_cfg_app.o
    0x0800d9a4   0x0800d9a4   0x00000004   Data   RO          191    .rodata.OSCfg_ISRStkSize  os_cfg_app.o
    0x0800d9a8   0x0800d9a8   0x00000004   Data   RO          176    .rodata.OSCfg_IdleTaskStkBasePtr  os_cfg_app.o
    0x0800d9ac   0x0800d9ac   0x00000004   Data   RO          177    .rodata.OSCfg_IdleTaskStkLimit  os_cfg_app.o
    0x0800d9b0   0x0800d9b0   0x00000004   Data   RO          178    .rodata.OSCfg_IdleTaskStkSize  os_cfg_app.o
    0x0800d9b4   0x0800d9b4   0x00000004   Data   RO          181    .rodata.OSCfg_IntQBasePtr  os_cfg_app.o
    0x0800d9b8   0x0800d9b8   0x00000002   Data   RO          182    .rodata.OSCfg_IntQSize  os_cfg_app.o
    0x0800d9ba   0x0800d9ba   0x00000002   PAD
    0x0800d9bc   0x0800d9bc   0x00000004   Data   RO          185    .rodata.OSCfg_IntQTaskStkBasePtr  os_cfg_app.o
    0x0800d9c0   0x0800d9c0   0x00000004   Data   RO          186    .rodata.OSCfg_IntQTaskStkLimit  os_cfg_app.o
    0x0800d9c4   0x0800d9c4   0x00000004   Data   RO          187    .rodata.OSCfg_IntQTaskStkSize  os_cfg_app.o
    0x0800d9c8   0x0800d9c8   0x00000004   Data   RO          196    .rodata.OSCfg_MsgPoolBasePtr  os_cfg_app.o
    0x0800d9cc   0x0800d9cc   0x00000002   Data   RO          193    .rodata.OSCfg_MsgPoolSize  os_cfg_app.o
    0x0800d9ce   0x0800d9ce   0x00000001   Data   RO          197    .rodata.OSCfg_StatTaskPrio  os_cfg_app.o
    0x0800d9cf   0x0800d9cf   0x00000001   PAD
    0x0800d9d0   0x0800d9d0   0x00000004   Data   RO          198    .rodata.OSCfg_StatTaskRate_Hz  os_cfg_app.o
    0x0800d9d4   0x0800d9d4   0x00000004   Data   RO          200    .rodata.OSCfg_StatTaskStkBasePtr  os_cfg_app.o
    0x0800d9d8   0x0800d9d8   0x00000004   Data   RO          201    .rodata.OSCfg_StatTaskStkLimit  os_cfg_app.o
    0x0800d9dc   0x0800d9dc   0x00000004   Data   RO          202    .rodata.OSCfg_StatTaskStkSize  os_cfg_app.o
    0x0800d9e0   0x0800d9e0   0x00000004   Data   RO          204    .rodata.OSCfg_StkSizeMin  os_cfg_app.o
    0x0800d9e4   0x0800d9e4   0x00000004   Data   RO          205    .rodata.OSCfg_TickRate_Hz  os_cfg_app.o
    0x0800d9e8   0x0800d9e8   0x00000001   Data   RO          206    .rodata.OSCfg_TickTaskPrio  os_cfg_app.o
    0x0800d9e9   0x0800d9e9   0x00000003   PAD
    0x0800d9ec   0x0800d9ec   0x00000004   Data   RO          208    .rodata.OSCfg_TickTaskStkBasePtr  os_cfg_app.o
    0x0800d9f0   0x0800d9f0   0x00000004   Data   RO          209    .rodata.OSCfg_TickTaskStkLimit  os_cfg_app.o
    0x0800d9f4   0x0800d9f4   0x00000004   Data   RO          210    .rodata.OSCfg_TickTaskStkSize  os_cfg_app.o
    0x0800d9f8   0x0800d9f8   0x00000002   Data   RO          212    .rodata.OSCfg_TickWheelSize  os_cfg_app.o
    0x0800d9fa   0x0800d9fa   0x00000001   Data   RO          214    .rodata.OSCfg_TmrTaskPrio  os_cfg_app.o
    0x0800d9fb   0x0800d9fb   0x00000001   PAD
    0x0800d9fc   0x0800d9fc   0x00000004   Data   RO          215    .rodata.OSCfg_TmrTaskRate_Hz  os_cfg_app.o
    0x0800da00   0x0800da00   0x00000004   Data   RO          217    .rodata.OSCfg_TmrTaskStkBasePtr  os_cfg_app.o
    0x0800da04   0x0800da04   0x00000004   Data   RO          218    .rodata.OSCfg_TmrTaskStkLimit  os_cfg_app.o
    0x0800da08   0x0800da08   0x00000004   Data   RO          219    .rodata.OSCfg_TmrTaskStkSize  os_cfg_app.o
    0x0800da0c   0x0800da0c   0x00000002   Data   RO          221    .rodata.OSCfg_TmrWheelSize  os_cfg_app.o
    0x0800da0e   0x0800da0e   0x00000002   PAD
    0x0800da10   0x0800da10   0x00000094   Data   RO          162    .rodata.Str_MultOvfThTbl_Int32U  lib_str.o
    0x0800daa4   0x0800daa4   0x00000010   Data   RO          646    .rodata.cst16       stm32f10x_rcc.o
    0x0800dab4   0x0800dab4   0x00000008   Data   RO           34    .rodata.cst8        bsp.o
    0x0800dabc   0x0800dabc   0x00000012   Data   RO          233    .rodata.str1.1      os_core.o
    0x0800dace   0x0800dace   0x00000006   Data   RO          243    .rodata.str1.1      os_flag.o
    0x0800dad4   0x0800dad4   0x00000007   Data   RO          278    .rodata.str1.1      os_mutex.o
    0x0800dadb   0x0800dadb   0x00000003   Data   RO          305    .rodata.str1.1      os_q.o
    0x0800dade   0x0800dade   0x00000005   Data   RO          315    .rodata.str1.1      os_sem.o
    0x0800dae3   0x0800dae3   0x00000006   Data   RO          333    .rodata.str1.1      os_task.o
    0x0800dae9   0x0800dae9   0x00000005   Data   RO          360    .rodata.str1.1      os_tmr.o
    0x0800daee   0x0800daee   0x00000002   PAD
    0x0800daf0   0x0800daf0   0x00000010   Data   RO          806    Region$$Table       anon$$obj.o


    Execution Region RW_IRAM1 (Exec base: 0x20000000, Load base: 0x0800db00, Size: 0x00002d28, Max: 0x00010000, ABSOLUTE)

    Exec Addr    Load Addr    Size         Type   Attr      Idx    E Section Name        Object

    0x20000000        -       0x00000200   Zero   RW            7    .bss.AppTaskStartStk  app.o
    0x20000200        -       0x000000c8   Zero   RW            6    .bss.AppTaskStartTCB  app.o
    0x200002c8        -       0x00000004   Zero   RW           33    .bss.BSP_CPU_ClkFreq_MHz  bsp.o
    0x200002cc        -       0x00000110   Zero   RW           53    .bss.BSP_IntVectTbl  bsp_int.o
    0x200003dc        -       0x00000028   Zero   RW           72    .bss.BSP_SerLock    bsp_ser.o
    0x20000404        -       0x00000028   Zero   RW           71    .bss.BSP_SerRxWait  bsp_ser.o
    0x2000042c        -       0x00000028   Zero   RW           70    .bss.BSP_SerTxWait  bsp_ser.o
    0x20000454        -       0x00000002   Zero   RW          110    .bss.CPU_IntDisMeasCtr  cpu_core.o
    0x20000456   0x0800db00   0x00000002   PAD
    0x20000458        -       0x00000004   Zero   RW          108    .bss.CPU_IntDisMeasMaxCur_cnts  cpu_core.o
    0x2000045c        -       0x00000004   Zero   RW          109    .bss.CPU_IntDisMeasMax_cnts  cpu_core.o
    0x20000460        -       0x00000004   Zero   RW          114    .bss.CPU_IntDisMeasOvrhd_cnts  cpu_core.o
    0x20000464        -       0x00000004   Zero   RW          112    .bss.CPU_IntDisMeasStart_cnts  cpu_core.o
    0x20000468        -       0x00000004   Zero   RW          113    .bss.CPU_IntDisMeasStop_cnts  cpu_core.o
    0x2000046c        -       0x00000002   Zero   RW          111    .bss.CPU_IntDisNestCtr  cpu_core.o
    0x2000046e        -       0x00000010   Zero   RW          106    .bss.CPU_Name       cpu_core.o
    0x2000047e   0x0800db00   0x00000002   PAD
    0x20000480        -       0x00000004   Zero   RW          107    .bss.CPU_TS_TmrFreq_Hz  cpu_core.o
    0x20000484        -       0x00000020   Zero   RW            9    .bss.MemPool        app.o
    0x200004a4        -       0x00000200   Zero   RW          189    .bss.OSCfg_ISRStk   os_cfg_app.o
    0x200006a4        -       0x00000200   Zero   RW          175    .bss.OSCfg_IdleTaskStk  os_cfg_app.o
    0x200008a4        -       0x00000140   Zero   RW          180    .bss.OSCfg_IntQ     os_cfg_app.o
    0x200009e4        -       0x00000200   Zero   RW          184    .bss.OSCfg_IntQTaskStk  os_cfg_app.o
    0x20000be4        -       0x00000640   Zero   RW          195    .bss.OSCfg_MsgPool  os_cfg_app.o
    0x20001224        -       0x00000200   Zero   RW          199    .bss.OSCfg_StatTaskStk  os_cfg_app.o
    0x20001424        -       0x00000200   Zero   RW          207    .bss.OSCfg_TickTaskStk  os_cfg_app.o
    0x20001624        -       0x00000088   Zero   RW          224    .bss.OSCfg_TickWheel  os_cfg_app.o
    0x200016ac        -       0x00000200   Zero   RW          216    .bss.OSCfg_TmrTaskStk  os_cfg_app.o
    0x200018ac        -       0x00000088   Zero   RW          225    .bss.OSCfg_TmrWheel  os_cfg_app.o
    0x20001934        -       0x00000004   Zero   RW          388    .bss.OSFlagDbgListPtr  os_var.o
    0x20001938        -       0x00000002   Zero   RW          389    .bss.OSFlagQty      os_var.o
    0x2000193a   0x0800db00   0x00000002   PAD
    0x2000193c        -       0x00000004   Zero   RW          376    .bss.OSIdleTaskCtr  os_var.o
    0x20001940        -       0x000000c8   Zero   RW          377    .bss.OSIdleTaskTCB  os_var.o
    0x20001a08        -       0x00000004   Zero   RW          379    .bss.OSIntDisTimeMax  os_var.o
    0x20001a0c        -       0x00000001   Zero   RW          378    .bss.OSIntNestingCtr  os_var.o
    0x20001a0d   0x0800db00   0x00000003   PAD
    0x20001a10        -       0x00000004   Zero   RW          381    .bss.OSIntQInPtr    os_var.o
    0x20001a14        -       0x00000002   Zero   RW          383    .bss.OSIntQNbrEntries  os_var.o
    0x20001a16        -       0x00000002   Zero   RW          384    .bss.OSIntQNbrEntriesMax  os_var.o
    0x20001a18        -       0x00000004   Zero   RW          382    .bss.OSIntQOutPtr   os_var.o
    0x20001a1c        -       0x00000002   Zero   RW          385    .bss.OSIntQOvfCtr   os_var.o
    0x20001a1e   0x0800db00   0x00000002   PAD
    0x20001a20        -       0x000000c8   Zero   RW          386    .bss.OSIntQTaskTCB  os_var.o
    0x20001ae8        -       0x00000004   Zero   RW          387    .bss.OSIntQTaskTimeMax  os_var.o
    0x20001aec        -       0x00000004   Zero   RW          390    .bss.OSMemDbgListPtr  os_var.o
    0x20001af0        -       0x00000002   Zero   RW          391    .bss.OSMemQty       os_var.o
    0x20001af2   0x0800db00   0x00000002   PAD
    0x20001af4        -       0x0000000c   Zero   RW          392    .bss.OSMsgPool      os_var.o
    0x20001b00        -       0x00000004   Zero   RW          393    .bss.OSMutexDbgListPtr  os_var.o
    0x20001b04        -       0x00000002   Zero   RW          394    .bss.OSMutexQty     os_var.o
    0x20001b06        -       0x00000001   Zero   RW          395    .bss.OSPrioCur      os_var.o
    0x20001b07        -       0x00000001   Zero   RW          396    .bss.OSPrioHighRdy  os_var.o
    0x20001b08        -       0x00000001   Zero   RW          397    .bss.OSPrioSaved    os_var.o
    0x20001b09   0x0800db00   0x00000003   PAD
    0x20001b0c        -       0x00000004   Zero   RW          296    .bss.OSPrioTbl      os_prio.o
    0x20001b10        -       0x00000004   Zero   RW          398    .bss.OSQDbgListPtr  os_var.o
    0x20001b14        -       0x00000002   Zero   RW          399    .bss.OSQQty         os_var.o
    0x20001b16   0x0800db00   0x00000002   PAD
    0x20001b18        -       0x00000180   Zero   RW          400    .bss.OSRdyList      os_var.o
    0x20001c98        -       0x00000001   Zero   RW          380    .bss.OSRunning      os_var.o
    0x20001c99        -       0x00000001   Zero   RW          404    .bss.OSSchedLockNestingCtr  os_var.o
    0x20001c9a   0x0800db00   0x00000002   PAD
    0x20001c9c        -       0x00000004   Zero   RW          401    .bss.OSSchedLockTimeBegin  os_var.o
    0x20001ca0        -       0x00000004   Zero   RW          402    .bss.OSSchedLockTimeMax  os_var.o
    0x20001ca4        -       0x00000004   Zero   RW          403    .bss.OSSchedLockTimeMaxCur  os_var.o
    0x20001ca8        -       0x00000004   Zero   RW          405    .bss.OSSchedRoundRobinDfltTimeQuanta  os_var.o
    0x20001cac        -       0x00000001   Zero   RW          406    .bss.OSSchedRoundRobinEn  os_var.o
    0x20001cad   0x0800db00   0x00000003   PAD
    0x20001cb0        -       0x00000004   Zero   RW          407    .bss.OSSemDbgListPtr  os_var.o
    0x20001cb4        -       0x00000002   Zero   RW          408    .bss.OSSemQty       os_var.o
    0x20001cb6        -       0x00000001   Zero   RW          409    .bss.OSStatResetFlag  os_var.o
    0x20001cb7   0x0800db00   0x00000001   PAD
    0x20001cb8        -       0x00000002   Zero   RW          410    .bss.OSStatTaskCPUUsage  os_var.o
    0x20001cba        -       0x00000002   Zero   RW          411    .bss.OSStatTaskCPUUsageMax  os_var.o
    0x20001cbc        -       0x00000004   Zero   RW          412    .bss.OSStatTaskCtr  os_var.o
    0x20001cc0        -       0x00000004   Zero   RW          413    .bss.OSStatTaskCtrMax  os_var.o
    0x20001cc4        -       0x00000004   Zero   RW          414    .bss.OSStatTaskCtrRun  os_var.o
    0x20001cc8        -       0x00000001   Zero   RW          415    .bss.OSStatTaskRdy  os_var.o
    0x20001cc9   0x0800db00   0x00000003   PAD
    0x20001ccc        -       0x000000c8   Zero   RW          416    .bss.OSStatTaskTCB  os_var.o
    0x20001d94        -       0x00000004   Zero   RW          417    .bss.OSStatTaskTimeMax  os_var.o
    0x20001d98        -       0x00000004   Zero   RW          432    .bss.OSTCBCurPtr    os_var.o
    0x20001d9c        -       0x00000004   Zero   RW          433    .bss.OSTCBHighRdyPtr  os_var.o
    0x20001da0        -       0x00000004   Zero   RW          418    .bss.OSTaskCtxSwCtr  os_var.o
    0x20001da4        -       0x00000004   Zero   RW          419    .bss.OSTaskDbgListPtr  os_var.o
    0x20001da8        -       0x00000002   Zero   RW          420    .bss.OSTaskQty      os_var.o
    0x20001daa        -       0x00000001   Zero   RW          421    .bss.OSTaskRegNextAvailID  os_var.o
    0x20001dab   0x0800db00   0x00000001   PAD
    0x20001dac        -       0x00000004   Zero   RW          422    .bss.OSTickCtr      os_var.o
    0x20001db0        -       0x000000c8   Zero   RW          423    .bss.OSTickTaskTCB  os_var.o
    0x20001e78        -       0x00000004   Zero   RW          424    .bss.OSTickTaskTimeMax  os_var.o
    0x20001e7c        -       0x00000004   Zero   RW          425    .bss.OSTmrDbgListPtr  os_var.o
    0x20001e80        -       0x00000002   Zero   RW          426    .bss.OSTmrQty       os_var.o
    0x20001e82   0x0800db00   0x00000002   PAD
    0x20001e84        -       0x000000c8   Zero   RW          427    .bss.OSTmrTaskTCB   os_var.o
    0x20001f4c        -       0x00000004   Zero   RW          428    .bss.OSTmrTaskTimeMax  os_var.o
    0x20001f50        -       0x00000004   Zero   RW          429    .bss.OSTmrTickCtr   os_var.o
    0x20001f54        -       0x00000004   Zero   RW          430    .bss.OSTmrUpdateCnt  os_var.o
    0x20001f58        -       0x00000004   Zero   RW          431    .bss.OSTmrUpdateCtr  os_var.o
    0x20001f5c        -       0x00000004   Zero   RW          372    .bss.OS_AppIdleTaskHookPtr  os_var.o
    0x20001f60        -       0x00000004   Zero   RW          373    .bss.OS_AppStatTaskHookPtr  os_var.o
    0x20001f64        -       0x00000004   Zero   RW          369    .bss.OS_AppTaskCreateHookPtr  os_var.o
    0x20001f68        -       0x00000004   Zero   RW          370    .bss.OS_AppTaskDelHookPtr  os_var.o
    0x20001f6c        -       0x00000004   Zero   RW          371    .bss.OS_AppTaskReturnHookPtr  os_var.o
    0x20001f70        -       0x00000004   Zero   RW          374    .bss.OS_AppTaskSwHookPtr  os_var.o
    0x20001f74        -       0x00000004   Zero   RW          375    .bss.OS_AppTimeTickHookPtr  os_var.o
    0x20001f78        -       0x00000004   Zero   RW          522    .bss.OS_CPU_ExceptStkBase  os_cpu_c.o
    0x20001f7c        -       0x00000200   Zero   RW           13    .bss.cliSTK         app.o
    0x2000217c        -       0x000000c8   Zero   RW           12    .bss.cliTCB         app.o
    0x20002244        -       0x00000004   Zero   RW            5    .bss.cur            app.o
    0x20002248        -       0x00000004   Zero   RW            4    .bss.head           app.o
    0x2000224c        -       0x000003e8   Zero   RW           10    .bss.memPoolStorage  app.o
    0x20002634        -       0x00000028   Zero   RW           11    .bss.sensorsFLAG    app.o
    0x2000265c        -       0x00000400   Zero   RW           15    .bss.volcanoDetectHandlerSTK  app.o
    0x20002a5c        -       0x000000c8   Zero   RW           14    .bss.volcanoDetectHandlerTCB  app.o
    0x20002b24   0x0800db00   0x00000004   PAD
    0x20002b28        -       0x00000200   Zero   RW           95    STACK               cstartup.o


==============================================================================

Image component sizes


      Code (inc. data)   RO Data    RW Data    ZI Data      Debug   Object Name

      1474        184          0          0       3728      13907   app.o
       536          0          8          0          4       3662   bsp.o
      3368          0          0          0        272      14455   bsp_int.o
       194          0          0          0          0       9278   bsp_os.o
       528        282          0          0          0       1487   bsp_periph.o
       852         44          0          0        120       7837   bsp_ser.o
       110          0          0          0          0        923   cortexm3_macro.o
        52          0          0          0          0        360   cpu_a.o
      1370         64          0          0          0       5112   cpu_c.o
      1542          0        256          0         44       8947   cpu_core.o
        24          6        336          0        512        696   cstartup.o
       382          0          0          0          0       3296   lib_ascii.o
       548          0          0          0          0       4344   lib_mem.o
       544          0          0          0          0        508   lib_mem_a.o
      2736          0        148          0          0      16805   lib_str.o
         2          0        103          0       5264       6092   os_cfg_app.o
      5004         20         18          0          0      28258   os_core.o
       132         32          0          0          0        404   os_cpu_a.o
       482          0          0          0          4       5667   os_cpu_c.o
         2          0          0          0          0       7270   os_dbg.o
      2600         20          6          0          0      15502   os_flag.o
      1128         28          0          0          0      10857   os_int.o
       494          0          0          0          0       7751   os_mem.o
       496          0          0          0          0       7475   os_msg.o
      2458          4          7          0          0      13632   os_mutex.o
       138          0          0          0          4       1489   os_prio.o
      2206          4          3          0          0      14472   os_q.o
      1930          4          5          0          0      14241   os_sem.o
      1576         20          0          0          0      10618   os_stat.o
      5808         24          6          0          0      22043   os_task.o
      1170         28          0          0          0      11612   os_tick.o
      1114         20          0          0          0      11300   os_time.o
      2310         40          5          0          0      15426   os_tmr.o
         0          0          0          0       1574       7332   os_var.o
       256          0          0          0          0       2441   stm32f10x_exti.o
      4382          0          0          0          0      15421   stm32f10x_flash.o
       574          0         28          0          0       5297   stm32f10x_gpio.o
       838          0          0          0          0       7461   stm32f10x_nvic.o
      1132          4         16          0          0       9494   stm32f10x_rcc.o
       798          0          0          0          0       7259   stm32f10x_usart.o

    ----------------------------------------------------------------------
     51330        828        972          0      11560     350431   Object Totals
         0          0         16          0          0          0   (incl. Generated)
        40          0         11          0         34          0   (incl. Padding)

    ----------------------------------------------------------------------

      Code (inc. data)   RO Data    RW Data    ZI Data      Debug   Library Member Name

         0          0          0          0          0          0   entry.o
         0          0          0          0          0          0   entry10a.o
         0          0          0          0          0          0   entry11a.o
         8          4          0          0          0          0   entry2.o
         4          0          0          0          0          0   entry5.o
         0          0          0          0          0          0   entry7b.o
         0          0          0          0          0          0   entry8b.o
         8          4          0          0          0          0   entry9a.o
        30          0          0          0          0          0   handlers.o
        36          8          0          0          0         68   init.o
         0          0          0          0          0          0   iusefp.o
        30          0          0          0          0         68   llshl.o
        36          0          0          0          0         68   llsshr.o
        32          0          0          0          0         68   llushr.o
        36          0          0          0          0        108   memseta.o
      2300         86          0          0          0        516   printfa.o
        30          0          0          0          0         80   strncmp.o
        44          0          0          0          0         80   uidiv.o
        98          0          0          0          0         92   uldiv.o
        48          0          0          0          0         68   cdrcmple.o
       334          0          0          0          0        148   dadd.o
       222          0          0          0          0        100   ddiv.o
       186          0          0          0          0        176   depilogue.o
        48          0          0          0          0         68   dfixul.o
       228          0          0          0          0         96   dmul.o

    ----------------------------------------------------------------------
      3762        102          0          0          0       1804   Library Totals
         4          0          0          0          0          0   (incl. Padding)

    ----------------------------------------------------------------------

      Code (inc. data)   RO Data    RW Data    ZI Data      Debug   Library Name

      2692        102          0          0          0       1148   mc_w.l
      1066          0          0          0          0        656   mf_w.l

    ----------------------------------------------------------------------
      3762        102          0          0          0       1804   Library Totals

    ----------------------------------------------------------------------

==============================================================================


      Code (inc. data)   RO Data    RW Data    ZI Data      Debug   

     55092        930        972          0      11560     350791   Grand Totals
     55092        930        972          0      11560     350791   ELF Image Totals
     55092        930        972          0          0          0   ROM Totals

==============================================================================

    Total RO  Size (Code + RO Data)                56064 (  54.75kB)
    Total RW  Size (RW Data + ZI Data)             11560 (  11.29kB)
    Total ROM Size (Code + RO Data + RW Data)      56064 (  54.75kB)

==============================================================================

