Component: Arm Compiler for Embedded 6.19 Tool: armlink [5e73cb00]

==============================================================================

Section Cross References

    app.o(.text) refers to bsp_int.o(.text) for BSP_IntDisAll
    app.o(.text) refers to os_core.o(.text) for OSInit
    app.o(.text) refers to app.o(.bss.AppTaskStartStk) for AppTaskStartStk
    app.o(.text) refers to app.o(.bss.AppTaskStartTCB) for AppTaskStartTCB
    app.o(.text) refers to os_task.o(.text) for OSTaskCreate
    app.o(.text) refers to bsp.o(.text) for BSP_Init
    app.o(.text) refers to cpu_core.o(.text) for CPU_Init
    app.o(.text) refers to os_cfg_app.o(.rodata.OSCfg_TickRate_Hz) for OSCfg_TickRate_Hz
    app.o(.text) refers to os_cpu_c.o(.text) for OS_CPU_SysTickInit
    app.o(.text) refers to lib_mem.o(.text) for Mem_Init
    app.o(.text) refers to bsp_ser.o(.text) for BSP_Ser_Init
    app.o(.text) refers to lwip.o(.text) for Init_lwIP
    app.o(.text) refers to app.o(.bss.AppTaskFirstStk) for AppTaskFirstStk
    app.o(.text) refers to app.o(.bss.AppTaskFirstTCB) for AppTaskFirstTCB
    app.o(.text) refers to tcpecho.o(.text) for tcpecho_init
    app.o(.text) refers to os_time.o(.text) for OSTimeDlyHMSM
    app.o(.text) refers to app.o(.bss.taskFirstCount) for taskFirstCount
    app.o(.text) refers to stm32f10x_usart.o(.text) for USART_SendData
    app.o(.ARM.exidx) refers to app.o(.text) for [Anonymous Symbol]
    os_app_hooks.o(.text) refers to cpu_a.o(.text) for CPU_SR_Save
    os_app_hooks.o(.text) refers to cpu_core.o(.text) for CPU_IntDisMeasStart
    os_app_hooks.o(.text) refers to os_var.o(.bss.OS_AppTaskCreateHookPtr) for OS_AppTaskCreateHookPtr
    os_app_hooks.o(.text) refers to os_var.o(.bss.OS_AppTaskDelHookPtr) for OS_AppTaskDelHookPtr
    os_app_hooks.o(.text) refers to os_var.o(.bss.OS_AppTaskReturnHookPtr) for OS_AppTaskReturnHookPtr
    os_app_hooks.o(.text) refers to os_var.o(.bss.OS_AppIdleTaskHookPtr) for OS_AppIdleTaskHookPtr
    os_app_hooks.o(.text) refers to os_var.o(.bss.OS_AppStatTaskHookPtr) for OS_AppStatTaskHookPtr
    os_app_hooks.o(.text) refers to os_var.o(.bss.OS_AppTaskSwHookPtr) for OS_AppTaskSwHookPtr
    os_app_hooks.o(.text) refers to os_var.o(.bss.OS_AppTimeTickHookPtr) for OS_AppTimeTickHookPtr
    os_app_hooks.o(.ARM.exidx) refers to os_app_hooks.o(.text) for [Anonymous Symbol]
    netdatapack.o(.text) refers to dcmpeq.o(.text) for __aeabi_dcmpeq
    netdatapack.o(.text) refers to dcmplt.o(.text) for __aeabi_dcmplt
    netdatapack.o(.text) refers to dmul.o(.text) for __aeabi_dmul
    netdatapack.o(.text) refers to dcmpge.o(.text) for __aeabi_dcmpge
    netdatapack.o(.text) refers to dadd.o(.text) for __aeabi_dadd
    netdatapack.o(.text) refers to ffltl.o(.text) for __aeabi_l2f
    netdatapack.o(.text) refers to fadd.o(.text) for __aeabi_fadd
    netdatapack.o(.text) refers to f2d.o(.text) for __aeabi_f2d
    netdatapack.o(.text) refers to dfixl.o(.text) for __aeabi_d2lz
    netdatapack.o(.text) refers to dfltul.o(.text) for __aeabi_ul2d
    netdatapack.o(.text) refers to dfltl.o(.text) for __aeabi_l2d
    netdatapack.o(.text) refers to ddiv.o(.text) for __aeabi_ddiv
    netdatapack.o(.text) refers to strlen.o(.text) for strlen
    netdatapack.o(.text) refers to memcpya.o(.text) for __aeabi_memcpy
    netdatapack.o(.text) refers to d2f.o(.text) for __aeabi_d2f
    netdatapack.o(.text) refers to fcmpeq.o(.text) for __aeabi_fcmpeq
    netdatapack.o(.text) refers to fcmplt.o(.text) for __aeabi_fcmplt
    netdatapack.o(.text) refers to ctype_o.o(.text) for __rt_ctype_table
    netdatapack.o(.ARM.exidx) refers to netdatapack.o(.text) for [Anonymous Symbol]
    netio.o(.text) refers to tcp.o(.text) for tcp_new
    netio.o(.text) refers to ip_addr.o(.rodata.ip_addr_any) for ip_addr_any
    netio.o(.text) refers to mem.o(.text) for mem_malloc
    netio.o(.text) refers to os_time.o(.text) for OSTimeGet
    netio.o(.text) refers to tcp_out.o(.text) for tcp_write
    netio.o(.text) refers to pbuf.o(.text) for pbuf_free
    netio.o(.ARM.exidx) refers to netio.o(.text) for [Anonymous Symbol]
    sample_http.o(.text) refers to sample_http.o(.bss.counter) for counter
    sample_http.o(.text) refers to tcp.o(.text) for tcp_new
    sample_http.o(.text) refers to ip_addr.o(.rodata.ip_addr_any) for ip_addr_any
    sample_http.o(.text) refers to mem.o(.text) for mem_malloc
    sample_http.o(.text) refers to pbuf.o(.text) for pbuf_free
    sample_http.o(.text) refers to sample_http.o(.rodata.jpeg) for jpeg
    sample_http.o(.text) refers to sample_http.o(.data.demo) for demo
    sample_http.o(.text) refers to printfa.o(i.__0sprintf) for __2sprintf
    sample_http.o(.text) refers to os_time.o(.text) for OSTimeGet
    sample_http.o(.text) refers to sample_http.o(.bss.runtime) for runtime
    sample_http.o(.text) refers to tcp_out.o(.text) for tcp_write
    sample_http.o(.ARM.exidx) refers to sample_http.o(.text) for [Anonymous Symbol]
[...]
    GPIO_DeInit                              0x0800cdd9   Thumb Code    52  stm32f10x_gpio.o(.text)
    GPIO_AFIODeInit                          0x0800ce0d   Thumb Code    22  stm32f10x_gpio.o(.text)
    GPIO_Init                                0x0800ce25   Thumb Code   192  stm32f10x_gpio.o(.text)
    GPIO_StructInit                          0x0800cee5   Thumb Code    12  stm32f10x_gpio.o(.text)
    GPIO_ReadInputDataBit                    0x0800cef1   Thumb Code    10  stm32f10x_gpio.o(.text)
    GPIO_ReadInputData                       0x0800cefd   Thumb Code     6  stm32f10x_gpio.o(.text)
    GPIO_ReadOutputDataBit                   0x0800cf05   Thumb Code    10  stm32f10x_gpio.o(.text)
    GPIO_ReadOutputData                      0x0800cf11   Thumb Code     6  stm32f10x_gpio.o(.text)
    GPIO_SetBits                             0x0800cf19   Thumb Code     4  stm32f10x_gpio.o(.text)
    GPIO_ResetBits                           0x0800cf1d   Thumb Code     4  stm32f10x_gpio.o(.text)
    GPIO_WriteBit                            0x0800cf21   Thumb Code    12  stm32f10x_gpio.o(.text)
    GPIO_Write                               0x0800cf2d   Thumb Code     4  stm32f10x_gpio.o(.text)
    GPIO_PinLockConfig                       0x0800cf31   Thumb Code    16  stm32f10x_gpio.o(.text)
    GPIO_EventOutputConfig                   0x0800cf41   Thumb Code    30  stm32f10x_gpio.o(.text)
    GPIO_EventOutputCmd                      0x0800cf61   Thumb Code    10  stm32f10x_gpio.o(.text)
    GPIO_PinRemapConfig                      0x0800cf6d   Thumb Code   110  stm32f10x_gpio.o(.text)
    GPIO_EXTILineConfig                      0x0800cfdd   Thumb Code    46  stm32f10x_gpio.o(.text)
    GPIO_ETH_MediaInterfaceConfig            0x0800d00d   Thumb Code    10  stm32f10x_gpio.o(.text)
    RCC_DeInit                               0x0800d019   Thumb Code    64  stm32f10x_rcc.o(.text)
    RCC_HSEConfig                            0x0800d059   Thumb Code    50  stm32f10x_rcc.o(.text)
    RCC_WaitForHSEStartUp                    0x0800d08d   Thumb Code    48  stm32f10x_rcc.o(.text)
    RCC_GetFlagStatus                        0x0800d0bd   Thumb Code    38  stm32f10x_rcc.o(.text)
    RCC_AdjustHSICalibrationValue            0x0800d0e5   Thumb Code    22  stm32f10x_rcc.o(.text)
    RCC_HSICmd                               0x0800d0fd   Thumb Code    10  stm32f10x_rcc.o(.text)
    RCC_PLLConfig                            0x0800d109   Thumb Code    22  stm32f10x_rcc.o(.text)
    RCC_PLLCmd                               0x0800d121   Thumb Code    10  stm32f10x_rcc.o(.text)
    RCC_PREDIV1Config                        0x0800d12d   Thumb Code    32  stm32f10x_rcc.o(.text)
    RCC_PREDIV2Config                        0x0800d14d   Thumb Code    20  stm32f10x_rcc.o(.text)
    RCC_PLL1Config                           0x0800d161   Thumb Code    22  stm32f10x_rcc.o(.text)
    RCC_PLL1Cmd                              0x0800d179   Thumb Code    10  stm32f10x_rcc.o(.text)
    RCC_PLL2Config                           0x0800d185   Thumb Code    20  stm32f10x_rcc.o(.text)
    RCC_PLL2Cmd                              0x0800d199   Thumb Code    10  stm32f10x_rcc.o(.text)
    RCC_PLL3Config                           0x0800d1a5   Thumb Code    20  stm32f10x_rcc.o(.text)
    RCC_PLL3Cmd                              0x0800d1b9   Thumb Code    10  stm32f10x_rcc.o(.text)
    RCC_SYSCLKConfig                         0x0800d1c5   Thumb Code    20  stm32f10x_rcc.o(.text)
    RCC_GetSYSCLKSource                      0x0800d1d9   Thumb Code    16  stm32f10x_rcc.o(.text)
    RCC_HCLKConfig                           0x0800d1e9   Thumb Code    20  stm32f10x_rcc.o(.text)
    RCC_PCLK1Config                          0x0800d1fd   Thumb Code    20  stm32f10x_rcc.o(.text)
    RCC_PCLK2Config                          0x0800d211   Thumb Code    22  stm32f10x_rcc.o(.text)
    RCC_ITConfig                             0x0800d229   Thumb Code    24  stm32f10x_rcc.o(.text)
    RCC_USBCLKConfig                         0x0800d241   Thumb Code    10  stm32f10x_rcc.o(.text)
    RCC_ADCCLKConfig                         0x0800d24d   Thumb Code    20  stm32f10x_rcc.o(.text)
    RCC_OTGFSCLKConfig                       0x0800d261   Thumb Code    10  stm32f10x_rcc.o(.text)
    RCC_I2S2CLKConfig                        0x0800d26d   Thumb Code    12  stm32f10x_rcc.o(.text)
    RCC_I2S3CLKConfig                        0x0800d279   Thumb Code    12  stm32f10x_rcc.o(.text)
    RCC_LSEConfig                            0x0800d285   Thumb Code    30  stm32f10x_rcc.o(.text)
    RCC_LSICmd                               0x0800d2a5   Thumb Code    12  stm32f10x_rcc.o(.text)
    RCC_RTCCLKConfig                         0x0800d2b1   Thumb Code    16  stm32f10x_rcc.o(.text)
    RCC_RTCCLKCmd                            0x0800d2c1   Thumb Code    12  stm32f10x_rcc.o(.text)
    RCC_GetClocksFreq                        0x0800d2cd   Thumb Code   204  stm32f10x_rcc.o(.text)
    RCC_AHBPeriphClockCmd                    0x0800d39d   Thumb Code    24  stm32f10x_rcc.o(.text)
    RCC_APB2PeriphClockCmd                   0x0800d3b5   Thumb Code    24  stm32f10x_rcc.o(.text)
    RCC_APB1PeriphClockCmd                   0x0800d3cd   Thumb Code    24  stm32f10x_rcc.o(.text)
    RCC_AHBPeriphResetCmd                    0x0800d3e5   Thumb Code    24  stm32f10x_rcc.o(.text)
    RCC_APB2PeriphResetCmd                   0x0800d3fd   Thumb Code    24  stm32f10x_rcc.o(.text)
    RCC_APB1PeriphResetCmd                   0x0800d415   Thumb Code    24  stm32f10x_rcc.o(.text)
    RCC_BackupResetCmd                       0x0800d42d   Thumb Code    12  stm32f10x_rcc.o(.text)
    RCC_ClockSecuritySystemCmd               0x0800d439   Thumb Code    10  stm32f10x_rcc.o(.text)
    RCC_MCOConfig                            0x0800d445   Thumb Code    12  stm32f10x_rcc.o(.text)
    RCC_ClearFlag                            0x0800d451   Thumb Code    18  stm32f10x_rcc.o(.text)
    RCC_GetITStatus                          0x0800d465   Thumb Code    18  stm32f10x_rcc.o(.text)
    RCC_ClearITPendingBit                    0x0800d479   Thumb Code    12  stm32f10x_rcc.o(.text)
    USART_DeInit                             0x0800d485   Thumb Code   174  stm32f10x_usart.o(.text)
    USART_Init                               0x0800d535   Thumb Code   146  stm32f10x_usart.o(.text)
    USART_StructInit                         0x0800d5c9   Thumb Code    18  stm32f10x_usart.o(.text)
    USART_ClockInit                          0x0800d5dd   Thumb Code    34  stm32f10x_usart.o(.text)
    USART_ClockStructInit                    0x0800d601   Thumb Code     8  stm32f10x_usart.o(.text)
    USART_Cmd                                0x0800d609   Thumb Code    20  stm32f10x_usart.o(.text)
    USART_ITConfig                           0x0800d61d   Thumb Code    46  stm32f10x_usart.o(.text)
    USART_DMACmd                             0x0800d64d   Thumb Code    16  stm32f10x_usart.o(.text)
    USART_SetAddress                         0x0800d65d   Thumb Code    16  stm32f10x_usart.o(.text)
    USART_WakeUpConfig                       0x0800d66d   Thumb Code    16  stm32f10x_usart.o(.text)
    USART_ReceiverWakeUpCmd                  0x0800d67d   Thumb Code    20  stm32f10x_usart.o(.text)
    USART_LINBreakDetectLengthConfig         0x0800d691   Thumb Code    16  stm32f10x_usart.o(.text)
    USART_LINCmd                             0x0800d6a1   Thumb Code    20  stm32f10x_usart.o(.text)
    USART_SendData                           0x0800d6b5   Thumb Code     8  stm32f10x_usart.o(.text)
    USART_ReceiveData                        0x0800d6bd   Thumb Code     8  stm32f10x_usart.o(.text)
    USART_SendBreak                          0x0800d6c5   Thumb Code    10  stm32f10x_usart.o(.text)
    USART_SetGuardTime                       0x0800d6d1   Thumb Code    16  stm32f10x_usart.o(.text)
    USART_SetPrescaler                       0x0800d6e1   Thumb Code    16  stm32f10x_usart.o(.text)
    USART_SmartCardCmd                       0x0800d6f1   Thumb Code    20  stm32f10x_usart.o(.text)
    USART_SmartCardNACKCmd                   0x0800d705   Thumb Code    20  stm32f10x_usart.o(.text)
    USART_HalfDuplexCmd                      0x0800d719   Thumb Code    20  stm32f10x_usart.o(.text)
    USART_IrDAConfig                         0x0800d72d   Thumb Code    16  stm32f10x_usart.o(.text)
    USART_IrDACmd                            0x0800d73d   Thumb Code    20  stm32f10x_usart.o(.text)
    USART_GetFlagStatus                      0x0800d751   Thumb Code    10  stm32f10x_usart.o(.text)
    USART_ClearFlag                          0x0800d75d   Thumb Code     6  stm32f10x_usart.o(.text)
    USART_GetITStatus                        0x0800d765   Thumb Code    48  stm32f10x_usart.o(.text)
    USART_ClearITPendingBit                  0x0800d795   Thumb Code    14  stm32f10x_usart.o(.text)
    Init_lwIP                                0x0800d7a5   Thumb Code   142  lwip.o(.text)
    Display_IPAddress                        0x0800d839   Thumb Code   352  lwip.o(.text)
    LwIP_Pkt_Handle                          0x0800da19   Thumb Code    48  lwip.o(.text)
    sys_mbox_new                             0x0800da49   Thumb Code    64  sys_arch.o(.text)
    sys_mbox_free                            0x0800daa1   Thumb Code   104  sys_arch.o(.text)
    sys_mbox_valid                           0x0800db21   Thumb Code    30  sys_arch.o(.text)
    sys_mbox_post                            0x0800db41   Thumb Code   104  sys_arch.o(.text)
    sys_mbox_trypost                         0x0800dbc1   Thumb Code    52  sys_arch.o(.text)
    sys_arch_mbox_fetch                      0x0800dbf5   Thumb Code    88  sys_arch.o(.text)
    sys_mbox_set_invalid                     0x0800dc4d   Thumb Code    38  sys_arch.o(.text)
    sys_sem_new                              0x0800dc75   Thumb Code    32  sys_arch.o(.text)
    sys_arch_sem_wait                        0x0800dc9d   Thumb Code    84  sys_arch.o(.text)
    sys_sem_signal                           0x0800dcf1   Thumb Code    18  sys_arch.o(.text)
    sys_sem_free                             0x0800dd05   Thumb Code    56  sys_arch.o(.text)
    sys_sem_valid                            0x0800dd3d   Thumb Code    30  sys_arch.o(.text)
    sys_sem_set_invalid                      0x0800dd5d   Thumb Code    78  sys_arch.o(.text)
    sys_init                                 0x0800ddad   Thumb Code    76  sys_arch.o(.text)
    Set_MAC_Address                          0x0800de15   Thumb Code    54  ethernetif.o(.text)
    ethernetif_input                         0x0800de4d   Thumb Code   200  ethernetif.o(.text)
    ethernetif_init                          0x0800df15   Thumb Code   212  ethernetif.o(.text)
    ETH_RxPkt_ChainMode                      0x0800e0b5   Thumb Code    94  ethernetif.o(.text)
    ETH_TxPkt_ChainMode                      0x0800e115   Thumb Code    68  ethernetif.o(.text)
    ETH_GetCurrentTxBuffer                   0x0800e159   Thumb Code    14  ethernetif.o(.text)
    netconn_new_with_proto_and_callback      0x0800e169   Thumb Code   200  api_lib.o(.text)
    netconn_delete                           0x0800e2ad   Thumb Code    46  api_lib.o(.text)
    netconn_getaddr                          0x0800e2dd   Thumb Code   132  api_lib.o(.text)
    netconn_bind                             0x0800e3c1   Thumb Code    68  api_lib.o(.text)
    netconn_connect                          0x0800e421   Thumb Code    68  api_lib.o(.text)
    netconn_disconnect                       0x0800e485   Thumb Code    64  api_lib.o(.text)
    netconn_listen_with_backlog              0x0800e4e9   Thumb Code    64  api_lib.o(.text)
    netconn_accept                           0x0800e549   Thumb Code   108  api_lib.o(.text)
    netconn_recv                             0x0800e5f9   Thumb Code   260  api_lib.o(.text)
    netconn_sendto                           0x0800e719   Thumb Code    88  api_lib.o(.text)
    netconn_send                             0x0800e771   Thumb Code    72  api_lib.o(.text)
    netconn_write                            0x0800e7b9   Thumb Code   108  api_lib.o(.text)
    netconn_close                            0x0800e865   Thumb Code    64  api_lib.o(.text)
    do_newconn                               0x0800e8c1   Thumb Code   222  api_msg.o(.text)
    netconn_alloc                            0x0800e9a1   Thumb Code    98  api_msg.o(.text)
    netconn_free                             0x0800ea05   Thumb Code   136  api_msg.o(.text)
    do_delconn                               0x0800eaf9   Thumb Code   102  api_msg.o(.text)
    do_bind                                  0x0800ed3d   Thumb Code    94  api_msg.o(.text)
    do_connect                               0x0800ed9d   Thumb Code   172  api_msg.o(.text)
    do_disconnect                            0x0800eeb1   Thumb Code    34  api_msg.o(.text)
    do_listen                                0x0800eed5   Thumb Code   152  api_msg.o(.text)
    do_send                                  0x0800f061   Thumb Code    90  api_msg.o(.text)
    do_recv                                  0x0800f0bd   Thumb Code    44  api_msg.o(.text)
    do_write                                 0x0800f0e9   Thumb Code    92  api_msg.o(.text)
    do_getaddr                               0x0800f295   Thumb Code   152  api_msg.o(.text)
    do_close                                 0x0800f32d   Thumb Code    30  api_msg.o(.text)
    netbuf_new                               0x0800f7c1   Thumb Code    28  netbuf.o(.text)
    netbuf_delete                            0x0800f7dd   Thumb Code    34  netbuf.o(.text)
    netbuf_alloc                             0x0800f801   Thumb Code   104  netbuf.o(.text)
    netbuf_free                              0x0800f8a9   Thumb Code    54  netbuf.o(.text)
    netbuf_ref                               0x0800f8e1   Thumb Code    88  netbuf.o(.text)
    netbuf_chain                             0x0800f951   Thumb Code    88  netbuf.o(.text)
    netbuf_data                              0x0800f9e1   Thumb Code   108  netbuf.o(.text)
    netbuf_next                              0x0800faa5   Thumb Code    60  netbuf.o(.text)
    netbuf_first                             0x0800fae1   Thumb Code    38  netbuf.o(.text)
    lwip_socket_init                         0x0800fb09   Thumb Code    22  sockets.o(.text)
    lwip_accept                              0x0800fb21   Thumb Code   436  sockets.o(.text)
    lwip_bind                                0x0800fe75   Thumb Code   152  sockets.o(.text)
    lwip_close                               0x0800ff29   Thumb Code   102  sockets.o(.text)
    lwip_connect                             0x0800ff91   Thumb Code   152  sockets.o(.text)
    lwip_listen                              0x08010049   Thumb Code   106  sockets.o(.text)
    lwip_recvfrom                            0x080100b5   Thumb Code   568  sockets.o(.text)
    lwip_read                                0x08010315   Thumb Code    26  sockets.o(.text)
    lwip_recv                                0x08010331   Thumb Code    20  sockets.o(.text)
    lwip_send                                0x08010345   Thumb Code   126  sockets.o(.text)
    lwip_sendto                              0x080103c5   Thumb Code   376  sockets.o(.text)
    lwip_socket                              0x08010581   Thumb Code   178  sockets.o(.text)
    lwip_write                               0x08010635   Thumb Code   122  sockets.o(.text)
    lwip_select                              0x080106b1   Thumb Code   694  sockets.o(.text)
    lwip_shutdown                            0x08010969   Thumb Code   102  sockets.o(.text)
    lwip_getpeername                         0x080109d1   Thumb Code   126  sockets.o(.text)
    lwip_getsockname                         0x08010a51   Thumb Code   126  sockets.o(.text)
    lwip_getsockopt                          0x08010ad1   Thumb Code   300  sockets.o(.text)
    lwip_setsockopt                          0x08010d25   Thumb Code   252  sockets.o(.text)
    lwip_ioctl                               0x08010ef1   Thumb Code   152  sockets.o(.text)
    tcp_timer_needed                         0x08010f89   Thumb Code   172  tcpip.o(.text)
    tcpip_input                              0x080110e9   Thumb Code    78  tcpip.o(.text)
    tcpip_callback_with_block                0x08011139   Thumb Code    96  tcpip.o(.text)
    tcpip_timeout                            0x08011199   Thumb Code    72  tcpip.o(.text)
    tcpip_untimeout                          0x080111e1   Thumb Code    68  tcpip.o(.text)
    tcpip_apimsg                             0x08011225   Thumb Code    62  tcpip.o(.text)
    tcpip_init                               0x08011265   Thumb Code   136  tcpip.o(.text)
    pbuf_free_callback                       0x0801155d   Thumb Code    84  tcpip.o(.text)
    mem_free_callback                        0x080115b5   Thumb Code    84  tcpip.o(.text)
    dhcp_coarse_tmr                          0x0801172d   Thumb Code   104  dhcp.o(.text)
    dhcp_fine_tmr                            0x08011795   Thumb Code   178  dhcp.o(.text)
    dhcp_start                               0x08011849   Thumb Code   208  dhcp.o(.text)
    dhcp_stop                                0x08011e81   Thumb Code   116  dhcp.o(.text)
    dhcp_inform                              0x08011f11   Thumb Code   444  dhcp.o(.text)
    dhcp_arp_reply                           0x08012525   Thumb Code   464  dhcp.o(.text)
    dhcp_renew                               0x080126f5   Thumb Code   398  dhcp.o(.text)
    dhcp_release                             0x08012885   Thumb Code   314  dhcp.o(.text)
    lwip_init                                0x080132bd   Thumb Code    40  init.o(.text)
    mem_init                                 0x08013309   Thumb Code   100  mem.o(.text)
    mem_free                                 0x080133ed   Thumb Code    40  mem.o(.text)
    mem_realloc                              0x08013435   Thumb Code     2  mem.o(.text)
    mem_malloc                               0x08013439   Thumb Code    44  mem.o(.text)
    mem_calloc                               0x08013465   Thumb Code    44  mem.o(.text)
    netif_add                                0x08013491   Thumb Code   192  netif.o(.text)
    netif_set_addr                           0x08013551   Thumb Code   124  netif.o(.text)
    netif_set_ipaddr                         0x080135cd   Thumb Code    92  netif.o(.text)
    netif_set_netmask                        0x08013629   Thumb Code    12  netif.o(.text)
    netif_set_gw                             0x08013635   Thumb Code    12  netif.o(.text)
    netif_remove                             0x08013641   Thumb Code    72  netif.o(.text)
    netif_set_default                        0x08013689   Thumb Code    12  netif.o(.text)
    netif_find                               0x08013695   Thumb Code    72  netif.o(.text)
    netif_set_up                             0x080136dd   Thumb Code    30  netif.o(.text)
    netif_set_down                           0x080136fd   Thumb Code    18  netif.o(.text)
    netif_is_up                              0x08013711   Thumb Code    10  netif.o(.text)
    pbuf_init                                0x0801371d   Thumb Code    92  pbuf.o(.text)
    pbuf_alloc                               0x080137c5   Thumb Code   176  pbuf.o(.text)
    pbuf_realloc                             0x080138c9   Thumb Code     2  pbuf.o(.text)
    pbuf_header                              0x080138cd   Thumb Code   168  pbuf.o(.text)
    pbuf_free                                0x080139a1   Thumb Code   112  pbuf.o(.text)
    pbuf_clen                                0x08013a29   Thumb Code    16  pbuf.o(.text)
    pbuf_ref                                 0x08013a39   Thumb Code    14  pbuf.o(.text)
    pbuf_cat                                 0x08013a49   Thumb Code    48  pbuf.o(.text)
    pbuf_chain                               0x08013a79   Thumb Code    60  pbuf.o(.text)
    pbuf_dechain                             0x08013ab5   Thumb Code   136  pbuf.o(.text)
    pbuf_copy                                0x08013b5d   Thumb Code   224  pbuf.o(.text)
    pbuf_copy_partial                        0x08013c9d   Thumb Code   136  pbuf.o(.text)
    pbuf_take                                0x08013d69   Thumb Code   224  pbuf.o(.text)
    pbuf_coalesce                            0x08013ead   Thumb Code   232  pbuf.o(.text)
    raw_input                                0x08013fa9   Thumb Code   114  raw.o(.text)
    raw_bind                                 0x0801401d   Thumb Code    16  raw.o(.text)
    raw_connect                              0x0801402d   Thumb Code    16  raw.o(.text)
    raw_recv                                 0x0801403d   Thumb Code     6  raw.o(.text)
    raw_sendto                               0x08014045   Thumb Code   160  raw.o(.text)
    raw_send                                 0x08014159   Thumb Code     6  raw.o(.text)
    raw_remove                               0x08014161   Thumb Code    46  raw.o(.text)
    raw_new                                  0x08014191   Thumb Code    52  raw.o(.text)
    sys_mbox_fetch                           0x080141c5   Thumb Code    48  sys.o(.text)
    sys_untimeout                            0x08014215   Thumb Code     2  sys.o(.text)
    tcp_tmr                                  0x08014219   Thumb Code   122  tcp.o(.text)
    tcp_fasttmr                              0x08014295   Thumb Code   100  tcp.o(.text)
    tcp_slowtmr                              0x080142f9   Thumb Code   852  tcp.o(.text)
    tcp_close                                0x080146d5   Thumb Code   190  tcp.o(.text)
    tcp_pcb_remove                           0x08014795   Thumb Code   172  tcp.o(.text)
    tcp_abandon                              0x08014875   Thumb Code   204  tcp.o(.text)
    tcp_segs_free                            0x08014941   Thumb Code    50  tcp.o(.text)
    tcp_bind                                 0x08014975   Thumb Code   392  tcp.o(.text)
    tcp_listen_with_backlog                  0x08014b25   Thumb Code   188  tcp.o(.text)
    tcp_update_rcv_ann_wnd                   0x08014c0d   Thumb Code    58  tcp.o(.text)
    tcp_recved                               0x08014c49   Thumb Code   128  tcp.o(.text)
    tcp_connect                              0x08014ced   Thumb Code   432  tcp.o(.text)
    tcp_next_iss                             0x08014ed1   Thumb Code    26  tcp.o(.text)
    tcp_eff_send_mss                         0x08014eed   Thumb Code    30  tcp.o(.text)
    tcp_pcb_purge                            0x08014f0d   Thumb Code   104  tcp.o(.text)
    tcp_seg_free                             0x08014f75   Thumb Code    34  tcp.o(.text)
    tcp_setprio                              0x08014f99   Thumb Code     4  tcp.o(.text)
    tcp_alloc                                0x08014f9d   Thumb Code   316  tcp.o(.text)
    tcp_new                                  0x080150f5   Thumb Code     6  tcp.o(.text)
    tcp_arg                                  0x080150fd   Thumb Code     4  tcp.o(.text)
    tcp_recv                                 0x08015101   Thumb Code     6  tcp.o(.text)
    tcp_sent                                 0x08015109   Thumb Code     6  tcp.o(.text)
    tcp_err                                  0x08015111   Thumb Code     6  tcp.o(.text)
    tcp_accept                               0x08015119   Thumb Code     4  tcp.o(.text)
    tcp_poll                                 0x0801511d   Thumb Code    10  tcp.o(.text)
    tcp_input                                0x08015129   Thumb Code  1116  tcp_in.o(.text)
    tcp_send_ctrl                            0x08016465   Thumb Code    30  tcp_out.o(.text)
    tcp_enqueue                              0x08016485   Thumb Code  1312  tcp_out.o(.text)
    tcp_write                                0x08016a21   Thumb Code    60  tcp_out.o(.text)
    tcp_output                               0x08016a5d   Thumb Code   796  tcp_out.o(.text)
    tcp_rst                                  0x08016df9   Thumb Code   200  tcp_out.o(.text)
    tcp_rexmit_rto                           0x08016ec1   Thumb Code    46  tcp_out.o(.text)
    tcp_rexmit                               0x08016ef1   Thumb Code    96  tcp_out.o(.text)
    tcp_keepalive                            0x08016f51   Thumb Code   116  tcp_out.o(.text)
    tcp_zero_window_probe                    0x08016fc5   Thumb Code   124  tcp_out.o(.text)
    udp_init                                 0x08017041   Thumb Code    64  udp.o(.text)
    udp_input                                0x080170bd   Thumb Code   400  udp.o(.text)
    udp_send                                 0x08017261   Thumb Code    54  udp.o(.text)
    udp_sendto                               0x08017299   Thumb Code    54  udp.o(.text)
    udp_sendto_if                            0x080172d1   Thumb Code   388  udp.o(.text)
    udp_bind                                 0x08017485   Thumb Code   194  udp.o(.text)
    udp_connect                              0x08017549   Thumb Code   238  udp.o(.text)
    udp_disconnect                           0x08017639   Thumb Code    26  udp.o(.text)
    udp_recv                                 0x08017655   Thumb Code     6  udp.o(.text)
    udp_remove                               0x0801765d   Thumb Code    66  udp.o(.text)
    udp_new                                  0x080176a1   Thumb Code    60  udp.o(.text)
    inet_addr                                0x080176f9   Thumb Code    26  inet.o(.text)
    inet_aton                                0x08017715   Thumb Code   534  inet.o(.text)
    htonl                                    0x0801792d   Thumb Code     4  inet.o(.text)
    inet_ntoa                                0x08017931   Thumb Code   150  inet.o(.text)
    htons                                    0x080179c9   Thumb Code     4  inet.o(.text)
    ntohs                                    0x080179cd   Thumb Code     4  inet.o(.text)
    ntohl                                    0x080179d1   Thumb Code     4  inet.o(.text)
    inet_chksum_pseudo                       0x080179d5   Thumb Code   198  inet_chksum.o(.text)
    inet_chksum                              0x08017a9d   Thumb Code    62  inet_chksum.o(.text)
    inet_chksum_pbuf                         0x08017add   Thumb Code   134  inet_chksum.o(.text)
    ip_current_netif                         0x08017b65   Thumb Code    12  ip.o(.text)
    ip_current_header                        0x08017b71   Thumb Code    12  ip.o(.text)
    ip_route                                 0x08017b7d   Thumb Code    82  ip.o(.text)
    ip_input                                 0x08017bd1   Thumb Code   354  ip.o(.text)
    ip_output_if                             0x08017d35   Thumb Code   232  ip.o(.text)
    ip_output                                0x08017e9d   Thumb Code   130  ip.o(.text)
    ip_addr_isbroadcast                      0x08017f21   Thumb Code    54  ip_addr.o(.text)
    ip_frag                                  0x08017f59   Thumb Code   320  ip_frag.o(.text)
    etharp_tmr                               0x08018099   Thumb Code   200  etharp.o(.text)
    etharp_find_addr                         0x08018161   Thumb Code    68  etharp.o(.text)
    etharp_ip_input                          0x08018415   Thumb Code    72  etharp.o(.text)
    etharp_arp_input                         0x080185b1   Thumb Code   328  etharp.o(.text)
    etharp_output                            0x080186f9   Thumb Code   262  etharp.o(.text)
    etharp_query                             0x08018801   Thumb Code   388  etharp.o(.text)
    etharp_request                           0x08018a2d   Thumb Code   248  etharp.o(.text)
    ethernet_input                           0x08018b59   Thumb Code   172  etharp.o(.text)
    __aeabi_memcpy                           0x08018c29   Thumb Code    36  memcpya.o(.text)
    __aeabi_memcpy4                          0x08018c29   Thumb Code     0  memcpya.o(.text)
    __aeabi_memcpy8                          0x08018c29   Thumb Code     0  memcpya.o(.text)
    __aeabi_memset                           0x08018c4d   Thumb Code    14  memseta.o(.text)
    __aeabi_memset4                          0x08018c4d   Thumb Code     0  memseta.o(.text)
    __aeabi_memset8                          0x08018c4d   Thumb Code     0  memseta.o(.text)
    __aeabi_memclr                           0x08018c5b   Thumb Code     4  memseta.o(.text)
    __aeabi_memclr4                          0x08018c5b   Thumb Code     0  memseta.o(.text)
    __aeabi_memclr8                          0x08018c5b   Thumb Code     0  memseta.o(.text)
    _memset$wrapper                          0x08018c5f   Thumb Code    18  memseta.o(.text)
    strcmp                                   0x08018c71   Thumb Code    28  strcmp.o(.text)
    __aeabi_dadd                             0x08018c8d   Thumb Code   322  dadd.o(.text)
    __aeabi_dsub                             0x08018dcf   Thumb Code     6  dadd.o(.text)
    __aeabi_drsub                            0x08018dd5   Thumb Code     6  dadd.o(.text)
    __aeabi_dmul                             0x08018ddb   Thumb Code   228  dmul.o(.text)
    __aeabi_ddiv                             0x08018ebf   Thumb Code   222  ddiv.o(.text)
    __aeabi_uidiv                            0x08018f9d   Thumb Code     0  uidiv.o(.text)
    __aeabi_uidivmod                         0x08018f9d   Thumb Code    44  uidiv.o(.text)
    __aeabi_uldivmod                         0x08018fc9   Thumb Code    98  uldiv.o(.text)
    __aeabi_llsl                             0x0801902b   Thumb Code    30  llshl.o(.text)
    _ll_shift_l                              0x0801902b   Thumb Code     0  llshl.o(.text)
    __aeabi_llsr                             0x08019049   Thumb Code    32  llushr.o(.text)
    _ll_ushift_r                             0x08019049   Thumb Code     0  llushr.o(.text)
    __aeabi_lasr                             0x08019069   Thumb Code    36  llsshr.o(.text)
    _ll_sshift_r                             0x08019069   Thumb Code     0  llsshr.o(.text)
    __I$use$fp                               0x0801908d   Thumb Code     0  iusefp.o(.text)
    _double_round                            0x0801908d   Thumb Code    30  depilogue.o(.text)
    _double_epilogue                         0x080190ab   Thumb Code   156  depilogue.o(.text)
    __aeabi_d2ulz                            0x08019147   Thumb Code    48  dfixul.o(.text)
    __aeabi_cdrcmple                         0x08019179   Thumb Code    48  cdrcmple.o(.text)
    __scatterload                            0x080191a9   Thumb Code    28  init.o(.text)
    __scatterload_rt2                        0x080191a9   Thumb Code     0  init.o(.text)
    OSStartHighRdy                           0x080191cd   Thumb Code     0  os_cpu_a.o(CODE)
    __I$use$semihosting$fputc                0x080191cd   Thumb Code     0  iusesemip.o(.text)
    __semihosting_library_function           0x080191cd   Thumb Code     0  semi.o(.text)
    OS_CPU_PendSVHandler                     0x080191ef   Thumb Code     0  os_cpu_a.o(CODE)
    __0printf                                0x08019251   Thumb Code    22  printfa.o(i.__0printf)
    __1printf                                0x08019251   Thumb Code     0  printfa.o(i.__0printf)
    __2printf                                0x08019251   Thumb Code     0  printfa.o(i.__0printf)
    __c89printf                              0x08019251   Thumb Code     0  printfa.o(i.__0printf)
    printf                                   0x08019251   Thumb Code     0  printfa.o(i.__0printf)
    __0sprintf                               0x08019271   Thumb Code    34  printfa.o(i.__0sprintf)
    __1sprintf                               0x08019271   Thumb Code     0  printfa.o(i.__0sprintf)
    __2sprintf                               0x08019271   Thumb Code     0  printfa.o(i.__0sprintf)
    __c89sprintf                             0x08019271   Thumb Code     0  printfa.o(i.__0sprintf)
    sprintf                                  0x08019271   Thumb Code     0  printfa.o(i.__0sprintf)
    __0vsnprintf                             0x08019299   Thumb Code    46  printfa.o(i.__0vsnprintf)
    __1vsnprintf                             0x08019299   Thumb Code     0  printfa.o(i.__0vsnprintf)
    __2vsnprintf                             0x08019299   Thumb Code     0  printfa.o(i.__0vsnprintf)
    __c89vsnprintf                           0x08019299   Thumb Code     0  printfa.o(i.__0vsnprintf)
    vsnprintf                                0x08019299   Thumb Code     0  printfa.o(i.__0vsnprintf)
    __scatterload_copy                       0x080192cd   Thumb Code    14  handlers.o(i.__scatterload_copy)
    __scatterload_null                       0x080192db   Thumb Code     2  handlers.o(i.__scatterload_null)
    __scatterload_zeroinit                   0x080192dd   Thumb Code    14  handlers.o(i.__scatterload_zeroinit)
    fputc                                    0x08019bbf   Thumb Code    18  fputc.o(i.fputc)
    puts                                     0x08019bd1   Thumb Code    30  puts.o(i.puts)
    OSCfg_ISRStkBasePtr                      0x08019d10   Data           4  os_cfg_app.o(.rodata.OSCfg_ISRStkBasePtr)
    OSCfg_ISRStkSize                         0x08019d14   Data           4  os_cfg_app.o(.rodata.OSCfg_ISRStkSize)
    OSCfg_IdleTaskStkBasePtr                 0x08019d18   Data           4  os_cfg_app.o(.rodata.OSCfg_IdleTaskStkBasePtr)
    OSCfg_IdleTaskStkLimit                   0x08019d1c   Data           4  os_cfg_app.o(.rodata.OSCfg_IdleTaskStkLimit)
    OSCfg_IdleTaskStkSize                    0x08019d20   Data           4  os_cfg_app.o(.rodata.OSCfg_IdleTaskStkSize)
    OSCfg_IntQBasePtr                        0x08019d24   Data           4  os_cfg_app.o(.rodata.OSCfg_IntQBasePtr)
    OSCfg_IntQSize                           0x08019d28   Data           2  os_cfg_app.o(.rodata.OSCfg_IntQSize)
    OSCfg_IntQTaskStkBasePtr                 0x08019d2c   Data           4  os_cfg_app.o(.rodata.OSCfg_IntQTaskStkBasePtr)
    OSCfg_IntQTaskStkLimit                   0x08019d30   Data           4  os_cfg_app.o(.rodata.OSCfg_IntQTaskStkLimit)
    OSCfg_IntQTaskStkSize                    0x08019d34   Data           4  os_cfg_app.o(.rodata.OSCfg_IntQTaskStkSize)
    OSCfg_MsgPoolBasePtr                     0x08019d38   Data           4  os_cfg_app.o(.rodata.OSCfg_MsgPoolBasePtr)
    OSCfg_MsgPoolSize                        0x08019d3c   Data           2  os_cfg_app.o(.rodata.OSCfg_MsgPoolSize)
    OSCfg_StkSizeMin                         0x08019d40   Data           4  os_cfg_app.o(.rodata.OSCfg_StkSizeMin)
    OSCfg_TickRate_Hz                        0x08019d44   Data           4  os_cfg_app.o(.rodata.OSCfg_TickRate_Hz)
    OSCfg_TickTaskPrio                       0x08019d48   Data           1  os_cfg_app.o(.rodata.OSCfg_TickTaskPrio)
    OSCfg_TickTaskStkBasePtr                 0x08019d4c   Data           4  os_cfg_app.o(.rodata.OSCfg_TickTaskStkBasePtr)
    OSCfg_TickTaskStkLimit                   0x08019d50   Data           4  os_cfg_app.o(.rodata.OSCfg_TickTaskStkLimit)
    OSCfg_TickTaskStkSize                    0x08019d54   Data           4  os_cfg_app.o(.rodata.OSCfg_TickTaskStkSize)
    OSCfg_TickWheelSize                      0x08019d58   Data           2  os_cfg_app.o(.rodata.OSCfg_TickWheelSize)
    OSCfg_TmrTaskPrio                        0x08019d5a   Data           1  os_cfg_app.o(.rodata.OSCfg_TmrTaskPrio)
    OSCfg_TmrTaskRate_Hz                     0x08019d5c   Data           4  os_cfg_app.o(.rodata.OSCfg_TmrTaskRate_Hz)
    OSCfg_TmrTaskStkBasePtr                  0x08019d60   Data           4  os_cfg_app.o(.rodata.OSCfg_TmrTaskStkBasePtr)
    OSCfg_TmrTaskStkLimit                    0x08019d64   Data           4  os_cfg_app.o(.rodata.OSCfg_TmrTaskStkLimit)
    OSCfg_TmrTaskStkSize                     0x08019d68   Data           4  os_cfg_app.o(.rodata.OSCfg_TmrTaskStkSize)
    OSCfg_TmrWheelSize                       0x08019d6c   Data           2  os_cfg_app.o(.rodata.OSCfg_TmrWheelSize)
    ethbroadcast                             0x08019e58   Data           6  etharp.o(.rodata.ethbroadcast)
    ethzero                                  0x08019e5e   Data           6  etharp.o(.rodata.ethzero)
    ip_addr_any                              0x08019e64   Data           4  ip_addr.o(.rodata.ip_addr_any)
    ip_addr_broadcast                        0x08019e68   Data           4  ip_addr.o(.rodata.ip_addr_broadcast)
    pvNullPointer                            0x08019e6c   Data           4  sys_arch.o(.rodata.pvNullPointer)
    tcp_backoff                              0x0801a769   Data          13  tcp.o(.rodata.tcp_backoff)
    tcp_persist_backoff                      0x0801a776   Data           7  tcp.o(.rodata.tcp_persist_backoff)
    Region$$Table$$Base                      0x0801a780   Number         0  anon$$obj.o(Region$$Table)
    Region$$Table$$Limit                     0x0801a7a0   Number         0  anon$$obj.o(Region$$Table)
    __stdout                                 0x20000000   Data           4  stdout.o(.data)
    BSP_CPU_ClkFreq_MHz                      0x200005a0   Data           4  bsp.o(.bss.BSP_CPU_ClkFreq_MHz)
    CPU_IntDisMeasCtr                        0x20000730   Data           2  cpu_core.o(.bss.CPU_IntDisMeasCtr)
    CPU_IntDisMeasMaxCur_cnts                0x20000734   Data           4  cpu_core.o(.bss.CPU_IntDisMeasMaxCur_cnts)
    CPU_IntDisMeasMax_cnts                   0x20000738   Data           4  cpu_core.o(.bss.CPU_IntDisMeasMax_cnts)
    CPU_IntDisMeasOvrhd_cnts                 0x2000073c   Data           4  cpu_core.o(.bss.CPU_IntDisMeasOvrhd_cnts)
    CPU_IntDisMeasStart_cnts                 0x20000740   Data           4  cpu_core.o(.bss.CPU_IntDisMeasStart_cnts)
    CPU_IntDisMeasStop_cnts                  0x20000744   Data           4  cpu_core.o(.bss.CPU_IntDisMeasStop_cnts)
    CPU_IntDisNestCtr                        0x20000748   Data           2  cpu_core.o(.bss.CPU_IntDisNestCtr)
    CPU_Name                                 0x2000074a   Data          16  cpu_core.o(.bss.CPU_Name)
    CPU_TS_TmrFreq_Hz                        0x2000075c   Data           4  cpu_core.o(.bss.CPU_TS_TmrFreq_Hz)
    DMAPTPRxDescToGet                        0x20000760   Data           4  stm32_eth.o(.bss.DMAPTPRxDescToGet)
    DMAPTPTxDescToSet                        0x20000764   Data           4  stm32_eth.o(.bss.DMAPTPTxDescToSet)
    DMARxDescToGet                           0x20000768   Data           4  stm32_eth.o(.bss.DMARxDescToGet)
    DMARxDscrTab                             0x2000076c   Data          64  ethernetif.o(.bss.DMARxDscrTab)
    DMATxDescToSet                           0x200007ac   Data           4  stm32_eth.o(.bss.DMATxDescToSet)
    DMATxDscrTab                             0x200007b0   Data          32  ethernetif.o(.bss.DMATxDscrTab)
    MACaddr                                  0x200007fc   Data           6  ethernetif.o(.bss.MACaddr)
    Mem_Heap                                 0x20000802   Data       27648  lib_mem.o(.bss.Mem_Heap)
    Mem_PoolHeap                             0x20007404   Data          72  lib_mem.o(.bss.Mem_PoolHeap)
    Mem_PoolTbl                              0x2000744c   Data           4  lib_mem.o(.bss.Mem_PoolTbl)
    OSCfg_ISRStk                             0x20007450   Data         512  os_cfg_app.o(.bss.OSCfg_ISRStk)
    OSCfg_IdleTaskStk                        0x20007650   Data         512  os_cfg_app.o(.bss.OSCfg_IdleTaskStk)
    OSCfg_IntQ                               0x20007850   Data         320  os_cfg_app.o(.bss.OSCfg_IntQ)
    OSCfg_IntQTaskStk                        0x20007990   Data         512  os_cfg_app.o(.bss.OSCfg_IntQTaskStk)
    OSCfg_MsgPool                            0x20007b90   Data        1600  os_cfg_app.o(.bss.OSCfg_MsgPool)
    OSCfg_TickTaskStk                        0x200081d0   Data         512  os_cfg_app.o(.bss.OSCfg_TickTaskStk)
    OSCfg_TickWheel                          0x200083d0   Data         136  os_cfg_app.o(.bss.OSCfg_TickWheel)
    OSCfg_TmrTaskStk                         0x20008458   Data         512  os_cfg_app.o(.bss.OSCfg_TmrTaskStk)
    OSCfg_TmrWheel                           0x20008658   Data         136  os_cfg_app.o(.bss.OSCfg_TmrWheel)
    OSFlagDbgListPtr                         0x200086e0   Data           4  os_var.o(.bss.OSFlagDbgListPtr)
    OSFlagQty                                0x200086e4   Data           2  os_var.o(.bss.OSFlagQty)
    OSIdleTaskCtr                            0x200086e8   Data           4  os_var.o(.bss.OSIdleTaskCtr)
    OSIdleTaskTCB                            0x200086ec   Data         200  os_var.o(.bss.OSIdleTaskTCB)
    OSIntNestingCtr                          0x200087b4   Data           1  os_var.o(.bss.OSIntNestingCtr)
    OSIntQInPtr                              0x200087b8   Data           4  os_var.o(.bss.OSIntQInPtr)
    OSIntQNbrEntries                         0x200087bc   Data           2  os_var.o(.bss.OSIntQNbrEntries)
    OSIntQNbrEntriesMax                      0x200087be   Data           2  os_var.o(.bss.OSIntQNbrEntriesMax)
    OSIntQOutPtr                             0x200087c0   Data           4  os_var.o(.bss.OSIntQOutPtr)
    OSIntQOvfCtr                             0x200087c4   Data           2  os_var.o(.bss.OSIntQOvfCtr)
    OSIntQTaskTCB                            0x200087c8   Data         200  os_var.o(.bss.OSIntQTaskTCB)
    OSIntQTaskTimeMax                        0x20008890   Data           4  os_var.o(.bss.OSIntQTaskTimeMax)
    OSMemDbgListPtr                          0x20008894   Data           4  os_var.o(.bss.OSMemDbgListPtr)
    OSMemQty                                 0x20008898   Data           2  os_var.o(.bss.OSMemQty)
    OSMsgPool                                0x2000889c   Data          12  os_var.o(.bss.OSMsgPool)
    OSMutexDbgListPtr                        0x200088a8   Data           4  os_var.o(.bss.OSMutexDbgListPtr)
    OSMutexQty                               0x200088ac   Data           2  os_var.o(.bss.OSMutexQty)
    OSPrioCur                                0x200088ae   Data           1  os_var.o(.bss.OSPrioCur)
    OSPrioHighRdy                            0x200088af   Data           1  os_var.o(.bss.OSPrioHighRdy)
    OSPrioSaved                              0x200088b0   Data           1  os_var.o(.bss.OSPrioSaved)
    OSPrioTbl                                0x200088b4   Data           4  os_prio.o(.bss.OSPrioTbl)
    OSQDbgListPtr                            0x200088b8   Data           4  os_var.o(.bss.OSQDbgListPtr)
    OSQQty                                   0x200088bc   Data           2  os_var.o(.bss.OSQQty)
    OSRdyList                                0x200088c0   Data         384  os_var.o(.bss.OSRdyList)
    OSRunning                                0x20008a40   Data           1  os_var.o(.bss.OSRunning)
    OSSchedLockNestingCtr                    0x20008a41   Data           1  os_var.o(.bss.OSSchedLockNestingCtr)
    OSSchedLockTimeBegin                     0x20008a44   Data           4  os_var.o(.bss.OSSchedLockTimeBegin)
    OSSchedLockTimeMax                       0x20008a48   Data           4  os_var.o(.bss.OSSchedLockTimeMax)
    OSSchedLockTimeMaxCur                    0x20008a4c   Data           4  os_var.o(.bss.OSSchedLockTimeMaxCur)
    OSSchedRoundRobinDfltTimeQuanta          0x20008a50   Data           4  os_var.o(.bss.OSSchedRoundRobinDfltTimeQuanta)
    OSSchedRoundRobinEn                      0x20008a54   Data           1  os_var.o(.bss.OSSchedRoundRobinEn)
    OSSemDbgListPtr                          0x20008a58   Data           4  os_var.o(.bss.OSSemDbgListPtr)
    OSSemQty                                 0x20008a5c   Data           2  os_var.o(.bss.OSSemQty)
    OSTCBCurPtr                              0x20008a60   Data           4  os_var.o(.bss.OSTCBCurPtr)
    OSTCBHighRdyPtr                          0x20008a64   Data           4  os_var.o(.bss.OSTCBHighRdyPtr)
    OSTaskCtxSwCtr                           0x20008a68   Data           4  os_var.o(.bss.OSTaskCtxSwCtr)
    OSTaskDbgListPtr                         0x20008a6c   Data           4  os_var.o(.bss.OSTaskDbgListPtr)
    OSTaskQty                                0x20008a70   Data           2  os_var.o(.bss.OSTaskQty)
    OSTaskRegNextAvailID                     0x20008a72   Data           1  os_var.o(.bss.OSTaskRegNextAvailID)
    OSTickCtr                                0x20008a74   Data           4  os_var.o(.bss.OSTickCtr)
    OSTickTaskTCB                            0x20008a78   Data         200  os_var.o(.bss.OSTickTaskTCB)
    OSTickTaskTimeMax                        0x20008b40   Data           4  os_var.o(.bss.OSTickTaskTimeMax)
    OSTmrDbgListPtr                          0x20008b44   Data           4  os_var.o(.bss.OSTmrDbgListPtr)
    OSTmrQty                                 0x20008b48   Data           2  os_var.o(.bss.OSTmrQty)
    OSTmrTaskTCB                             0x20008b4c   Data         200  os_var.o(.bss.OSTmrTaskTCB)
    OSTmrTaskTimeMax                         0x20008c14   Data           4  os_var.o(.bss.OSTmrTaskTimeMax)
    OSTmrTickCtr                             0x20008c18   Data           4  os_var.o(.bss.OSTmrTickCtr)
    OSTmrUpdateCnt                           0x20008c1c   Data           4  os_var.o(.bss.OSTmrUpdateCnt)
    OSTmrUpdateCtr                           0x20008c20   Data           4  os_var.o(.bss.OSTmrUpdateCtr)
    OS_AppIdleTaskHookPtr                    0x20008c24   Data           4  os_var.o(.bss.OS_AppIdleTaskHookPtr)
    OS_AppStatTaskHookPtr                    0x20008c28   Data           4  os_var.o(.bss.OS_AppStatTaskHookPtr)
    OS_AppTaskCreateHookPtr                  0x20008c2c   Data           4  os_var.o(.bss.OS_AppTaskCreateHookPtr)
    OS_AppTaskDelHookPtr                     0x20008c30   Data           4  os_var.o(.bss.OS_AppTaskDelHookPtr)
    OS_AppTaskReturnHookPtr                  0x20008c34   Data           4  os_var.o(.bss.OS_AppTaskReturnHookPtr)
    OS_AppTaskSwHookPtr                      0x20008c38   Data           4  os_var.o(.bss.OS_AppTaskSwHookPtr)
    OS_AppTimeTickHookPtr                    0x20008c3c   Data           4  os_var.o(.bss.OS_AppTimeTickHookPtr)
    OS_CPU_ExceptStkBase                     0x20008c40   Data           4  os_cpu_c.o(.bss.OS_CPU_ExceptStkBase)
    Rx_Buff                                  0x20008c44   Data        6080  ethernetif.o(.bss.Rx_Buff)
    Tx_Buff                                  0x2000a97c   Data        3040  ethernetif.o(.bss.Tx_Buff)
    dhcpInit                                 0x2000bed8   Data          88  dhcp.o(.bss.dhcpInit)
    ethernetif_init_struct                   0x2000c4c4   Data           8  ethernetif.o(.bss.ethernetif_init_struct)
    netif_default                            0x2000d748   Data           4  netif.o(.bss.netif_default)
    netif_list                               0x2000d74c   Data           4  netif.o(.bss.netif_list)
    tcp_active_pcbs                          0x2000ecfc   Data           4  tcp.o(.bss.tcp_active_pcbs)
    tcp_bound_pcbs                           0x2000ed00   Data           4  tcp.o(.bss.tcp_bound_pcbs)
    tcp_input_pcb                            0x2000ed04   Data           4  tcp_in.o(.bss.tcp_input_pcb)
    tcp_listen_pcbs                          0x2000ed08   Data           4  tcp.o(.bss.tcp_listen_pcbs)
    tcp_ticks                                0x2000ed0c   Data           4  tcp.o(.bss.tcp_ticks)
    tcp_tmp_pcb                              0x2000ed14   Data           4  tcp.o(.bss.tcp_tmp_pcb)
    tcp_tw_pcbs                              0x2000ed18   Data           4  tcp.o(.bss.tcp_tw_pcbs)
    udp_pcbs                                 0x2000f644   Data           4  udp.o(.bss.udp_pcbs)
    __initial_sp                             0x2000f848   Data           0  cstartup.o(STACK)



==============================================================================

Memory Map of the image

  Image Entry point : 0x08000151

  Load Region LR_IROM1 (Base: 0x08000000, Size: 0x0001a7b0, Max: 0x00040000, ABSOLUTE)

    Execution Region ER_IROM1 (Exec base: 0x08000000, Load base: 0x08000000, Size: 0x0001a7a0, Max: 0x00040000, ABSOLUTE)

    Exec Addr    Load Addr    Size         Type   Attr      Idx    E Section Name        Object

    0x08000000   0x08000000   0x00000150   Data   RO          218    RESET               cstartup.o
    0x08000150   0x08000150   0x00000000   Code   RO         1162  * .ARM.Collect$$$$00000000  mc_w.l(entry.o)
    0x08000150   0x08000150   0x00000004   Code   RO         1508    .ARM.Collect$$$$00000001  mc_w.l(entry2.o)
    0x08000154   0x08000154   0x00000004   Code   RO         1511    .ARM.Collect$$$$00000004  mc_w.l(entry5.o)
    0x08000158   0x08000158   0x00000000   Code   RO         1513    .ARM.Collect$$$$00000008  mc_w.l(entry7b.o)
    0x08000158   0x08000158   0x00000000   Code   RO         1515    .ARM.Collect$$$$0000000A  mc_w.l(entry8b.o)
    0x08000158   0x08000158   0x00000008   Code   RO         1516    .ARM.Collect$$$$0000000B  mc_w.l(entry9a.o)
    0x08000160   0x08000160   0x00000000   Code   RO         1518    .ARM.Collect$$$$0000000D  mc_w.l(entry10a.o)
    0x08000160   0x08000160   0x00000000   Code   RO         1520    .ARM.Collect$$$$0000000F  mc_w.l(entry11a.o)
    0x08000160   0x08000160   0x00000004   Code   RO         1509    .ARM.Collect$$$$00002712  mc_w.l(entry2.o)
    0x08000164   0x08000164   0x000001ba   Code   RO            1    .text               app.o
    0x0800031e   0x0800031e   0x00000002   PAD
    0x08000320   0x08000320   0x00000170   Code   RO           71    .text               tcpecho.o
    0x08000490   0x08000490   0x00000218   Code   RO          151    .text               bsp.o
    0x080006a8   0x080006a8   0x00000d28   Code   RO          171    .text               bsp_int.o
    0x080013d0   0x080013d0   0x00000210   Code   RO          180    .text               bsp_periph.o
    0x080015e0   0x080015e0   0x000004b4   Code   RO          188    .text               bsp_ser.o
    0x08001a94   0x08001a94   0x000000c2   Code   RO          208    .text               bsp_os.o
    0x08001b56   0x08001b56   0x00000002   PAD
    0x08001b58   0x08001b58   0x00000018   Code   RO          219    .text               cstartup.o
    0x08001b70   0x08001b70   0x00000606   Code   RO          225    .text               cpu_core.o
    0x08002176   0x08002176   0x00000002   PAD
    0x08002178   0x08002178   0x00000034   Code   RO          244    .text               cpu_a.o
    0x080021ac   0x080021ac   0x0000055a   Code   RO          247    .text               cpu_c.o
    0x08002706   0x08002706   0x00000002   PAD
    0x08002708   0x08002708   0x0000017e   Code   RO          255    .text               lib_ascii.o
    0x08002886   0x08002886   0x00000002   PAD
    0x08002888   0x08002888   0x00000bba   Code   RO          273    .text               lib_mem.o
    0x08003442   0x08003442   0x00000002   PAD
    0x08003444   0x08003444   0x00000ab0   Code   RO          285    .text               lib_str.o
    0x08003ef4   0x08003ef4   0x00000220   Code   RO          295    .text               lib_mem_a.o
    0x08004114   0x08004114   0x00000002   Code   RO          298    .text               os_cfg_app.o
    0x08004116   0x08004116   0x00000002   PAD
    0x08004118   0x08004118   0x00001370   Code   RO          355    .text               os_core.o
    0x08005488   0x08005488   0x00000a28   Code   RO          365    .text               os_flag.o
    0x08005eb0   0x08005eb0   0x00000468   Code   RO          375    .text               os_int.o
    0x08006318   0x08006318   0x000001ee   Code   RO          383    .text               os_mem.o
    0x08006506   0x08006506   0x00000002   PAD
    0x08006508   0x08006508   0x000001f0   Code   RO          392    .text               os_msg.o
    0x080066f8   0x080066f8   0x0000099a   Code   RO          400    .text               os_mutex.o
    0x08007092   0x08007092   0x00000002   PAD
    0x08007094   0x08007094   0x0000008a   Code   RO          418    .text               os_prio.o
    0x0800711e   0x0800711e   0x00000002   PAD
    0x08007120   0x08007120   0x0000089e   Code   RO          427    .text               os_q.o
    0x080079be   0x080079be   0x00000002   PAD
    0x080079c0   0x080079c0   0x0000078a   Code   RO          437    .text               os_sem.o
    0x0800814a   0x0800814a   0x00000002   PAD
    0x0800814c   0x0800814c   0x000016b0   Code   RO          448    .text               os_task.o
    0x080097fc   0x080097fc   0x00000492   Code   RO          458    .text               os_tick.o
    0x08009c8e   0x08009c8e   0x00000002   PAD
    0x08009c90   0x08009c90   0x0000045a   Code   RO          467    .text               os_time.o
    0x0800a0ea   0x0800a0ea   0x00000002   PAD
    0x0800a0ec   0x0800a0ec   0x00000906   Code   RO          475    .text               os_tmr.o
    0x0800a9f2   0x0800a9f2   0x00000002   PAD
    0x0800a9f4   0x0800a9f4   0x00000002   Code   RO          546    .text               os_dbg.o
    0x0800a9f6   0x0800a9f6   0x00000002   PAD
    0x0800a9f8   0x0800a9f8   0x000001e2   Code   RO          628    .text               os_cpu_c.o
    0x0800abda   0x0800abda   0x00000002   PAD
    0x0800abdc   0x0800abdc   0x000010da   Code   RO          637    .text               stm32_eth.o
    0x0800bcb6   0x0800bcb6   0x00000002   PAD
    0x0800bcb8   0x0800bcb8   0x0000111e   Code   RO          715    .text               stm32f10x_flash.o
    0x0800cdd6   0x0800cdd6   0x00000002   PAD
    0x0800cdd8   0x0800cdd8   0x0000023e   Code   RO          731    .text               stm32f10x_gpio.o
    0x0800d016   0x0800d016   0x00000002   PAD
    0x0800d018   0x0800d018   0x0000046c   Code   RO          757    .text               stm32f10x_rcc.o
    0x0800d484   0x0800d484   0x0000031e   Code   RO          807    .text               stm32f10x_usart.o
    0x0800d7a2   0x0800d7a2   0x00000002   PAD
    0x0800d7a4   0x0800d7a4   0x000002a4   Code   RO          823    .text               lwip.o
    0x0800da48   0x0800da48   0x000003cc   Code   RO          836    .text               sys_arch.o
    0x0800de14   0x0800de14   0x00000352   Code   RO          850    .text               ethernetif.o
    0x0800e166   0x0800e166   0x00000002   PAD
    0x0800e168   0x0800e168   0x00000758   Code   RO          868    .text               api_lib.o
    0x0800e8c0   0x0800e8c0   0x00000f00   Code   RO          878    .text               api_msg.o
    0x0800f7c0   0x0800f7c0   0x00000346   Code   RO          888    .text               netbuf.o
    0x0800fb06   0x0800fb06   0x00000002   PAD
    0x0800fb08   0x0800fb08   0x00001480   Code   RO          899    .text               sockets.o
    0x08010f88   0x08010f88   0x000007a4   Code   RO          912    .text               tcpip.o
    0x0801172c   0x0801172c   0x00001b90   Code   RO          935    .text               dhcp.o
    0x080132bc   0x080132bc   0x0000004c   Code   RO          948    .text               init.o
    0x08013308   0x08013308   0x00000188   Code   RO          955    .text               mem.o
    0x08013490   0x08013490   0x0000028a   Code   RO          968    .text               netif.o
    0x0801371a   0x0801371a   0x00000002   PAD
    0x0801371c   0x0801371c   0x0000088c   Code   RO          980    .text               pbuf.o
    0x08013fa8   0x08013fa8   0x0000021c   Code   RO          992    .text               raw.o
    0x080141c4   0x080141c4   0x00000052   Code   RO         1002    .text               sys.o
    0x08014216   0x08014216   0x00000002   PAD
    0x08014218   0x08014218   0x00000f0e   Code   RO         1010    .text               tcp.o
    0x08015126   0x08015126   0x00000002   PAD
    0x08015128   0x08015128   0x0000133c   Code   RO         1031    .text               tcp_in.o
    0x08016464   0x08016464   0x00000bdc   Code   RO         1054    .text               tcp_out.o
    0x08017040   0x08017040   0x000006b8   Code   RO         1063    .text               udp.o
    0x080176f8   0x080176f8   0x000002dc   Code   RO         1079    .text               inet.o
    0x080179d4   0x080179d4   0x0000018e   Code   RO         1088    .text               inet_chksum.o
    0x08017b62   0x08017b62   0x00000002   PAD
    0x08017b64   0x08017b64   0x000003ba   Code   RO         1097    .text               ip.o
    0x08017f1e   0x08017f1e   0x00000002   PAD
    0x08017f20   0x08017f20   0x00000036   Code   RO         1109    .text               ip_addr.o
    0x08017f56   0x08017f56   0x00000002   PAD
    0x08017f58   0x08017f58   0x00000140   Code   RO         1119    .text               ip_frag.o
    0x08018098   0x08018098   0x00000b90   Code   RO         1133    .text               etharp.o
    0x08018c28   0x08018c28   0x00000024   Code   RO         1197    .text               mc_w.l(memcpya.o)
    0x08018c4c   0x08018c4c   0x00000024   Code   RO         1199    .text               mc_w.l(memseta.o)
    0x08018c70   0x08018c70   0x0000001c   Code   RO         1203    .text               mc_w.l(strcmp.o)
    0x08018c8c   0x08018c8c   0x0000014e   Code   RO         1472    .text               mf_w.l(dadd.o)
    0x08018dda   0x08018dda   0x000000e4   Code   RO         1474    .text               mf_w.l(dmul.o)
    0x08018ebe   0x08018ebe   0x000000de   Code   RO         1476    .text               mf_w.l(ddiv.o)
    0x08018f9c   0x08018f9c   0x0000002c   Code   RO         1536    .text               mc_w.l(uidiv.o)
    0x08018fc8   0x08018fc8   0x00000062   Code   RO         1538    .text               mc_w.l(uldiv.o)
    0x0801902a   0x0801902a   0x0000001e   Code   RO         1540    .text               mc_w.l(llshl.o)
    0x08019048   0x08019048   0x00000020   Code   RO         1542    .text               mc_w.l(llushr.o)
    0x08019068   0x08019068   0x00000024   Code   RO         1544    .text               mc_w.l(llsshr.o)
    0x0801908c   0x0801908c   0x00000000   Code   RO         1546    .text               mc_w.l(iusefp.o)
    0x0801908c   0x0801908c   0x000000ba   Code   RO         1549    .text               mf_w.l(depilogue.o)
    0x08019146   0x08019146   0x00000030   Code   RO         1551    .text               mf_w.l(dfixul.o)
    0x08019176   0x08019176   0x00000002   PAD
    0x08019178   0x08019178   0x00000030   Code   RO         1553    .text               mf_w.l(cdrcmple.o)
    0x080191a8   0x080191a8   0x00000024   Code   RO         1555    .text               mc_w.l(init.o)
    0x080191cc   0x080191cc   0x00000000   Code   RO         1557    .text               mc_w.l(semi.o)
    0x080191cc   0x080191cc   0x00000000   Code   RO         1558    .text               mc_w.l(iusesemip.o)
    0x080191cc   0x080191cc   0x00000084   Code   RO          625    CODE                os_cpu_a.o
    0x08019250   0x08019250   0x00000020   Code   RO         1440    i.__0printf         mc_w.l(printfa.o)
    0x08019270   0x08019270   0x00000028   Code   RO         1442    i.__0sprintf        mc_w.l(printfa.o)
    0x08019298   0x08019298   0x00000034   Code   RO         1445    i.__0vsnprintf      mc_w.l(printfa.o)
    0x080192cc   0x080192cc   0x0000000e   Code   RO         1561    i.__scatterload_copy  mc_w.l(handlers.o)
    0x080192da   0x080192da   0x00000002   Code   RO         1562    i.__scatterload_null  mc_w.l(handlers.o)
    0x080192dc   0x080192dc   0x0000000e   Code   RO         1563    i.__scatterload_zeroinit  mc_w.l(handlers.o)
    0x080192ea   0x080192ea   0x00000002   PAD
    0x080192ec   0x080192ec   0x00000184   Code   RO         1447    i._fp_digits        mc_w.l(printfa.o)
    0x08019470   0x08019470   0x000006dc   Code   RO         1448    i._printf_core      mc_w.l(printfa.o)
    0x08019b4c   0x08019b4c   0x00000024   Code   RO         1449    i._printf_post_padding  mc_w.l(printfa.o)
    0x08019b70   0x08019b70   0x0000002e   Code   RO         1450    i._printf_pre_padding  mc_w.l(printfa.o)
    0x08019b9e   0x08019b9e   0x00000016   Code   RO         1451    i._snputc           mc_w.l(printfa.o)
    0x08019bb4   0x08019bb4   0x0000000a   Code   RO         1452    i._sputc            mc_w.l(printfa.o)
    0x08019bbe   0x08019bbe   0x00000012   Code   RO         1522    i.fputc             mc_w.l(fputc.o)
    0x08019bd0   0x08019bd0   0x00000024   Code   RO         1165    i.puts              mc_w.l(puts.o)
    0x08019bf4   0x08019bf4   0x0000001c   Data   RO          733    .rodata..Lswitch.table.GPIO_DeInit.1  stm32f10x_gpio.o
    0x08019c10   0x08019c10   0x00000100   Data   RO          236    .rodata.CPU_CntLeadZerosTbl  cpu_core.o
    0x08019d10   0x08019d10   0x00000004   Data   RO          315    .rodata.OSCfg_ISRStkBasePtr  os_cfg_app.o
    0x08019d14   0x08019d14   0x00000004   Data   RO          316    .rodata.OSCfg_ISRStkSize  os_cfg_app.o
    0x08019d18   0x08019d18   0x00000004   Data   RO          301    .rodata.OSCfg_IdleTaskStkBasePtr  os_cfg_app.o
    0x08019d1c   0x08019d1c   0x00000004   Data   RO          302    .rodata.OSCfg_IdleTaskStkLimit  os_cfg_app.o
    0x08019d20   0x08019d20   0x00000004   Data   RO          303    .rodata.OSCfg_IdleTaskStkSize  os_cfg_app.o
    0x08019d24   0x08019d24   0x00000004   Data   RO          306    .rodata.OSCfg_IntQBasePtr  os_cfg_app.o
    0x08019d28   0x08019d28   0x00000002   Data   RO          307    .rodata.OSCfg_IntQSize  os_cfg_app.o
    0x08019d2a   0x08019d2a   0x00000002   PAD
    0x08019d2c   0x08019d2c   0x00000004   Data   RO          310    .rodata.OSCfg_IntQTaskStkBasePtr  os_cfg_app.o
    0x08019d30   0x08019d30   0x00000004   Data   RO          311    .rodata.OSCfg_IntQTaskStkLimit  os_cfg_app.o
    0x08019d34   0x08019d34   0x00000004   Data   RO          312    .rodata.OSCfg_IntQTaskStkSize  os_cfg_app.o
    0x08019d38   0x08019d38   0x00000004   Data   RO          321    .rodata.OSCfg_MsgPoolBasePtr  os_cfg_app.o
    0x08019d3c   0x08019d3c   0x00000002   Data   RO          318    .rodata.OSCfg_MsgPoolSize  os_cfg_app.o
    0x08019d3e   0x08019d3e   0x00000002   PAD
    0x08019d40   0x08019d40   0x00000004   Data   RO          328    .rodata.OSCfg_StkSizeMin  os_cfg_app.o
    0x08019d44   0x08019d44   0x00000004   Data   RO          329    .rodata.OSCfg_TickRate_Hz  os_cfg_app.o
    0x08019d48   0x08019d48   0x00000001   Data   RO          330    .rodata.OSCfg_TickTaskPrio  os_cfg_app.o
    0x08019d49   0x08019d49   0x00000003   PAD
    0x08019d4c   0x08019d4c   0x00000004   Data   RO          332    .rodata.OSCfg_TickTaskStkBasePtr  os_cfg_app.o
    0x08019d50   0x08019d50   0x00000004   Data   RO          333    .rodata.OSCfg_TickTaskStkLimit  os_cfg_app.o
    0x08019d54   0x08019d54   0x00000004   Data   RO          334    .rodata.OSCfg_TickTaskStkSize  os_cfg_app.o
    0x08019d58   0x08019d58   0x00000002   Data   RO          336    .rodata.OSCfg_TickWheelSize  os_cfg_app.o
    0x08019d5a   0x08019d5a   0x00000001   Data   RO          338    .rodata.OSCfg_TmrTaskPrio  os_cfg_app.o
    0x08019d5b   0x08019d5b   0x00000001   PAD
    0x08019d5c   0x08019d5c   0x00000004   Data   RO          339    .rodata.OSCfg_TmrTaskRate_Hz  os_cfg_app.o
    0x08019d60   0x08019d60   0x00000004   Data   RO          341    .rodata.OSCfg_TmrTaskStkBasePtr  os_cfg_app.o
    0x08019d64   0x08019d64   0x00000004   Data   RO          342    .rodata.OSCfg_TmrTaskStkLimit  os_cfg_app.o
    0x08019d68   0x08019d68   0x00000004   Data   RO          343    .rodata.OSCfg_TmrTaskStkSize  os_cfg_app.o
    0x08019d6c   0x08019d6c   0x00000002   Data   RO          345    .rodata.OSCfg_TmrWheelSize  os_cfg_app.o
    0x08019d6e   0x08019d6e   0x00000002   PAD
    0x08019d70   0x08019d70   0x00000094   Data   RO          287    .rodata.Str_MultOvfThTbl_Int32U  lib_str.o
    0x08019e04   0x08019e04   0x00000010   Data   RO          759    .rodata.cst16       stm32f10x_rcc.o
    0x08019e14   0x08019e14   0x00000008   Data   RO          154    .rodata.cst8        bsp.o
    0x08019e1c   0x08019e1c   0x0000003c   Data   RO          901    .rodata.err_to_errno_table  sockets.o
    0x08019e58   0x08019e58   0x00000006   Data   RO         1135    .rodata.ethbroadcast  etharp.o
    0x08019e5e   0x08019e5e   0x00000006   Data   RO         1136    .rodata.ethzero     etharp.o
    0x08019e64   0x08019e64   0x00000004   Data   RO         1111    .rodata.ip_addr_any  ip_addr.o
    0x08019e68   0x08019e68   0x00000004   Data   RO         1112    .rodata.ip_addr_broadcast  ip_addr.o
    0x08019e6c   0x08019e6c   0x00000004   Data   RO          838    .rodata.pvNullPointer  sys_arch.o
    0x08019e70   0x08019e70   0x00000010   Data   RO          357    .rodata.str1.1      os_core.o
    0x08019e80   0x08019e80   0x00000006   Data   RO          367    .rodata.str1.1      os_flag.o
    0x08019e86   0x08019e86   0x00000007   Data   RO          402    .rodata.str1.1      os_mutex.o
    0x08019e8d   0x08019e8d   0x00000003   Data   RO          429    .rodata.str1.1      os_q.o
    0x08019e90   0x08019e90   0x00000005   Data   RO          439    .rodata.str1.1      os_sem.o
    0x08019e95   0x08019e95   0x00000006   Data   RO          450    .rodata.str1.1      os_task.o
    0x08019e9b   0x08019e9b   0x00000005   Data   RO          477    .rodata.str1.1      os_tmr.o
    0x08019ea0   0x08019ea0   0x00000051   Data   RO          829    .rodata.str1.1      lwip.o
    0x08019ef1   0x08019ef1   0x00000056   Data   RO          839    .rodata.str1.1      sys_arch.o
    0x08019f47   0x08019f47   0x00000041   Data   RO          870    .rodata.str1.1      api_lib.o
    0x08019f88   0x08019f88   0x0000006f   Data   RO          880    .rodata.str1.1      api_msg.o
    0x08019ff7   0x08019ff7   0x0000003e   Data   RO          890    .rodata.str1.1      netbuf.o
    0x0801a035   0x0801a035   0x00000032   Data   RO          902    .rodata.str1.1      sockets.o
    0x0801a067   0x0801a067   0x0000006e   Data   RO          928    .rodata.str1.1      tcpip.o
    0x0801a0d5   0x0801a0d5   0x000001f1   Data   RO          937    .rodata.str1.1      dhcp.o
    0x0801a2c6   0x0801a2c6   0x00000020   Data   RO          960    .rodata.str1.1      mem.o
    0x0801a2e6   0x0801a2e6   0x0000006d   Data   RO          984    .rodata.str1.1      pbuf.o
    0x0801a353   0x0801a353   0x000000f4   Data   RO         1020    .rodata.str1.1      tcp.o
    0x0801a447   0x0801a447   0x0000010f   Data   RO         1039    .rodata.str1.1      tcp_in.o
    0x0801a556   0x0801a556   0x0000015f   Data   RO         1056    .rodata.str1.1      tcp_out.o
    0x0801a6b5   0x0801a6b5   0x0000002f   Data   RO         1068    .rodata.str1.1      udp.o
    0x0801a6e4   0x0801a6e4   0x00000085   Data   RO         1138    .rodata.str1.1      etharp.o
    0x0801a769   0x0801a769   0x0000000d   Data   RO         1012    .rodata.tcp_backoff  tcp.o
    0x0801a776   0x0801a776   0x00000007   Data   RO         1013    .rodata.tcp_persist_backoff  tcp.o
    0x0801a77d   0x0801a77d   0x00000003   PAD
    0x0801a780   0x0801a780   0x00000020   Data   RO         1560    Region$$Table       anon$$obj.o


    Execution Region RW_IRAM1 (Exec base: 0x20000000, Load base: 0x0801a7a0, Size: 0x0000f848, Max: 0x00010000, ABSOLUTE)

    Exec Addr    Load Addr    Size         Type   Attr      Idx    E Section Name        Object

    0x20000000   0x0801a7a0   0x00000004   Data   RW         1526    .data               mc_w.l(stdout.o)
    0x20000004   0x0801a7a4   0x00000004   Data   RW          939    .data.dhcp_create_request.xid  dhcp.o
    0x20000008   0x0801a7a8   0x00000002   Data   RW         1023    .data.tcp_new_port.port  tcp.o
    0x2000000a   0x0801a7aa   0x00000002   PAD
    0x2000000c   0x0801a7ac   0x00000004   Data   RW         1022    .data.tcp_next_iss.iss  tcp.o
    0x20000010        -       0x00000200   Zero   RW            6    .bss.AppTaskFirstStk  app.o
    0x20000210        -       0x000000c8   Zero   RW            5    .bss.AppTaskFirstTCB  app.o
    0x200002d8        -       0x00000200   Zero   RW            4    .bss.AppTaskStartStk  app.o
    0x200004d8        -       0x000000c8   Zero   RW            3    .bss.AppTaskStartTCB  app.o
    0x200005a0        -       0x00000004   Zero   RW          153    .bss.BSP_CPU_ClkFreq_MHz  bsp.o
    0x200005a4        -       0x00000110   Zero   RW          173    .bss.BSP_IntVectTbl  bsp_int.o
    0x200006b4        -       0x00000028   Zero   RW          192    .bss.BSP_SerLock    bsp_ser.o
    0x200006dc        -       0x00000001   Zero   RW          193    .bss.BSP_SerRxData  bsp_ser.o
    0x200006dd   0x0801a7b0   0x00000003   PAD
    0x200006e0        -       0x00000028   Zero   RW          191    .bss.BSP_SerRxWait  bsp_ser.o
    0x20000708        -       0x00000028   Zero   RW          190    .bss.BSP_SerTxWait  bsp_ser.o
    0x20000730        -       0x00000002   Zero   RW          231    .bss.CPU_IntDisMeasCtr  cpu_core.o
    0x20000732   0x0801a7b0   0x00000002   PAD
    0x20000734        -       0x00000004   Zero   RW          229    .bss.CPU_IntDisMeasMaxCur_cnts  cpu_core.o
    0x20000738        -       0x00000004   Zero   RW          230    .bss.CPU_IntDisMeasMax_cnts  cpu_core.o
    0x2000073c        -       0x00000004   Zero   RW          235    .bss.CPU_IntDisMeasOvrhd_cnts  cpu_core.o
    0x20000740        -       0x00000004   Zero   RW          233    .bss.CPU_IntDisMeasStart_cnts  cpu_core.o
    0x20000744        -       0x00000004   Zero   RW          234    .bss.CPU_IntDisMeasStop_cnts  cpu_core.o
    0x20000748        -       0x00000002   Zero   RW          232    .bss.CPU_IntDisNestCtr  cpu_core.o
    0x2000074a        -       0x00000010   Zero   RW          227    .bss.CPU_Name       cpu_core.o
    0x2000075a   0x0801a7b0   0x00000002   PAD
    0x2000075c        -       0x00000004   Zero   RW          228    .bss.CPU_TS_TmrFreq_Hz  cpu_core.o
    0x20000760        -       0x00000004   Zero   RW          642    .bss.DMAPTPRxDescToGet  stm32_eth.o
    0x20000764        -       0x00000004   Zero   RW          641    .bss.DMAPTPTxDescToSet  stm32_eth.o
    0x20000768        -       0x00000004   Zero   RW          640    .bss.DMARxDescToGet  stm32_eth.o
    0x2000076c        -       0x00000040   Zero   RW          858    .bss.DMARxDscrTab   ethernetif.o
    0x200007ac        -       0x00000004   Zero   RW          639    .bss.DMATxDescToSet  stm32_eth.o
    0x200007b0        -       0x00000020   Zero   RW          852    .bss.DMATxDscrTab   ethernetif.o
    0x200007d0        -       0x00000004   Zero   RW          828    .bss.IPaddress      lwip.o
    0x200007d4        -       0x00000028   Zero   RW          826    .bss.InitLwipSem    lwip.o
    0x200007fc        -       0x00000006   Zero   RW          854    .bss.MACaddr        ethernetif.o
    0x20000802        -       0x00006c00   Zero   RW          276    .bss.Mem_Heap       lib_mem.o
    0x20007402   0x0801a7b0   0x00000002   PAD
    0x20007404        -       0x00000048   Zero   RW          275    .bss.Mem_PoolHeap   lib_mem.o
    0x2000744c        -       0x00000004   Zero   RW          277    .bss.Mem_PoolTbl    lib_mem.o
    0x20007450        -       0x00000200   Zero   RW          314    .bss.OSCfg_ISRStk   os_cfg_app.o
    0x20007650        -       0x00000200   Zero   RW          300    .bss.OSCfg_IdleTaskStk  os_cfg_app.o
    0x20007850        -       0x00000140   Zero   RW          305    .bss.OSCfg_IntQ     os_cfg_app.o
    0x20007990        -       0x00000200   Zero   RW          309    .bss.OSCfg_IntQTaskStk  os_cfg_app.o
    0x20007b90        -       0x00000640   Zero   RW          320    .bss.OSCfg_MsgPool  os_cfg_app.o
    0x200081d0        -       0x00000200   Zero   RW          331    .bss.OSCfg_TickTaskStk  os_cfg_app.o
    0x200083d0        -       0x00000088   Zero   RW          348    .bss.OSCfg_TickWheel  os_cfg_app.o
    0x20008458        -       0x00000200   Zero   RW          340    .bss.OSCfg_TmrTaskStk  os_cfg_app.o
    0x20008658        -       0x00000088   Zero   RW          349    .bss.OSCfg_TmrWheel  os_cfg_app.o
    0x200086e0        -       0x00000004   Zero   RW          505    .bss.OSFlagDbgListPtr  os_var.o
    0x200086e4        -       0x00000002   Zero   RW          506    .bss.OSFlagQty      os_var.o
    0x200086e6   0x0801a7b0   0x00000002   PAD
    0x200086e8        -       0x00000004   Zero   RW          493    .bss.OSIdleTaskCtr  os_var.o
    0x200086ec        -       0x000000c8   Zero   RW          494    .bss.OSIdleTaskTCB  os_var.o
    0x200087b4        -       0x00000001   Zero   RW          495    .bss.OSIntNestingCtr  os_var.o
    0x200087b5   0x0801a7b0   0x00000003   PAD
    0x200087b8        -       0x00000004   Zero   RW          498    .bss.OSIntQInPtr    os_var.o
    0x200087bc        -       0x00000002   Zero   RW          500    .bss.OSIntQNbrEntries  os_var.o
    0x200087be        -       0x00000002   Zero   RW          501    .bss.OSIntQNbrEntriesMax  os_var.o
    0x200087c0        -       0x00000004   Zero   RW          499    .bss.OSIntQOutPtr   os_var.o
    0x200087c4        -       0x00000002   Zero   RW          502    .bss.OSIntQOvfCtr   os_var.o
    0x200087c6   0x0801a7b0   0x00000002   PAD
    0x200087c8        -       0x000000c8   Zero   RW          503    .bss.OSIntQTaskTCB  os_var.o
    0x20008890        -       0x00000004   Zero   RW          504    .bss.OSIntQTaskTimeMax  os_var.o
    0x20008894        -       0x00000004   Zero   RW          507    .bss.OSMemDbgListPtr  os_var.o
    0x20008898        -       0x00000002   Zero   RW          508    .bss.OSMemQty       os_var.o
    0x2000889a   0x0801a7b0   0x00000002   PAD
    0x2000889c        -       0x0000000c   Zero   RW          509    .bss.OSMsgPool      os_var.o
    0x200088a8        -       0x00000004   Zero   RW          510    .bss.OSMutexDbgListPtr  os_var.o
    0x200088ac        -       0x00000002   Zero   RW          511    .bss.OSMutexQty     os_var.o
    0x200088ae        -       0x00000001   Zero   RW          512    .bss.OSPrioCur      os_var.o
    0x200088af        -       0x00000001   Zero   RW          513    .bss.OSPrioHighRdy  os_var.o
    0x200088b0        -       0x00000001   Zero   RW          514    .bss.OSPrioSaved    os_var.o
    0x200088b1   0x0801a7b0   0x00000003   PAD
    0x200088b4        -       0x00000004   Zero   RW          420    .bss.OSPrioTbl      os_prio.o
    0x200088b8        -       0x00000004   Zero   RW          515    .bss.OSQDbgListPtr  os_var.o
    0x200088bc        -       0x00000002   Zero   RW          516    .bss.OSQQty         os_var.o
    0x200088be   0x0801a7b0   0x00000002   PAD
    0x200088c0        -       0x00000180   Zero   RW          517    .bss.OSRdyList      os_var.o
    0x20008a40        -       0x00000001   Zero   RW          497    .bss.OSRunning      os_var.o
    0x20008a41        -       0x00000001   Zero   RW          521    .bss.OSSchedLockNestingCtr  os_var.o
    0x20008a42   0x0801a7b0   0x00000002   PAD
    0x20008a44        -       0x00000004   Zero   RW          518    .bss.OSSchedLockTimeBegin  os_var.o
    0x20008a48        -       0x00000004   Zero   RW          519    .bss.OSSchedLockTimeMax  os_var.o
    0x20008a4c        -       0x00000004   Zero   RW          520    .bss.OSSchedLockTimeMaxCur  os_var.o
    0x20008a50        -       0x00000004   Zero   RW          522    .bss.OSSchedRoundRobinDfltTimeQuanta  os_var.o
    0x20008a54        -       0x00000001   Zero   RW          523    .bss.OSSchedRoundRobinEn  os_var.o
    0x20008a55   0x0801a7b0   0x00000003   PAD
    0x20008a58        -       0x00000004   Zero   RW          524    .bss.OSSemDbgListPtr  os_var.o
    0x20008a5c        -       0x00000002   Zero   RW          525    .bss.OSSemQty       os_var.o
    0x20008a5e   0x0801a7b0   0x00000002   PAD
    0x20008a60        -       0x00000004   Zero   RW          540    .bss.OSTCBCurPtr    os_var.o
    0x20008a64        -       0x00000004   Zero   RW          541    .bss.OSTCBHighRdyPtr  os_var.o
    0x20008a68        -       0x00000004   Zero   RW          526    .bss.OSTaskCtxSwCtr  os_var.o
    0x20008a6c        -       0x00000004   Zero   RW          527    .bss.OSTaskDbgListPtr  os_var.o
    0x20008a70        -       0x00000002   Zero   RW          528    .bss.OSTaskQty      os_var.o
    0x20008a72        -       0x00000001   Zero   RW          529    .bss.OSTaskRegNextAvailID  os_var.o
    0x20008a73   0x0801a7b0   0x00000001   PAD
    0x20008a74        -       0x00000004   Zero   RW          530    .bss.OSTickCtr      os_var.o
    0x20008a78        -       0x000000c8   Zero   RW          531    .bss.OSTickTaskTCB  os_var.o
    0x20008b40        -       0x00000004   Zero   RW          532    .bss.OSTickTaskTimeMax  os_var.o
    0x20008b44        -       0x00000004   Zero   RW          533    .bss.OSTmrDbgListPtr  os_var.o
    0x20008b48        -       0x00000002   Zero   RW          534    .bss.OSTmrQty       os_var.o
    0x20008b4a   0x0801a7b0   0x00000002   PAD
    0x20008b4c        -       0x000000c8   Zero   RW          535    .bss.OSTmrTaskTCB   os_var.o
    0x20008c14        -       0x00000004   Zero   RW          536    .bss.OSTmrTaskTimeMax  os_var.o
    0x20008c18        -       0x00000004   Zero   RW          537    .bss.OSTmrTickCtr   os_var.o
    0x20008c1c        -       0x00000004   Zero   RW          538    .bss.OSTmrUpdateCnt  os_var.o
    0x20008c20        -       0x00000004   Zero   RW          539    .bss.OSTmrUpdateCtr  os_var.o
    0x20008c24        -       0x00000004   Zero   RW          489    .bss.OS_AppIdleTaskHookPtr  os_var.o
    0x20008c28        -       0x00000004   Zero   RW          490    .bss.OS_AppStatTaskHookPtr  os_var.o
    0x20008c2c        -       0x00000004   Zero   RW          486    .bss.OS_AppTaskCreateHookPtr  os_var.o
    0x20008c30        -       0x00000004   Zero   RW          487    .bss.OS_AppTaskDelHookPtr  os_var.o
    0x20008c34        -       0x00000004   Zero   RW          488    .bss.OS_AppTaskReturnHookPtr  os_var.o
    0x20008c38        -       0x00000004   Zero   RW          491    .bss.OS_AppTaskSwHookPtr  os_var.o
    0x20008c3c        -       0x00000004   Zero   RW          492    .bss.OS_AppTimeTickHookPtr  os_var.o
    0x20008c40        -       0x00000004   Zero   RW          630    .bss.OS_CPU_ExceptStkBase  os_cpu_c.o
    0x20008c44        -       0x000017c0   Zero   RW          859    .bss.Rx_Buff        ethernetif.o
    0x2000a404        -       0x000004b0   Zero   RW          921    .bss.TcpIpThreadSTK  tcpip.o
    0x2000a8b4        -       0x000000c8   Zero   RW          920    .bss.TcpIpThreadTCB  tcpip.o
    0x2000a97c        -       0x00000be0   Zero   RW          860    .bss.Tx_Buff        ethernetif.o
    0x2000b55c        -       0x00000004   Zero   RW         1036    .bss.ackno          tcp_in.o
    0x2000b560        -       0x000000c8   Zero   RW         1137    .bss.arp_table      etharp.o
    0x2000b628        -       0x00000200   Zero   RW          923    .bss.arp_timerSTK   tcpip.o
    0x2000b828        -       0x000000c8   Zero   RW          922    .bss.arp_timerTCB   tcpip.o
    0x2000b8f0        -       0x000005e0   Zero   RW         1121    .bss.buf            ip_frag.o
    0x2000bed0        -       0x00000004   Zero   RW         1100    .bss.current_header  ip.o
    0x2000bed4        -       0x00000004   Zero   RW         1099    .bss.current_netif  ip.o
    0x2000bed8        -       0x00000058   Zero   RW          938    .bss.dhcpInit       dhcp.o
    0x2000bf30        -       0x00000200   Zero   RW          925    .bss.dhcp_timer_coarseSTK  tcpip.o
    0x2000c130        -       0x000000c8   Zero   RW          924    .bss.dhcp_timer_coarseTCB  tcpip.o
    0x2000c1f8        -       0x00000200   Zero   RW          927    .bss.dhcp_timer_fineSTK  tcpip.o
    0x2000c3f8        -       0x000000c8   Zero   RW          926    .bss.dhcp_timer_fineTCB  tcpip.o
    0x2000c4c0        -       0x00000001   Zero   RW         1139    .bss.etharp_cached_entry  etharp.o
    0x2000c4c1   0x0801a7b0   0x00000003   PAD
    0x2000c4c4        -       0x00000008   Zero   RW          855    .bss.ethernetif_init_struct  ethernetif.o
    0x2000c4cc        -       0x00000001   Zero   RW         1037    .bss.flags          tcp_in.o
    0x2000c4cd        -       0x00000010   Zero   RW         1081    .bss.inet_ntoa.str  inet.o
    0x2000c4dd   0x0801a7b0   0x00000003   PAD
    0x2000c4e0        -       0x00000004   Zero   RW         1040    .bss.inseg.1        tcp_in.o
    0x2000c4e4        -       0x00000004   Zero   RW         1041    .bss.inseg.2        tcp_in.o
    0x2000c4e8        -       0x00000002   Zero   RW         1042    .bss.inseg.3        tcp_in.o
    0x2000c4ea   0x0801a7b0   0x00000002   PAD
    0x2000c4ec        -       0x00000004   Zero   RW         1043    .bss.inseg.4        tcp_in.o
    0x2000c4f0        -       0x00000002   Zero   RW         1101    .bss.ip_output_if.ip_id  ip.o
    0x2000c4f2   0x0801a7b0   0x00000002   PAD
    0x2000c4f4        -       0x00000004   Zero   RW         1033    .bss.iphdr          tcp_in.o
    0x2000c4f8        -       0x00000030   Zero   RW          917    .bss.mbox           tcpip.o
    0x2000c528        -       0x00000028   Zero   RW          957    .bss.memSem         mem.o
    0x2000c550        -       0x00000020   Zero   RW          958    .bss.memp           mem.o
    0x2000c570        -       0x000011a0   Zero   RW          959    .bss.memp_memory    mem.o
    0x2000d710        -       0x00000034   Zero   RW          827    .bss.netif          lwip.o
    0x2000d744        -       0x00000001   Zero   RW          970    .bss.netif_add.netifnum  netif.o
    0x2000d745   0x0801a7b0   0x00000003   PAD
    0x2000d748        -       0x00000004   Zero   RW          972    .bss.netif_default  netif.o
    0x2000d74c        -       0x00000004   Zero   RW          971    .bss.netif_list     netif.o
    0x2000d750        -       0x00000020   Zero   RW          840    .bss.pQueueMem      sys_arch.o
    0x2000d770        -       0x00000020   Zero   RW          982    .bss.pbuf_pool      pbuf.o
    0x2000d790        -       0x00000370   Zero   RW          841    .bss.pcQueueMemoryPool  sys_arch.o
    0x2000db00        -       0x00001194   Zero   RW          983    .bss.ram_dhcp_pool  pbuf.o
    0x2000ec94        -       0x00000004   Zero   RW          994    .bss.raw_pcbs       raw.o
    0x2000ec98        -       0x00000004   Zero   RW         1044    .bss.recv_data      tcp_in.o
    0x2000ec9c        -       0x00000001   Zero   RW         1045    .bss.recv_flags     tcp_in.o
    0x2000ec9d   0x0801a7b0   0x00000003   PAD
    0x2000eca0        -       0x00000004   Zero   RW          904    .bss.select_cb_list  sockets.o
    0x2000eca4        -       0x00000004   Zero   RW         1035    .bss.seqno          tcp_in.o
    0x2000eca8        -       0x00000050   Zero   RW          903    .bss.sockets        sockets.o
    0x2000ecf8        -       0x00000004   Zero   RW            7    .bss.taskFirstCount  app.o
    0x2000ecfc        -       0x00000004   Zero   RW         1018    .bss.tcp_active_pcbs  tcp.o
    0x2000ed00        -       0x00000004   Zero   RW         1015    .bss.tcp_bound_pcbs  tcp.o
    0x2000ed04        -       0x00000004   Zero   RW         1046    .bss.tcp_input_pcb  tcp_in.o
    0x2000ed08        -       0x00000004   Zero   RW         1017    .bss.tcp_listen_pcbs  tcp.o
    0x2000ed0c        -       0x00000004   Zero   RW         1021    .bss.tcp_ticks      tcp.o
    0x2000ed10        -       0x00000001   Zero   RW         1014    .bss.tcp_timer      tcp.o
    0x2000ed11   0x0801a7b0   0x00000003   PAD
    0x2000ed14        -       0x00000004   Zero   RW         1016    .bss.tcp_tmp_pcb    tcp.o
    0x2000ed18        -       0x00000004   Zero   RW         1019    .bss.tcp_tw_pcbs    tcp.o
    0x2000ed1c        -       0x000004b0   Zero   RW           74    .bss.tcpecho_threadStk  tcpecho.o
    0x2000f1cc        -       0x000000c8   Zero   RW           73    .bss.tcpecho_threadTCB  tcpecho.o
    0x2000f294        -       0x00000004   Zero   RW         1034    .bss.tcphdr         tcp_in.o
    0x2000f298        -       0x00000004   Zero   RW          918    .bss.tcpip_init_done  tcpip.o
    0x2000f29c        -       0x00000004   Zero   RW          919    .bss.tcpip_init_done_arg  tcpip.o
    0x2000f2a0        -       0x00000001   Zero   RW          914    .bss.tcpip_tcp_timerCreated  tcpip.o
    0x2000f2a1   0x0801a7b0   0x00000003   PAD
    0x2000f2a4        -       0x00000200   Zero   RW          916    .bss.tcpip_tcp_timerSTK  tcpip.o
    0x2000f4a4        -       0x000000c8   Zero   RW          915    .bss.tcpip_tcp_timerTCB  tcpip.o
    0x2000f56c        -       0x00000002   Zero   RW         1038    .bss.tcplen         tcp_in.o
    0x2000f56e   0x0801a7b0   0x00000002   PAD
    0x2000f570        -       0x00000020   Zero   RW         1065    .bss.udp_pcbMem     udp.o
    0x2000f590        -       0x000000b4   Zero   RW         1066    .bss.udp_pcbMemSpace  udp.o
    0x2000f644        -       0x00000004   Zero   RW         1067    .bss.udp_pcbs       udp.o
    0x2000f648        -       0x00000200   Zero   RW          216    STACK               cstartup.o


==============================================================================

Image component sizes


      Code (inc. data)   RO Data    RW Data    ZI Data      Debug   Object Name

      1880        536         65          0          0      13547   api_lib.o
      3840        596        111          0          0      18089   api_msg.o
       442         84          0          0       1428       9385   app.o
       536          0          8          0          4       3662   bsp.o
      3368          0          0          0        272      14455   bsp_int.o
       194          0          0          0          0       9278   bsp_os.o
       528        282          0          0          0       1487   bsp_periph.o
      1204         44          0          0        121       8185   bsp_ser.o
        52          0          0          0          0        360   cpu_a.o
      1370         64          0          0          0       5112   cpu_c.o
      1542          0        256          0         44       8947   cpu_core.o
        24          6        336          0        512        696   cstartup.o
      7056        648        497          4         88      18999   dhcp.o
      2960        252        145          0        201      13025   etharp.o
       850        100          0          0       9230       7555   ethernetif.o
       732        206          0          0         16       3192   inet.o
       398          0          0          0          0       3099   inet_chksum.o
        76         36          0          0          0        574   init.o
       954        128          0          0         10       6025   ip.o
        54          0          8          0          0       1830   ip_addr.o
       320          0          0          0       1504       3014   ip_frag.o
       382          0          0          0          0       3296   lib_ascii.o
      3002          0          0          0      27724      17625   lib_mem.o
       544          0          0          0          0        508   lib_mem_a.o
      2736          0        148          0          0      16805   lib_str.o
       676        128         81          0         96      11794   lwip.o
       392        160         32          0       4584       9821   mem.o
       838        232         62          0          0       4077   netbuf.o
       650          0          0          0          9       7233   netif.o
         2          0         86          0       4752       6057   os_cfg_app.o
      4976         20         16          0          0      28246   os_core.o
       132         32          0          0          0        404   os_cpu_a.o
       482          0          0          0          4       5667   os_cpu_c.o
         2          0          0          0          0       7270   os_dbg.o
      2600         20          6          0          0      15502   os_flag.o
      1128         28          0          0          0      10857   os_int.o
       494          0          0          0          0       7751   os_mem.o
       496          0          0          0          0       7475   os_msg.o
      2458          4          7          0          0      13632   os_mutex.o
       138          0          0          0          4       1489   os_prio.o
      2206          4          3          0          0      14472   os_q.o
      1930          4          5          0          0      14241   os_sem.o
      5808         24          6          0          0      22043   os_task.o
      1170         28          0          0          0      11612   os_tick.o
      1114         20          0          0          0      11300   os_time.o
      2310         40          5          0          0      15426   os_tmr.o
         0          0          0          0       1348       7019   os_var.o
      2188        544        109          0       4532      13246   pbuf.o
       540        116          0          0          4       4837   raw.o
      5248        240        110          0         84      31869   sockets.o
      4314          0          0          0         16      23958   stm32_eth.o
      4382          0          0          0          0      15421   stm32f10x_flash.o
       574          0         28          0          0       5297   stm32f10x_gpio.o
      1132          4         16          0          0       9494   stm32f10x_rcc.o
       798          0          0          0          0       7259   stm32f10x_usart.o
        82         32          0          0          0       8868   sys.o
       972        108         90          0        912      13046   sys_arch.o
      3854        360        264          6         25      15666   tcp.o
      4924        340        271          0         42      10253   tcp_in.o
      3036        148        351          0          0      11055   tcp_out.o
       368        104          0          0       1400      10663   tcpecho.o
      1956        454        110          0       4305      19608   tcpip.o
      1720        156         47          0        216      13804   udp.o

    ----------------------------------------------------------------------
    101192       6332       3324         12      63544     636482   Object Totals
         0          0         32          0          0          0   (incl. Generated)
        58          0         13          2         57          0   (incl. Padding)

    ----------------------------------------------------------------------

      Code (inc. data)   RO Data    RW Data    ZI Data      Debug   Library Member Name

         0          0          0          0          0          0   entry.o
         0          0          0          0          0          0   entry10a.o
         0          0          0          0          0          0   entry11a.o
         8          4          0          0          0          0   entry2.o
         4          0          0          0          0          0   entry5.o
         0          0          0          0          0          0   entry7b.o
         0          0          0          0          0          0   entry8b.o
         8          4          0          0          0          0   entry9a.o
        18          0          0          0          0         80   fputc.o
        30          0          0          0          0          0   handlers.o
        36          8          0          0          0         68   init.o
         0          0          0          0          0          0   iusefp.o
         0          0          0          0          0          0   iusesemip.o
        30          0          0          0          0         68   llshl.o
        36          0          0          0          0         68   llsshr.o
        32          0          0          0          0         68   llushr.o
        36          0          0          0          0         68   memcpya.o
        36          0          0          0          0        108   memseta.o
      2382        102          0          0          0        752   printfa.o
        36          6          0          0          0         80   puts.o
         0          0          0          0          0          0   semi.o
         0          0          0          4          0          0   stdout.o
        28          0          0          0          0         76   strcmp.o
        44          0          0          0          0         80   uidiv.o
        98          0          0          0          0         92   uldiv.o
        48          0          0          0          0         68   cdrcmple.o
       334          0          0          0          0        148   dadd.o
       222          0          0          0          0        100   ddiv.o
       186          0          0          0          0        176   depilogue.o
        48          0          0          0          0         68   dfixul.o
       228          0          0          0          0         96   dmul.o

    ----------------------------------------------------------------------
      3932        124          0          4          0       2264   Library Totals
         4          0          0          0          0          0   (incl. Padding)

    ----------------------------------------------------------------------

      Code (inc. data)   RO Data    RW Data    ZI Data      Debug   Library Name

      2862        124          0          4          0       1608   mc_w.l
      1066          0          0          0          0        656   mf_w.l

    ----------------------------------------------------------------------
      3932        124          0          4          0       2264   Library Totals

    ----------------------------------------------------------------------

==============================================================================


      Code (inc. data)   RO Data    RW Data    ZI Data      Debug   

    105124       6456       3324         16      63544     636510   Grand Totals
    105124       6456       3324         16      63544     636510   ELF Image Totals
    105124       6456       3324         16          0          0   ROM Totals

==============================================================================

    Total RO  Size (Code + RO Data)               108448 ( 105.91kB)
    Total RW  Size (RW Data + ZI Data)             63560 (  62.07kB)
    Total ROM Size (Code + RO Data + RW Data)     108464 ( 105.92kB)

==============================================================================

